<?xml version="1.0" encoding="ISO-8859-1" ?>
<link_info>
   <banner>MSP430 Linker Unix v21.6.1.LTS</banner>
   <copyright>Copyright (c) 2003-2018 Texas Instruments Incorporated</copyright>
   <link_time>0x662985c7</link_time>
   <link_errors>0x0</link_errors>
   <output_file>td1m_predictor.out</output_file>
   <entry_point>
      <name>_c_int00_noargs_mpu</name>
      <address>0x94ec</address>
   </entry_point>
   <input_file_list>
      <input_file id="fl-2">
         <path>./src/NoFearForDiabetes/scripts/</path>
         <kind>object</kind>
         <file>anomaly_detector.obj</file>
         <name>anomaly_detector.obj</name>
      </input_file>
      <input_file id="fl-3">
         <path>./src/NoFearForDiabetes/scripts/</path>
         <kind>object</kind>
         <file>auxiliary_functions.obj</file>
         <name>auxiliary_functions.obj</name>
      </input_file>
      <input_file id="fl-4">
         <path>./src/NoFearForDiabetes/scripts/</path>
         <kind>object</kind>
         <file>ekf.obj</file>
         <name>ekf.obj</name>
      </input_file>
      <input_file id="fl-5">
         <path>./src/NoFearForDiabetes/scripts/</path>
         <kind>object</kind>
         <file>main.obj</file>
         <name>main.obj</name>
      </input_file>
      <input_file id="fl-6">
         <path>./src/NoFearForDiabetes/scripts/</path>
         <kind>object</kind>
         <file>memory_util.obj</file>
         <name>memory_util.obj</name>
      </input_file>
      <input_file id="fl-7">
         <path>./src/NoFearForDiabetes/scripts/</path>
         <kind>object</kind>
         <file>model.obj</file>
         <name>model.obj</name>
      </input_file>
      <input_file id="fl-8">
         <path>./src/NoFearForDiabetes/scripts/</path>
         <kind>object</kind>
         <file>patient.obj</file>
         <name>patient.obj</name>
      </input_file>
      <input_file id="fl-9">
         <path>./src/NoFearForDiabetes/scripts/</path>
         <kind>object</kind>
         <file>util.obj</file>
         <name>util.obj</name>
      </input_file>
      <input_file id="fl-a">
         <path>./src/driverlib/MSP430FR5xx_6xx/</path>
         <kind>object</kind>
         <file>adc12_b.obj</file>
         <name>adc12_b.obj</name>
      </input_file>
      <input_file id="fl-b">
         <path>./src/driverlib/MSP430FR5xx_6xx/</path>
         <kind>object</kind>
         <file>aes256.obj</file>
         <name>aes256.obj</name>
      </input_file>
      <input_file id="fl-c">
         <path>./src/driverlib/MSP430FR5xx_6xx/</path>
         <kind>object</kind>
         <file>comp_e.obj</file>
         <name>comp_e.obj</name>
      </input_file>
      <input_file id="fl-d">
         <path>./src/driverlib/MSP430FR5xx_6xx/</path>
         <kind>object</kind>
         <file>crc.obj</file>
         <name>crc.obj</name>
      </input_file>
      <input_file id="fl-e">
         <path>./src/driverlib/MSP430FR5xx_6xx/</path>
         <kind>object</kind>
         <file>crc32.obj</file>
         <name>crc32.obj</name>
      </input_file>
      <input_file id="fl-f">
         <path>./src/driverlib/MSP430FR5xx_6xx/</path>
         <kind>object</kind>
         <file>cs.obj</file>
         <name>cs.obj</name>
      </input_file>
      <input_file id="fl-10">
         <path>./src/driverlib/MSP430FR5xx_6xx/</path>
         <kind>object</kind>
         <file>dma.obj</file>
         <name>dma.obj</name>
      </input_file>
      <input_file id="fl-11">
         <path>./src/driverlib/MSP430FR5xx_6xx/</path>
         <kind>object</kind>
         <file>esi.obj</file>
         <name>esi.obj</name>
      </input_file>
      <input_file id="fl-12">
         <path>./src/driverlib/MSP430FR5xx_6xx/</path>
         <kind>object</kind>
         <file>eusci_a_spi.obj</file>
         <name>eusci_a_spi.obj</name>
      </input_file>
      <input_file id="fl-13">
         <path>./src/driverlib/MSP430FR5xx_6xx/</path>
         <kind>object</kind>
         <file>eusci_a_uart.obj</file>
         <name>eusci_a_uart.obj</name>
      </input_file>
      <input_file id="fl-14">
         <path>./src/driverlib/MSP430FR5xx_6xx/</path>
         <kind>object</kind>
         <file>eusci_b_i2c.obj</file>
         <name>eusci_b_i2c.obj</name>
      </input_file>
      <input_file id="fl-15">
         <path>./src/driverlib/MSP430FR5xx_6xx/</path>
         <kind>object</kind>
         <file>eusci_b_spi.obj</file>
         <name>eusci_b_spi.obj</name>
      </input_file>
      <input_file id="fl-16">
         <path>./src/driverlib/MSP430FR5xx_6xx/</path>
         <kind>object</kind>
         <file>framctl.obj</file>
         <name>framctl.obj</name>
      </input_file>
      <input_file id="fl-17">
         <path>./src/driverlib/MSP430FR5xx_6xx/</path>
         <kind>object</kind>
         <file>framctl_a.obj</file>
         <name>framctl_a.obj</name>
      </input_file>
      <input_file id="fl-18">
         <path>./src/driverlib/MSP430FR5xx_6xx/</path>
         <kind>object</kind>
         <file>gpio.obj</file>
         <name>gpio.obj</name>
      </input_file>
      <input_file id="fl-19">
         <path>./src/driverlib/MSP430FR5xx_6xx/</path>
         <kind>object</kind>
         <file>hspll.obj</file>
         <name>hspll.obj</name>
      </input_file>
      <input_file id="fl-1a">
         <path>./src/driverlib/MSP430FR5xx_6xx/</path>
         <kind>object</kind>
         <file>lcd_c.obj</file>
         <name>lcd_c.obj</name>
      </input_file>
      <input_file id="fl-1b">
         <path>./src/driverlib/MSP430FR5xx_6xx/</path>
         <kind>object</kind>
         <file>mpu.obj</file>
         <name>mpu.obj</name>
      </input_file>
      <input_file id="fl-1c">
         <path>./src/driverlib/MSP430FR5xx_6xx/</path>
         <kind>object</kind>
         <file>mpy32.obj</file>
         <name>mpy32.obj</name>
      </input_file>
      <input_file id="fl-1d">
         <path>./src/driverlib/MSP430FR5xx_6xx/</path>
         <kind>object</kind>
         <file>mtif.obj</file>
         <name>mtif.obj</name>
      </input_file>
      <input_file id="fl-1e">
         <path>./src/driverlib/MSP430FR5xx_6xx/</path>
         <kind>object</kind>
         <file>pmm.obj</file>
         <name>pmm.obj</name>
      </input_file>
      <input_file id="fl-1f">
         <path>./src/driverlib/MSP430FR5xx_6xx/</path>
         <kind>object</kind>
         <file>ram.obj</file>
         <name>ram.obj</name>
      </input_file>
      <input_file id="fl-20">
         <path>./src/driverlib/MSP430FR5xx_6xx/</path>
         <kind>object</kind>
         <file>ref_a.obj</file>
         <name>ref_a.obj</name>
      </input_file>
      <input_file id="fl-21">
         <path>./src/driverlib/MSP430FR5xx_6xx/</path>
         <kind>object</kind>
         <file>rtc_b.obj</file>
         <name>rtc_b.obj</name>
      </input_file>
      <input_file id="fl-22">
         <path>./src/driverlib/MSP430FR5xx_6xx/</path>
         <kind>object</kind>
         <file>rtc_c.obj</file>
         <name>rtc_c.obj</name>
      </input_file>
      <input_file id="fl-23">
         <path>./src/driverlib/MSP430FR5xx_6xx/</path>
         <kind>object</kind>
         <file>saph.obj</file>
         <name>saph.obj</name>
      </input_file>
      <input_file id="fl-24">
         <path>./src/driverlib/MSP430FR5xx_6xx/</path>
         <kind>object</kind>
         <file>sdhs.obj</file>
         <name>sdhs.obj</name>
      </input_file>
      <input_file id="fl-25">
         <path>./src/driverlib/MSP430FR5xx_6xx/</path>
         <kind>object</kind>
         <file>sfr.obj</file>
         <name>sfr.obj</name>
      </input_file>
      <input_file id="fl-26">
         <path>./src/driverlib/MSP430FR5xx_6xx/</path>
         <kind>object</kind>
         <file>sysctl.obj</file>
         <name>sysctl.obj</name>
      </input_file>
      <input_file id="fl-27">
         <path>./src/driverlib/MSP430FR5xx_6xx/</path>
         <kind>object</kind>
         <file>timer_a.obj</file>
         <name>timer_a.obj</name>
      </input_file>
      <input_file id="fl-28">
         <path>./src/driverlib/MSP430FR5xx_6xx/</path>
         <kind>object</kind>
         <file>timer_b.obj</file>
         <name>timer_b.obj</name>
      </input_file>
      <input_file id="fl-29">
         <path>./src/driverlib/MSP430FR5xx_6xx/</path>
         <kind>object</kind>
         <file>tlv.obj</file>
         <name>tlv.obj</name>
      </input_file>
      <input_file id="fl-2a">
         <path>./src/driverlib/MSP430FR5xx_6xx/</path>
         <kind>object</kind>
         <file>uups.obj</file>
         <name>uups.obj</name>
      </input_file>
      <input_file id="fl-2b">
         <path>./src/driverlib/MSP430FR5xx_6xx/</path>
         <kind>object</kind>
         <file>wdt_a.obj</file>
         <name>wdt_a.obj</name>
      </input_file>
      <input_file id="fl-32">
         <kind>object</kind>
         <file>&lt;internal&gt;</file>
         <name>&lt;internal&gt;</name>
      </input_file>
      <input_file id="fl-52">
         <path>/Applications/ti/ccs1250/ccs/tools/compiler/ti-cgt-msp430_21.6.1.LTS/lib/</path>
         <kind>archive</kind>
         <file>rts430x_lc_rd_eabi.lib</file>
         <name>copy_decompress_lzss.c.obj</name>
      </input_file>
      <input_file id="fl-53">
         <path>/Applications/ti/ccs1250/ccs/tools/compiler/ti-cgt-msp430_21.6.1.LTS/lib/</path>
         <kind>archive</kind>
         <file>rts430x_lc_rd_eabi.lib</file>
         <name>copy_decompress_none.c.obj</name>
      </input_file>
      <input_file id="fl-54">
         <path>/Applications/ti/ccs1250/ccs/tools/compiler/ti-cgt-msp430_21.6.1.LTS/lib/</path>
         <kind>archive</kind>
         <file>rts430x_lc_rd_eabi.lib</file>
         <name>int18.asm.obj</name>
      </input_file>
      <input_file id="fl-55">
         <path>/Applications/ti/ccs1250/ccs/tools/compiler/ti-cgt-msp430_21.6.1.LTS/lib/</path>
         <kind>archive</kind>
         <file>rts430x_lc_rd_eabi.lib</file>
         <name>isr_trap.asm.obj</name>
      </input_file>
      <input_file id="fl-56">
         <path>/Applications/ti/ccs1250/ccs/tools/compiler/ti-cgt-msp430_21.6.1.LTS/lib/</path>
         <kind>archive</kind>
         <file>rts430x_lc_rd_eabi.lib</file>
         <name>int19.asm.obj</name>
      </input_file>
      <input_file id="fl-57">
         <path>/Applications/ti/ccs1250/ccs/tools/compiler/ti-cgt-msp430_21.6.1.LTS/lib/</path>
         <kind>archive</kind>
         <file>rts430x_lc_rd_eabi.lib</file>
         <name>int20.asm.obj</name>
      </input_file>
      <input_file id="fl-58">
         <path>/Applications/ti/ccs1250/ccs/tools/compiler/ti-cgt-msp430_21.6.1.LTS/lib/</path>
         <kind>archive</kind>
         <file>rts430x_lc_rd_eabi.lib</file>
         <name>int21.asm.obj</name>
      </input_file>
      <input_file id="fl-59">
         <path>/Applications/ti/ccs1250/ccs/tools/compiler/ti-cgt-msp430_21.6.1.LTS/lib/</path>
         <kind>archive</kind>
         <file>rts430x_lc_rd_eabi.lib</file>
         <name>int22.asm.obj</name>
      </input_file>
      <input_file id="fl-5a">
         <path>/Applications/ti/ccs1250/ccs/tools/compiler/ti-cgt-msp430_21.6.1.LTS/lib/</path>
         <kind>archive</kind>
         <file>rts430x_lc_rd_eabi.lib</file>
         <name>int23.asm.obj</name>
      </input_file>
      <input_file id="fl-5b">
         <path>/Applications/ti/ccs1250/ccs/tools/compiler/ti-cgt-msp430_21.6.1.LTS/lib/</path>
         <kind>archive</kind>
         <file>rts430x_lc_rd_eabi.lib</file>
         <name>int24.asm.obj</name>
      </input_file>
      <input_file id="fl-5c">
         <path>/Applications/ti/ccs1250/ccs/tools/compiler/ti-cgt-msp430_21.6.1.LTS/lib/</path>
         <kind>archive</kind>
         <file>rts430x_lc_rd_eabi.lib</file>
         <name>int25.asm.obj</name>
      </input_file>
      <input_file id="fl-5d">
         <path>/Applications/ti/ccs1250/ccs/tools/compiler/ti-cgt-msp430_21.6.1.LTS/lib/</path>
         <kind>archive</kind>
         <file>rts430x_lc_rd_eabi.lib</file>
         <name>int26.asm.obj</name>
      </input_file>
      <input_file id="fl-5e">
         <path>/Applications/ti/ccs1250/ccs/tools/compiler/ti-cgt-msp430_21.6.1.LTS/lib/</path>
         <kind>archive</kind>
         <file>rts430x_lc_rd_eabi.lib</file>
         <name>int27.asm.obj</name>
      </input_file>
      <input_file id="fl-5f">
         <path>/Applications/ti/ccs1250/ccs/tools/compiler/ti-cgt-msp430_21.6.1.LTS/lib/</path>
         <kind>archive</kind>
         <file>rts430x_lc_rd_eabi.lib</file>
         <name>int28.asm.obj</name>
      </input_file>
      <input_file id="fl-60">
         <path>/Applications/ti/ccs1250/ccs/tools/compiler/ti-cgt-msp430_21.6.1.LTS/lib/</path>
         <kind>archive</kind>
         <file>rts430x_lc_rd_eabi.lib</file>
         <name>int29.asm.obj</name>
      </input_file>
      <input_file id="fl-61">
         <path>/Applications/ti/ccs1250/ccs/tools/compiler/ti-cgt-msp430_21.6.1.LTS/lib/</path>
         <kind>archive</kind>
         <file>rts430x_lc_rd_eabi.lib</file>
         <name>int30.asm.obj</name>
      </input_file>
      <input_file id="fl-62">
         <path>/Applications/ti/ccs1250/ccs/tools/compiler/ti-cgt-msp430_21.6.1.LTS/lib/</path>
         <kind>archive</kind>
         <file>rts430x_lc_rd_eabi.lib</file>
         <name>int31.asm.obj</name>
      </input_file>
      <input_file id="fl-63">
         <path>/Applications/ti/ccs1250/ccs/tools/compiler/ti-cgt-msp430_21.6.1.LTS/lib/</path>
         <kind>archive</kind>
         <file>rts430x_lc_rd_eabi.lib</file>
         <name>int32.asm.obj</name>
      </input_file>
      <input_file id="fl-64">
         <path>/Applications/ti/ccs1250/ccs/tools/compiler/ti-cgt-msp430_21.6.1.LTS/lib/</path>
         <kind>archive</kind>
         <file>rts430x_lc_rd_eabi.lib</file>
         <name>int33.asm.obj</name>
      </input_file>
      <input_file id="fl-65">
         <path>/Applications/ti/ccs1250/ccs/tools/compiler/ti-cgt-msp430_21.6.1.LTS/lib/</path>
         <kind>archive</kind>
         <file>rts430x_lc_rd_eabi.lib</file>
         <name>int34.asm.obj</name>
      </input_file>
      <input_file id="fl-66">
         <path>/Applications/ti/ccs1250/ccs/tools/compiler/ti-cgt-msp430_21.6.1.LTS/lib/</path>
         <kind>archive</kind>
         <file>rts430x_lc_rd_eabi.lib</file>
         <name>int35.asm.obj</name>
      </input_file>
      <input_file id="fl-67">
         <path>/Applications/ti/ccs1250/ccs/tools/compiler/ti-cgt-msp430_21.6.1.LTS/lib/</path>
         <kind>archive</kind>
         <file>rts430x_lc_rd_eabi.lib</file>
         <name>int36.asm.obj</name>
      </input_file>
      <input_file id="fl-68">
         <path>/Applications/ti/ccs1250/ccs/tools/compiler/ti-cgt-msp430_21.6.1.LTS/lib/</path>
         <kind>archive</kind>
         <file>rts430x_lc_rd_eabi.lib</file>
         <name>int37.asm.obj</name>
      </input_file>
      <input_file id="fl-69">
         <path>/Applications/ti/ccs1250/ccs/tools/compiler/ti-cgt-msp430_21.6.1.LTS/lib/</path>
         <kind>archive</kind>
         <file>rts430x_lc_rd_eabi.lib</file>
         <name>int38.asm.obj</name>
      </input_file>
      <input_file id="fl-6a">
         <path>/Applications/ti/ccs1250/ccs/tools/compiler/ti-cgt-msp430_21.6.1.LTS/lib/</path>
         <kind>archive</kind>
         <file>rts430x_lc_rd_eabi.lib</file>
         <name>int39.asm.obj</name>
      </input_file>
      <input_file id="fl-6b">
         <path>/Applications/ti/ccs1250/ccs/tools/compiler/ti-cgt-msp430_21.6.1.LTS/lib/</path>
         <kind>archive</kind>
         <file>rts430x_lc_rd_eabi.lib</file>
         <name>int40.asm.obj</name>
      </input_file>
      <input_file id="fl-6c">
         <path>/Applications/ti/ccs1250/ccs/tools/compiler/ti-cgt-msp430_21.6.1.LTS/lib/</path>
         <kind>archive</kind>
         <file>rts430x_lc_rd_eabi.lib</file>
         <name>int41.asm.obj</name>
      </input_file>
      <input_file id="fl-6d">
         <path>/Applications/ti/ccs1250/ccs/tools/compiler/ti-cgt-msp430_21.6.1.LTS/lib/</path>
         <kind>archive</kind>
         <file>rts430x_lc_rd_eabi.lib</file>
         <name>int42.asm.obj</name>
      </input_file>
      <input_file id="fl-6e">
         <path>/Applications/ti/ccs1250/ccs/tools/compiler/ti-cgt-msp430_21.6.1.LTS/lib/</path>
         <kind>archive</kind>
         <file>rts430x_lc_rd_eabi.lib</file>
         <name>int43.asm.obj</name>
      </input_file>
      <input_file id="fl-6f">
         <path>/Applications/ti/ccs1250/ccs/tools/compiler/ti-cgt-msp430_21.6.1.LTS/lib/</path>
         <kind>archive</kind>
         <file>rts430x_lc_rd_eabi.lib</file>
         <name>int44.asm.obj</name>
      </input_file>
      <input_file id="fl-70">
         <path>/Applications/ti/ccs1250/ccs/tools/compiler/ti-cgt-msp430_21.6.1.LTS/lib/</path>
         <kind>archive</kind>
         <file>rts430x_lc_rd_eabi.lib</file>
         <name>int46.asm.obj</name>
      </input_file>
      <input_file id="fl-71">
         <path>/Applications/ti/ccs1250/ccs/tools/compiler/ti-cgt-msp430_21.6.1.LTS/lib/</path>
         <kind>archive</kind>
         <file>rts430x_lc_rd_eabi.lib</file>
         <name>int47.asm.obj</name>
      </input_file>
      <input_file id="fl-72">
         <path>/Applications/ti/ccs1250/ccs/tools/compiler/ti-cgt-msp430_21.6.1.LTS/lib/</path>
         <kind>archive</kind>
         <file>rts430x_lc_rd_eabi.lib</file>
         <name>int48.asm.obj</name>
      </input_file>
      <input_file id="fl-73">
         <path>/Applications/ti/ccs1250/ccs/tools/compiler/ti-cgt-msp430_21.6.1.LTS/lib/</path>
         <kind>archive</kind>
         <file>rts430x_lc_rd_eabi.lib</file>
         <name>int49.asm.obj</name>
      </input_file>
      <input_file id="fl-74">
         <path>/Applications/ti/ccs1250/ccs/tools/compiler/ti-cgt-msp430_21.6.1.LTS/lib/</path>
         <kind>archive</kind>
         <file>rts430x_lc_rd_eabi.lib</file>
         <name>int50.asm.obj</name>
      </input_file>
      <input_file id="fl-75">
         <path>/Applications/ti/ccs1250/ccs/tools/compiler/ti-cgt-msp430_21.6.1.LTS/lib/</path>
         <kind>archive</kind>
         <file>rts430x_lc_rd_eabi.lib</file>
         <name>int51.asm.obj</name>
      </input_file>
      <input_file id="fl-76">
         <path>/Applications/ti/ccs1250/ccs/tools/compiler/ti-cgt-msp430_21.6.1.LTS/lib/</path>
         <kind>archive</kind>
         <file>rts430x_lc_rd_eabi.lib</file>
         <name>int52.asm.obj</name>
      </input_file>
      <input_file id="fl-77">
         <path>/Applications/ti/ccs1250/ccs/tools/compiler/ti-cgt-msp430_21.6.1.LTS/lib/</path>
         <kind>archive</kind>
         <file>rts430x_lc_rd_eabi.lib</file>
         <name>int53.asm.obj</name>
      </input_file>
      <input_file id="fl-78">
         <path>/Applications/ti/ccs1250/ccs/tools/compiler/ti-cgt-msp430_21.6.1.LTS/lib/</path>
         <kind>archive</kind>
         <file>rts430x_lc_rd_eabi.lib</file>
         <name>int54.asm.obj</name>
      </input_file>
      <input_file id="fl-79">
         <path>/Applications/ti/ccs1250/ccs/tools/compiler/ti-cgt-msp430_21.6.1.LTS/lib/</path>
         <kind>archive</kind>
         <file>rts430x_lc_rd_eabi.lib</file>
         <name>copy_zero_init.c.obj</name>
      </input_file>
      <input_file id="fl-7a">
         <path>/Applications/ti/ccs1250/ccs/tools/compiler/ti-cgt-msp430_21.6.1.LTS/lib/</path>
         <kind>archive</kind>
         <file>rts430x_lc_rd_eabi.lib</file>
         <name>addd.c.obj</name>
      </input_file>
      <input_file id="fl-7b">
         <path>/Applications/ti/ccs1250/ccs/tools/compiler/ti-cgt-msp430_21.6.1.LTS/lib/</path>
         <kind>archive</kind>
         <file>rts430x_lc_rd_eabi.lib</file>
         <name>fs_add.asm.obj</name>
      </input_file>
      <input_file id="fl-7c">
         <path>/Applications/ti/ccs1250/ccs/tools/compiler/ti-cgt-msp430_21.6.1.LTS/lib/</path>
         <kind>archive</kind>
         <file>rts430x_lc_rd_eabi.lib</file>
         <name>cmpd.c.obj</name>
      </input_file>
      <input_file id="fl-7d">
         <path>/Applications/ti/ccs1250/ccs/tools/compiler/ti-cgt-msp430_21.6.1.LTS/lib/</path>
         <kind>archive</kind>
         <file>rts430x_lc_rd_eabi.lib</file>
         <name>fs_cmp.asm.obj</name>
      </input_file>
      <input_file id="fl-7e">
         <path>/Applications/ti/ccs1250/ccs/tools/compiler/ti-cgt-msp430_21.6.1.LTS/lib/</path>
         <kind>archive</kind>
         <file>rts430x_lc_rd_eabi.lib</file>
         <name>cvtdf.c.obj</name>
      </input_file>
      <input_file id="fl-7f">
         <path>/Applications/ti/ccs1250/ccs/tools/compiler/ti-cgt-msp430_21.6.1.LTS/lib/</path>
         <kind>archive</kind>
         <file>rts430x_lc_rd_eabi.lib</file>
         <name>cvtfd.c.obj</name>
      </input_file>
      <input_file id="fl-80">
         <path>/Applications/ti/ccs1250/ccs/tools/compiler/ti-cgt-msp430_21.6.1.LTS/lib/</path>
         <kind>archive</kind>
         <file>rts430x_lc_rd_eabi.lib</file>
         <name>divd.c.obj</name>
      </input_file>
      <input_file id="fl-81">
         <path>/Applications/ti/ccs1250/ccs/tools/compiler/ti-cgt-msp430_21.6.1.LTS/lib/</path>
         <kind>archive</kind>
         <file>rts430x_lc_rd_eabi.lib</file>
         <name>frcdivd.c.obj</name>
      </input_file>
      <input_file id="fl-82">
         <path>/Applications/ti/ccs1250/ccs/tools/compiler/ti-cgt-msp430_21.6.1.LTS/lib/</path>
         <kind>archive</kind>
         <file>rts430x_lc_rd_eabi.lib</file>
         <name>fs_div.asm.obj</name>
      </input_file>
      <input_file id="fl-83">
         <path>/Applications/ti/ccs1250/ccs/tools/compiler/ti-cgt-msp430_21.6.1.LTS/lib/</path>
         <kind>archive</kind>
         <file>rts430x_lc_rd_eabi.lib</file>
         <name>div16s.asm.obj</name>
      </input_file>
      <input_file id="fl-84">
         <path>/Applications/ti/ccs1250/ccs/tools/compiler/ti-cgt-msp430_21.6.1.LTS/lib/</path>
         <kind>archive</kind>
         <file>rts430x_lc_rd_eabi.lib</file>
         <name>div32s.asm.obj</name>
      </input_file>
      <input_file id="fl-85">
         <path>/Applications/ti/ccs1250/ccs/tools/compiler/ti-cgt-msp430_21.6.1.LTS/lib/</path>
         <kind>archive</kind>
         <file>rts430x_lc_rd_eabi.lib</file>
         <name>div16u.asm.obj</name>
      </input_file>
      <input_file id="fl-86">
         <path>/Applications/ti/ccs1250/ccs/tools/compiler/ti-cgt-msp430_21.6.1.LTS/lib/</path>
         <kind>archive</kind>
         <file>rts430x_lc_rd_eabi.lib</file>
         <name>div32u.asm.obj</name>
      </input_file>
      <input_file id="fl-87">
         <path>/Applications/ti/ccs1250/ccs/tools/compiler/ti-cgt-msp430_21.6.1.LTS/lib/</path>
         <kind>archive</kind>
         <file>rts430x_lc_rd_eabi.lib</file>
         <name>fs_toi.asm.obj</name>
      </input_file>
      <input_file id="fl-88">
         <path>/Applications/ti/ccs1250/ccs/tools/compiler/ti-cgt-msp430_21.6.1.LTS/lib/</path>
         <kind>archive</kind>
         <file>rts430x_lc_rd_eabi.lib</file>
         <name>fltid.c.obj</name>
      </input_file>
      <input_file id="fl-89">
         <path>/Applications/ti/ccs1250/ccs/tools/compiler/ti-cgt-msp430_21.6.1.LTS/lib/</path>
         <kind>archive</kind>
         <file>rts430x_lc_rd_eabi.lib</file>
         <name>fltlid.c.obj</name>
      </input_file>
      <input_file id="fl-8a">
         <path>/Applications/ti/ccs1250/ccs/tools/compiler/ti-cgt-msp430_21.6.1.LTS/lib/</path>
         <kind>archive</kind>
         <file>rts430x_lc_rd_eabi.lib</file>
         <name>fs_ltof.asm.obj</name>
      </input_file>
      <input_file id="fl-8b">
         <path>/Applications/ti/ccs1250/ccs/tools/compiler/ti-cgt-msp430_21.6.1.LTS/lib/</path>
         <kind>archive</kind>
         <file>rts430x_lc_rd_eabi.lib</file>
         <name>mpyd.c.obj</name>
      </input_file>
      <input_file id="fl-8c">
         <path>/Applications/ti/ccs1250/ccs/tools/compiler/ti-cgt-msp430_21.6.1.LTS/lib/</path>
         <kind>archive</kind>
         <file>rts430x_lc_rd_eabi.lib</file>
         <name>frcmpyd.c.obj</name>
      </input_file>
      <input_file id="fl-8d">
         <path>/Applications/ti/ccs1250/ccs/tools/compiler/ti-cgt-msp430_21.6.1.LTS/lib/</path>
         <kind>archive</kind>
         <file>rts430x_lc_rd_eabi.lib</file>
         <name>fs_mpy.asm.obj</name>
      </input_file>
      <input_file id="fl-8e">
         <path>/Applications/ti/ccs1250/ccs/tools/compiler/ti-cgt-msp430_21.6.1.LTS/lib/</path>
         <kind>archive</kind>
         <file>rts430x_lc_rd_eabi.lib</file>
         <name>mult16.asm.obj</name>
      </input_file>
      <input_file id="fl-8f">
         <path>/Applications/ti/ccs1250/ccs/tools/compiler/ti-cgt-msp430_21.6.1.LTS/lib/</path>
         <kind>archive</kind>
         <file>rts430x_lc_rd_eabi.lib</file>
         <name>mult16_f5hw.asm.obj</name>
      </input_file>
      <input_file id="fl-90">
         <path>/Applications/ti/ccs1250/ccs/tools/compiler/ti-cgt-msp430_21.6.1.LTS/lib/</path>
         <kind>archive</kind>
         <file>rts430x_lc_rd_eabi.lib</file>
         <name>mult32.asm.obj</name>
      </input_file>
      <input_file id="fl-91">
         <path>/Applications/ti/ccs1250/ccs/tools/compiler/ti-cgt-msp430_21.6.1.LTS/lib/</path>
         <kind>archive</kind>
         <file>rts430x_lc_rd_eabi.lib</file>
         <name>mult32_f5hw.asm.obj</name>
      </input_file>
      <input_file id="fl-92">
         <path>/Applications/ti/ccs1250/ccs/tools/compiler/ti-cgt-msp430_21.6.1.LTS/lib/</path>
         <kind>archive</kind>
         <file>rts430x_lc_rd_eabi.lib</file>
         <name>mult64.asm.obj</name>
      </input_file>
      <input_file id="fl-93">
         <path>/Applications/ti/ccs1250/ccs/tools/compiler/ti-cgt-msp430_21.6.1.LTS/lib/</path>
         <kind>archive</kind>
         <file>rts430x_lc_rd_eabi.lib</file>
         <name>mult64_f5hw.asm.obj</name>
      </input_file>
      <input_file id="fl-94">
         <path>/Applications/ti/ccs1250/ccs/tools/compiler/ti-cgt-msp430_21.6.1.LTS/lib/</path>
         <kind>archive</kind>
         <file>rts430x_lc_rd_eabi.lib</file>
         <name>mult1632_f5hw.asm.obj</name>
      </input_file>
      <input_file id="fl-95">
         <path>/Applications/ti/ccs1250/ccs/tools/compiler/ti-cgt-msp430_21.6.1.LTS/lib/</path>
         <kind>archive</kind>
         <file>rts430x_lc_rd_eabi.lib</file>
         <name>mult3264_f5hw.asm.obj</name>
      </input_file>
      <input_file id="fl-96">
         <path>/Applications/ti/ccs1250/ccs/tools/compiler/ti-cgt-msp430_21.6.1.LTS/lib/</path>
         <kind>archive</kind>
         <file>rts430x_lc_rd_eabi.lib</file>
         <name>mult1632.asm.obj</name>
      </input_file>
      <input_file id="fl-97">
         <path>/Applications/ti/ccs1250/ccs/tools/compiler/ti-cgt-msp430_21.6.1.LTS/lib/</path>
         <kind>archive</kind>
         <file>rts430x_lc_rd_eabi.lib</file>
         <name>mult3264.asm.obj</name>
      </input_file>
      <input_file id="fl-98">
         <path>/Applications/ti/ccs1250/ccs/tools/compiler/ti-cgt-msp430_21.6.1.LTS/lib/</path>
         <kind>archive</kind>
         <file>rts430x_lc_rd_eabi.lib</file>
         <name>fs_neg.asm.obj</name>
      </input_file>
      <input_file id="fl-99">
         <path>/Applications/ti/ccs1250/ccs/tools/compiler/ti-cgt-msp430_21.6.1.LTS/lib/</path>
         <kind>archive</kind>
         <file>rts430x_lc_rd_eabi.lib</file>
         <name>lsl16.asm.obj</name>
      </input_file>
      <input_file id="fl-9a">
         <path>/Applications/ti/ccs1250/ccs/tools/compiler/ti-cgt-msp430_21.6.1.LTS/lib/</path>
         <kind>archive</kind>
         <file>rts430x_lc_rd_eabi.lib</file>
         <name>lsl32.asm.obj</name>
      </input_file>
      <input_file id="fl-9b">
         <path>/Applications/ti/ccs1250/ccs/tools/compiler/ti-cgt-msp430_21.6.1.LTS/lib/</path>
         <kind>archive</kind>
         <file>rts430x_lc_rd_eabi.lib</file>
         <name>lsl64.c.obj</name>
      </input_file>
      <input_file id="fl-9c">
         <path>/Applications/ti/ccs1250/ccs/tools/compiler/ti-cgt-msp430_21.6.1.LTS/lib/</path>
         <kind>archive</kind>
         <file>rts430x_lc_rd_eabi.lib</file>
         <name>asr16.asm.obj</name>
      </input_file>
      <input_file id="fl-9d">
         <path>/Applications/ti/ccs1250/ccs/tools/compiler/ti-cgt-msp430_21.6.1.LTS/lib/</path>
         <kind>archive</kind>
         <file>rts430x_lc_rd_eabi.lib</file>
         <name>asr32.asm.obj</name>
      </input_file>
      <input_file id="fl-9e">
         <path>/Applications/ti/ccs1250/ccs/tools/compiler/ti-cgt-msp430_21.6.1.LTS/lib/</path>
         <kind>archive</kind>
         <file>rts430x_lc_rd_eabi.lib</file>
         <name>asr64.c.obj</name>
      </input_file>
      <input_file id="fl-9f">
         <path>/Applications/ti/ccs1250/ccs/tools/compiler/ti-cgt-msp430_21.6.1.LTS/lib/</path>
         <kind>archive</kind>
         <file>rts430x_lc_rd_eabi.lib</file>
         <name>lsr32.asm.obj</name>
      </input_file>
      <input_file id="fl-a0">
         <path>/Applications/ti/ccs1250/ccs/tools/compiler/ti-cgt-msp430_21.6.1.LTS/lib/</path>
         <kind>archive</kind>
         <file>rts430x_lc_rd_eabi.lib</file>
         <name>lsr64.c.obj</name>
      </input_file>
      <input_file id="fl-a1">
         <path>/Applications/ti/ccs1250/ccs/tools/compiler/ti-cgt-msp430_21.6.1.LTS/lib/</path>
         <kind>archive</kind>
         <file>rts430x_lc_rd_eabi.lib</file>
         <name>subd.c.obj</name>
      </input_file>
      <input_file id="fl-a2">
         <path>/Applications/ti/ccs1250/ccs/tools/compiler/ti-cgt-msp430_21.6.1.LTS/lib/</path>
         <kind>archive</kind>
         <file>rts430x_lc_rd_eabi.lib</file>
         <name>boot.c.obj</name>
      </input_file>
      <input_file id="fl-a3">
         <path>/Applications/ti/ccs1250/ccs/ccs_base/msp430/lib/FR59xx/</path>
         <kind>archive</kind>
         <file>MSPMPU_INIT_LIB_CCS_msp430_large_code_restricted_data.lib</file>
         <name>mpu_init.o</name>
      </input_file>
      <input_file id="fl-a4">
         <path>/Applications/ti/ccs1250/ccs/tools/compiler/ti-cgt-msp430_21.6.1.LTS/lib/</path>
         <kind>archive</kind>
         <file>rts430x_lc_rd_eabi.lib</file>
         <name>args_main.c.obj</name>
      </input_file>
      <input_file id="fl-a5">
         <path>/Applications/ti/ccs1250/ccs/tools/compiler/ti-cgt-msp430_21.6.1.LTS/lib/</path>
         <kind>archive</kind>
         <file>rts430x_lc_rd_eabi.lib</file>
         <name>autoinit.c.obj</name>
      </input_file>
      <input_file id="fl-a6">
         <path>/Applications/ti/ccs1250/ccs/tools/compiler/ti-cgt-msp430_21.6.1.LTS/lib/</path>
         <kind>archive</kind>
         <file>rts430x_lc_rd_eabi.lib</file>
         <name>startup.c.obj</name>
      </input_file>
      <input_file id="fl-a7">
         <path>/Applications/ti/ccs1250/ccs/tools/compiler/ti-cgt-msp430_21.6.1.LTS/lib/</path>
         <kind>archive</kind>
         <file>rts430x_lc_rd_eabi.lib</file>
         <name>pre_init.c.obj</name>
      </input_file>
      <input_file id="fl-a8">
         <path>/Applications/ti/ccs1250/ccs/tools/compiler/ti-cgt-msp430_21.6.1.LTS/lib/</path>
         <kind>archive</kind>
         <file>rts430x_lc_rd_eabi.lib</file>
         <name>abs.c.obj</name>
      </input_file>
      <input_file id="fl-a9">
         <path>/Applications/ti/ccs1250/ccs/tools/compiler/ti-cgt-msp430_21.6.1.LTS/lib/</path>
         <kind>archive</kind>
         <file>rts430x_lc_rd_eabi.lib</file>
         <name>cpy_tbl.c.obj</name>
      </input_file>
      <input_file id="fl-aa">
         <path>/Applications/ti/ccs1250/ccs/tools/compiler/ti-cgt-msp430_21.6.1.LTS/lib/</path>
         <kind>archive</kind>
         <file>rts430x_lc_rd_eabi.lib</file>
         <name>exit.c.obj</name>
      </input_file>
      <input_file id="fl-ab">
         <path>/Applications/ti/ccs1250/ccs/tools/compiler/ti-cgt-msp430_21.6.1.LTS/lib/</path>
         <kind>archive</kind>
         <file>rts430x_lc_rd_eabi.lib</file>
         <name>exit_gvars.c.obj</name>
      </input_file>
      <input_file id="fl-ac">
         <path>/Applications/ti/ccs1250/ccs/tools/compiler/ti-cgt-msp430_21.6.1.LTS/lib/</path>
         <kind>archive</kind>
         <file>rts430x_lc_rd_eabi.lib</file>
         <name>_lock.c.obj</name>
      </input_file>
      <input_file id="fl-ad">
         <path>/Applications/ti/ccs1250/ccs/tools/compiler/ti-cgt-msp430_21.6.1.LTS/lib/</path>
         <kind>archive</kind>
         <file>rts430x_lc_rd_eabi.lib</file>
         <name>memcpy.c.obj</name>
      </input_file>
      <input_file id="fl-ae">
         <path>/Applications/ti/ccs1250/ccs/tools/compiler/ti-cgt-msp430_21.6.1.LTS/lib/</path>
         <kind>archive</kind>
         <file>rts430x_lc_rd_eabi.lib</file>
         <name>s_tanh.c.obj</name>
      </input_file>
      <input_file id="fl-af">
         <path>/Applications/ti/ccs1250/ccs/tools/compiler/ti-cgt-msp430_21.6.1.LTS/lib/</path>
         <kind>archive</kind>
         <file>rts430x_lc_rd_eabi.lib</file>
         <name>negd.c.obj</name>
      </input_file>
      <input_file id="fl-b0">
         <path>/Applications/ti/ccs1250/ccs/tools/compiler/ti-cgt-msp430_21.6.1.LTS/lib/</path>
         <kind>archive</kind>
         <file>rts430x_lc_rd_eabi.lib</file>
         <name>s_expm1.c.obj</name>
      </input_file>
      <input_file id="fl-b1">
         <path>/Applications/ti/ccs1250/ccs/tools/compiler/ti-cgt-msp430_21.6.1.LTS/lib/</path>
         <kind>archive</kind>
         <file>rts430x_lc_rd_eabi.lib</file>
         <name>fixdli.c.obj</name>
      </input_file>
      <input_file id="fl-b2">
         <path>/Applications/ti/ccs1250/ccs/tools/compiler/ti-cgt-msp430_21.6.1.LTS/lib/</path>
         <kind>archive</kind>
         <file>rts430x_lc_rd_eabi.lib</file>
         <name>errno.c.obj</name>
      </input_file>
   </input_file_list>
   <object_component_list>
      <object_component id="oc-79e">
         <name>.TI.persistent:P</name>
         <load_address>0x10000</load_address>
         <run_address>0x10000</run_address>
         <size>0x2a4</size>
         <input_file_ref idref="fl-5"/>
      </object_component>
      <object_component id="oc-91c">
         <name>.TI.persistent:mA</name>
         <load_address>0x102a4</load_address>
         <run_address>0x102a4</run_address>
         <size>0x2a4</size>
         <input_file_ref idref="fl-7"/>
      </object_component>
      <object_component id="oc-8c0">
         <name>.TI.persistent:mQ</name>
         <load_address>0x10548</load_address>
         <run_address>0x10548</run_address>
         <size>0x2a4</size>
         <input_file_ref idref="fl-4"/>
      </object_component>
      <object_component id="oc-854">
         <name>.TI.persistent:params</name>
         <load_address>0x107ec</load_address>
         <run_address>0x107ec</run_address>
         <size>0xb8</size>
         <input_file_ref idref="fl-7"/>
      </object_component>
      <object_component id="oc-967">
         <name>.TI.persistent:mB</name>
         <load_address>0x108a4</load_address>
         <run_address>0x108a4</run_address>
         <size>0x68</size>
         <input_file_ref idref="fl-7"/>
      </object_component>
      <object_component id="oc-964">
         <name>.TI.persistent:mD</name>
         <load_address>0x1090c</load_address>
         <run_address>0x1090c</run_address>
         <size>0x34</size>
         <input_file_ref idref="fl-7"/>
      </object_component>
      <object_component id="oc-86f">
         <name>.TI.persistent:mH</name>
         <load_address>0x10940</load_address>
         <run_address>0x10940</run_address>
         <size>0x34</size>
         <input_file_ref idref="fl-4"/>
      </object_component>
      <object_component id="oc-792">
         <name>.TI.persistent:x</name>
         <load_address>0x10974</load_address>
         <run_address>0x10974</run_address>
         <size>0x34</size>
         <input_file_ref idref="fl-5"/>
      </object_component>
      <object_component id="oc-79b">
         <name>.TI.persistent:y</name>
         <load_address>0x109a8</load_address>
         <run_address>0x109a8</run_address>
         <size>0x18</size>
         <input_file_ref idref="fl-5"/>
      </object_component>
      <object_component id="oc-7a1">
         <name>.TI.persistent:u</name>
         <load_address>0x109c0</load_address>
         <run_address>0x109c0</run_address>
         <size>0x8</size>
         <input_file_ref idref="fl-5"/>
      </object_component>
      <object_component id="oc-86c">
         <name>.TI.persistent</name>
         <load_address>0x109c8</load_address>
         <run_address>0x109c8</run_address>
         <size>0x4</size>
         <input_file_ref idref="fl-4"/>
      </object_component>
      <object_component id="oc-733">
         <name>.TI.persistent</name>
         <load_address>0x109cc</load_address>
         <run_address>0x109cc</run_address>
         <size>0x4</size>
         <input_file_ref idref="fl-5"/>
      </object_component>
      <object_component id="oc-b1b">
         <name>__TI_handler_table</name>
         <load_address>0x9514</load_address>
         <run_address>0x9514</run_address>
         <size>0x8</size>
      </object_component>
      <object_component id="oc-b1d">
         <name>.cinit..data.load</name>
         <load_address>0x951c</load_address>
         <run_address>0x951c</run_address>
         <size>0x6</size>
      </object_component>
      <object_component id="oc-b1c">
         <name>__TI_cinit_table</name>
         <load_address>0x9522</load_address>
         <run_address>0x9522</run_address>
         <size>0x8</size>
      </object_component>
      <object_component id="oc-aae">
         <name>.binit</name>
         <load_address>0x4000</load_address>
         <run_address>0x4000</run_address>
         <size>0x0</size>
      </object_component>
      <object_component id="oc-6df">
         <name>.text:_isr:Timer_A0_ISR</name>
         <load_address>0x94aa</load_address>
         <run_address>0x94aa</run_address>
         <size>0x42</size>
         <input_file_ref idref="fl-5"/>
      </object_component>
      <object_component id="oc-70f">
         <name>.text:_isr:_c_int00_noargs_mpu</name>
         <load_address>0x94ec</load_address>
         <run_address>0x94ec</run_address>
         <size>0x20</size>
         <input_file_ref idref="fl-a2"/>
      </object_component>
      <object_component id="oc-6da">
         <name>.text:_isr:__TI_ISR_TRAP</name>
         <load_address>0x950c</load_address>
         <run_address>0x950c</run_address>
         <size>0x8</size>
         <input_file_ref idref="fl-55"/>
      </object_component>
      <object_component id="oc-869">
         <name>.const:$P$T0$1</name>
         <load_address>0x913c</load_address>
         <run_address>0x913c</run_address>
         <size>0x2a4</size>
         <input_file_ref idref="fl-4"/>
      </object_component>
      <object_component id="oc-8b5">
         <name>.const:$P$T1$2</name>
         <load_address>0x93e0</load_address>
         <run_address>0x93e0</run_address>
         <size>0x7c</size>
         <input_file_ref idref="fl-8"/>
      </object_component>
      <object_component id="oc-8b2">
         <name>.const:$P$T0$1</name>
         <load_address>0x945c</load_address>
         <run_address>0x945c</run_address>
         <size>0x3e</size>
         <input_file_ref idref="fl-8"/>
      </object_component>
      <object_component id="oc-84e">
         <name>.const:$P$T1$2</name>
         <load_address>0x949a</load_address>
         <run_address>0x949a</run_address>
         <size>0x8</size>
         <input_file_ref idref="fl-4"/>
      </object_component>
      <object_component id="oc-851">
         <name>.const:$P$T2$3</name>
         <load_address>0x94a2</load_address>
         <run_address>0x94a2</run_address>
         <size>0x8</size>
         <input_file_ref idref="fl-4"/>
      </object_component>
      <object_component id="oc-8c5">
         <name>.text:linearize</name>
         <load_address>0x4000</load_address>
         <run_address>0x4000</run_address>
         <size>0x964</size>
         <input_file_ref idref="fl-7"/>
      </object_component>
      <object_component id="oc-9e8">
         <name>.text:__mspabi_addd</name>
         <load_address>0x4964</load_address>
         <run_address>0x4964</run_address>
         <size>0x72a</size>
         <input_file_ref idref="fl-7a"/>
      </object_component>
      <object_component id="oc-9f4">
         <name>.text:expm1</name>
         <load_address>0x508e</load_address>
         <run_address>0x508e</run_address>
         <size>0x6be</size>
         <input_file_ref idref="fl-b0"/>
      </object_component>
      <object_component id="oc-99d">
         <name>.text:preprocess</name>
         <load_address>0x574c</load_address>
         <run_address>0x574c</run_address>
         <size>0x4a2</size>
         <input_file_ref idref="fl-7"/>
      </object_component>
      <object_component id="oc-9d5">
         <name>.text:__TI_frcdivd</name>
         <load_address>0x5bee</load_address>
         <run_address>0x5bee</run_address>
         <size>0x468</size>
         <input_file_ref idref="fl-81"/>
      </object_component>
      <object_component id="oc-8b8">
         <name>.text:update_patient</name>
         <load_address>0x6056</load_address>
         <run_address>0x6056</run_address>
         <size>0x414</size>
         <input_file_ref idref="fl-7"/>
      </object_component>
      <object_component id="oc-a1a">
         <name>.text:glucose_subystem</name>
         <load_address>0x646a</load_address>
         <run_address>0x646a</run_address>
         <size>0x31a</size>
         <input_file_ref idref="fl-7"/>
      </object_component>
      <object_component id="oc-a20">
         <name>.text:insulin_infusion_subsystem</name>
         <load_address>0x6784</load_address>
         <run_address>0x6784</run_address>
         <size>0x314</size>
         <input_file_ref idref="fl-7"/>
      </object_component>
      <object_component id="oc-a14">
         <name>.text:gastro_intestinal_tract</name>
         <load_address>0x6a98</load_address>
         <run_address>0x6a98</run_address>
         <size>0x30e</size>
         <input_file_ref idref="fl-7"/>
      </object_component>
      <object_component id="oc-7b4">
         <name>.text:measurement_update</name>
         <load_address>0x6da6</load_address>
         <run_address>0x6da6</run_address>
         <size>0x2de</size>
         <input_file_ref idref="fl-4"/>
      </object_component>
      <object_component id="oc-948">
         <name>.text:__mspabi_mpyd</name>
         <load_address>0x7084</load_address>
         <run_address>0x7084</run_address>
         <size>0x292</size>
         <input_file_ref idref="fl-8b"/>
      </object_component>
      <object_component id="oc-954">
         <name>.text:__mspabi_divd</name>
         <load_address>0x7316</load_address>
         <run_address>0x7316</run_address>
         <size>0x21c</size>
         <input_file_ref idref="fl-80"/>
      </object_component>
      <object_component id="oc-96a">
         <name>.text:tanh</name>
         <load_address>0x7532</load_address>
         <run_address>0x7532</run_address>
         <size>0x186</size>
         <input_file_ref idref="fl-ae"/>
      </object_component>
      <object_component id="oc-7dd">
         <name>.text:init_states</name>
         <load_address>0x76b8</load_address>
         <run_address>0x76b8</run_address>
         <size>0x16a</size>
         <input_file_ref idref="fl-5"/>
      </object_component>
      <object_component id="oc-9c1">
         <name>.text:__TI_frcmpyd</name>
         <load_address>0x7822</load_address>
         <run_address>0x7822</run_address>
         <size>0x164</size>
         <input_file_ref idref="fl-8c"/>
      </object_component>
      <object_component id="oc-7ae">
         <name>.text:predict</name>
         <load_address>0x7986</load_address>
         <run_address>0x7986</run_address>
         <size>0x158</size>
         <input_file_ref idref="fl-4"/>
      </object_component>
      <object_component id="oc-88e">
         <name>.text:SquareMatrixMultiply</name>
         <load_address>0x7ade</load_address>
         <run_address>0x7ade</run_address>
         <size>0x152</size>
         <input_file_ref idref="fl-9"/>
      </object_component>
      <object_component id="oc-742">
         <name>.text:ekf_on</name>
         <load_address>0x7c30</load_address>
         <run_address>0x7c30</run_address>
         <size>0x146</size>
         <input_file_ref idref="fl-5"/>
      </object_component>
      <object_component id="oc-85c">
         <name>.text</name>
         <load_address>0x7d76</load_address>
         <run_address>0x7d76</run_address>
         <size>0x132</size>
         <input_file_ref idref="fl-7b"/>
      </object_component>
      <object_component id="oc-872">
         <name>.text:ArrayMatrixMultiply</name>
         <load_address>0x7ea8</load_address>
         <run_address>0x7ea8</run_address>
         <size>0x120</size>
         <input_file_ref idref="fl-9"/>
      </object_component>
      <object_component id="oc-9ee">
         <name>.text:__mspabi_cmpd</name>
         <load_address>0x7fc8</load_address>
         <run_address>0x7fc8</run_address>
         <size>0xd8</size>
         <input_file_ref idref="fl-7c"/>
      </object_component>
      <object_component id="oc-861">
         <name>.text:process_update</name>
         <load_address>0x80a0</load_address>
         <run_address>0x80a0</run_address>
         <size>0xd2</size>
         <input_file_ref idref="fl-4"/>
      </object_component>
      <object_component id="oc-91f">
         <name>.text:SquareMatrixAdd</name>
         <load_address>0x8172</load_address>
         <run_address>0x8172</run_address>
         <size>0xc0</size>
         <input_file_ref idref="fl-9"/>
      </object_component>
      <object_component id="oc-89a">
         <name>.text:SquareMatrixDiff</name>
         <load_address>0x8232</load_address>
         <run_address>0x8232</run_address>
         <size>0xc0</size>
         <input_file_ref idref="fl-9"/>
      </object_component>
      <object_component id="oc-884">
         <name>.text</name>
         <load_address>0x82f2</load_address>
         <run_address>0x82f2</run_address>
         <size>0xb8</size>
         <input_file_ref idref="fl-8d"/>
      </object_component>
      <object_component id="oc-894">
         <name>.text:SquareMatrixTranspose</name>
         <load_address>0x83aa</load_address>
         <run_address>0x83aa</run_address>
         <size>0xb2</size>
         <input_file_ref idref="fl-9"/>
      </object_component>
      <object_component id="oc-94e">
         <name>.text:__mspabi_cvtdf</name>
         <load_address>0x845c</load_address>
         <run_address>0x845c</run_address>
         <size>0xb2</size>
         <input_file_ref idref="fl-7e"/>
      </object_component>
      <object_component id="oc-9a9">
         <name>.text:arrayAddInPlace</name>
         <load_address>0x850e</load_address>
         <run_address>0x850e</run_address>
         <size>0xa6</size>
         <input_file_ref idref="fl-9"/>
      </object_component>
      <object_component id="oc-a61">
         <name>.text:__mspabi_fltlid</name>
         <load_address>0x85b4</load_address>
         <run_address>0x85b4</run_address>
         <size>0x9e</size>
         <input_file_ref idref="fl-89"/>
      </object_component>
      <object_component id="oc-7a9">
         <name>.text</name>
         <load_address>0x8652</load_address>
         <run_address>0x8652</run_address>
         <size>0x90</size>
         <input_file_ref idref="fl-82"/>
      </object_component>
      <object_component id="oc-878">
         <name>.text:arrayMultiply</name>
         <load_address>0x86e2</load_address>
         <run_address>0x86e2</run_address>
         <size>0x7e</size>
         <input_file_ref idref="fl-9"/>
      </object_component>
      <object_component id="oc-7e">
         <name>.text:decompress:lzss:__TI_decompress_lzss</name>
         <load_address>0x8760</load_address>
         <run_address>0x8760</run_address>
         <size>0x76</size>
         <input_file_ref idref="fl-52"/>
      </object_component>
      <object_component id="oc-916">
         <name>.text:euler_solve</name>
         <load_address>0x87d6</load_address>
         <run_address>0x87d6</run_address>
         <size>0x72</size>
         <input_file_ref idref="fl-9"/>
      </object_component>
      <object_component id="oc-7d7">
         <name>.text:init_ekf</name>
         <load_address>0x8848</load_address>
         <run_address>0x8848</run_address>
         <size>0x6e</size>
         <input_file_ref idref="fl-4"/>
      </object_component>
      <object_component id="oc-7d1">
         <name>.text:init_patient</name>
         <load_address>0x88b6</load_address>
         <run_address>0x88b6</run_address>
         <size>0x68</size>
         <input_file_ref idref="fl-8"/>
      </object_component>
      <object_component id="oc-a7c">
         <name>.text</name>
         <load_address>0x891e</load_address>
         <run_address>0x891e</run_address>
         <size>0x68</size>
         <input_file_ref idref="fl-87"/>
      </object_component>
      <object_component id="oc-a5b">
         <name>.text:__mspabi_fixdli</name>
         <load_address>0x8986</load_address>
         <run_address>0x8986</run_address>
         <size>0x66</size>
         <input_file_ref idref="fl-b1"/>
      </object_component>
      <object_component id="oc-942">
         <name>.text:__mspabi_cvtfd</name>
         <load_address>0x89ec</load_address>
         <run_address>0x89ec</run_address>
         <size>0x64</size>
         <input_file_ref idref="fl-7f"/>
      </object_component>
      <object_component id="oc-87e">
         <name>.text:arrayScalarMultiply</name>
         <load_address>0x8a50</load_address>
         <run_address>0x8a50</run_address>
         <size>0x5e</size>
         <input_file_ref idref="fl-9"/>
      </object_component>
      <object_component id="oc-a2f">
         <name>.text:__mpyll</name>
         <load_address>0x8aae</load_address>
         <run_address>0x8aae</run_address>
         <size>0x5c</size>
         <input_file_ref idref="fl-93"/>
      </object_component>
      <object_component id="oc-9a3">
         <name>.text:step</name>
         <load_address>0x8b0a</load_address>
         <run_address>0x8b0a</run_address>
         <size>0x5a</size>
         <input_file_ref idref="fl-7"/>
      </object_component>
      <object_component id="oc-795">
         <name>.text:readFloatArray</name>
         <load_address>0x8b64</load_address>
         <run_address>0x8b64</run_address>
         <size>0x56</size>
         <input_file_ref idref="fl-6"/>
      </object_component>
      <object_component id="oc-80e">
         <name>.text:__TI_auto_init_nobinit_nopinit_hold_wdt:__TI_auto_init_nobinit_nopinit_hold_wdt</name>
         <load_address>0x8bba</load_address>
         <run_address>0x8bba</run_address>
         <size>0x54</size>
         <input_file_ref idref="fl-a5"/>
      </object_component>
      <object_component id="oc-7ba">
         <name>.text:writeFloatArray</name>
         <load_address>0x8c0e</load_address>
         <run_address>0x8c0e</run_address>
         <size>0x54</size>
         <input_file_ref idref="fl-6"/>
      </object_component>
      <object_component id="oc-7e3">
         <name>.text:init_model</name>
         <load_address>0x8c62</load_address>
         <run_address>0x8c62</run_address>
         <size>0x52</size>
         <input_file_ref idref="fl-8"/>
      </object_component>
      <object_component id="oc-857">
         <name>.text</name>
         <load_address>0x8cb4</load_address>
         <run_address>0x8cb4</run_address>
         <size>0x4a</size>
         <input_file_ref idref="fl-7d"/>
      </object_component>
      <object_component id="oc-7a4">
         <name>.text</name>
         <load_address>0x8cfe</load_address>
         <run_address>0x8cfe</run_address>
         <size>0x4a</size>
         <input_file_ref idref="fl-8a"/>
      </object_component>
      <object_component id="oc-a4f">
         <name>.text:__mspabi_srall</name>
         <load_address>0x8d48</load_address>
         <run_address>0x8d48</run_address>
         <size>0x40</size>
         <input_file_ref idref="fl-9e"/>
      </object_component>
      <object_component id="oc-9b6">
         <name>.text:l_asr_const</name>
         <load_address>0x8d88</load_address>
         <run_address>0x8d88</run_address>
         <size>0x3e</size>
         <input_file_ref idref="fl-9d"/>
      </object_component>
      <object_component id="oc-9ce">
         <name>.text:l_lsl_const</name>
         <load_address>0x8dc6</load_address>
         <run_address>0x8dc6</run_address>
         <size>0x3e</size>
         <input_file_ref idref="fl-9a"/>
      </object_component>
      <object_component id="oc-a45">
         <name>.text:l_lsr_const</name>
         <load_address>0x8e04</load_address>
         <run_address>0x8e04</run_address>
         <size>0x3e</size>
         <input_file_ref idref="fl-9f"/>
      </object_component>
      <object_component id="oc-a29">
         <name>.text:__mspabi_sllll</name>
         <load_address>0x8e42</load_address>
         <run_address>0x8e42</run_address>
         <size>0x3a</size>
         <input_file_ref idref="fl-9b"/>
      </object_component>
      <object_component id="oc-a39">
         <name>.text:__mspabi_srlll</name>
         <load_address>0x8e7c</load_address>
         <run_address>0x8e7c</run_address>
         <size>0x3a</size>
         <input_file_ref idref="fl-a0"/>
      </object_component>
      <object_component id="oc-9e2">
         <name>.text:__mspabi_subd</name>
         <load_address>0x8eb6</load_address>
         <run_address>0x8eb6</run_address>
         <size>0x32</size>
         <input_file_ref idref="fl-a1"/>
      </object_component>
      <object_component id="oc-9fa">
         <name>.text:__mspabi_negd</name>
         <load_address>0x8ee8</load_address>
         <run_address>0x8ee8</run_address>
         <size>0x2e</size>
         <input_file_ref idref="fl-af"/>
      </object_component>
      <object_component id="oc-8a1">
         <name>.text:fw</name>
         <load_address>0x8f16</load_address>
         <run_address>0x8f16</run_address>
         <size>0x2e</size>
         <input_file_ref idref="fl-6"/>
      </object_component>
      <object_component id="oc-76e">
         <name>.text:__mpu_init</name>
         <load_address>0x8f44</load_address>
         <run_address>0x8f44</run_address>
         <size>0x2c</size>
         <input_file_ref idref="fl-a3"/>
      </object_component>
      <object_component id="oc-a34">
         <name>.text:__mpyull</name>
         <load_address>0x8f70</load_address>
         <run_address>0x8f70</run_address>
         <size>0x2c</size>
         <input_file_ref idref="fl-95"/>
      </object_component>
      <object_component id="oc-83f">
         <name>.text:fr</name>
         <load_address>0x8f9c</load_address>
         <run_address>0x8f9c</run_address>
         <size>0x2c</size>
         <input_file_ref idref="fl-6"/>
      </object_component>
      <object_component id="oc-75c">
         <name>.text:main</name>
         <load_address>0x8fc8</load_address>
         <run_address>0x8fc8</run_address>
         <size>0x24</size>
         <input_file_ref idref="fl-5"/>
      </object_component>
      <object_component id="oc-92e">
         <name>.text</name>
         <load_address>0x8fec</load_address>
         <run_address>0x8fec</run_address>
         <size>0x24</size>
         <input_file_ref idref="fl-91"/>
      </object_component>
      <object_component id="oc-78c">
         <name>.text:sample_input</name>
         <load_address>0x9010</load_address>
         <run_address>0x9010</run_address>
         <size>0x24</size>
         <input_file_ref idref="fl-3"/>
      </object_component>
      <object_component id="oc-736">
         <name>.text:lr</name>
         <load_address>0x9034</load_address>
         <run_address>0x9034</run_address>
         <size>0x22</size>
         <input_file_ref idref="fl-6"/>
      </object_component>
      <object_component id="oc-73c">
         <name>.text:lw</name>
         <load_address>0x9056</load_address>
         <run_address>0x9056</run_address>
         <size>0x1c</size>
         <input_file_ref idref="fl-6"/>
      </object_component>
      <object_component id="oc-786">
         <name>.text:sample_measurement</name>
         <load_address>0x9072</load_address>
         <run_address>0x9072</run_address>
         <size>0x1a</size>
         <input_file_ref idref="fl-3"/>
      </object_component>
      <object_component id="oc-889">
         <name>.text</name>
         <load_address>0x908c</load_address>
         <run_address>0x908c</run_address>
         <size>0x18</size>
         <input_file_ref idref="fl-8f"/>
      </object_component>
      <object_component id="oc-7cb">
         <name>.text:init_timer</name>
         <load_address>0x90a4</load_address>
         <run_address>0x90a4</run_address>
         <size>0x14</size>
         <input_file_ref idref="fl-5"/>
      </object_component>
      <object_component id="oc-6cd">
         <name>.text:memcpy</name>
         <load_address>0x90b8</load_address>
         <run_address>0x90b8</run_address>
         <size>0x14</size>
         <input_file_ref idref="fl-ad"/>
      </object_component>
      <object_component id="oc-84">
         <name>.text:decompress:none:__TI_decompress_none</name>
         <load_address>0x90cc</load_address>
         <run_address>0x90cc</run_address>
         <size>0x12</size>
         <input_file_ref idref="fl-53"/>
      </object_component>
      <object_component id="oc-a67">
         <name>.text:l_asr</name>
         <load_address>0x90de</load_address>
         <run_address>0x90de</run_address>
         <size>0x10</size>
         <input_file_ref idref="fl-9d"/>
      </object_component>
      <object_component id="oc-a9a">
         <name>.text:l_lsr</name>
         <load_address>0x90ee</load_address>
         <run_address>0x90ee</run_address>
         <size>0x10</size>
         <input_file_ref idref="fl-9f"/>
      </object_component>
      <object_component id="oc-a87">
         <name>.text:__mspabi_fltid</name>
         <load_address>0x90fe</load_address>
         <run_address>0x90fe</run_address>
         <size>0xc</size>
         <input_file_ref idref="fl-88"/>
      </object_component>
      <object_component id="oc-7c5">
         <name>.text:init_MCU</name>
         <load_address>0x910a</load_address>
         <run_address>0x910a</run_address>
         <size>0xc</size>
         <input_file_ref idref="fl-5"/>
      </object_component>
      <object_component id="oc-a81">
         <name>.text:abs</name>
         <load_address>0x9116</load_address>
         <run_address>0x9116</run_address>
         <size>0xa</size>
         <input_file_ref idref="fl-a8"/>
      </object_component>
      <object_component id="oc-95f">
         <name>.text</name>
         <load_address>0x9120</load_address>
         <run_address>0x9120</run_address>
         <size>0xa</size>
         <input_file_ref idref="fl-98"/>
      </object_component>
      <object_component id="oc-8aa">
         <name>.text:PMM_unlockLPM5</name>
         <load_address>0x912a</load_address>
         <run_address>0x912a</run_address>
         <size>0x6</size>
         <input_file_ref idref="fl-1e"/>
      </object_component>
      <object_component id="oc-7ea">
         <name>.text:abort</name>
         <load_address>0x9130</load_address>
         <run_address>0x9130</run_address>
         <size>0x6</size>
         <input_file_ref idref="fl-aa"/>
      </object_component>
      <object_component id="oc-756">
         <name>.text:_system_pre_init</name>
         <load_address>0x9136</load_address>
         <run_address>0x9136</run_address>
         <size>0x4</size>
         <input_file_ref idref="fl-a7"/>
      </object_component>
      <object_component id="oc-8de">
         <name>.text:_system_post_cinit</name>
         <load_address>0x913a</load_address>
         <run_address>0x913a</run_address>
         <size>0x2</size>
         <input_file_ref idref="fl-a6"/>
      </object_component>
      <object_component id="oc-a58">
         <name>.data</name>
         <load_address>0x1c00</load_address>
         <run_address>0x1c00</run_address>
         <size>0x2</size>
         <input_file_ref idref="fl-b2"/>
      </object_component>
      <object_component id="oc-6be">
         <name>.stack</name>
         <uninitialized>true</uninitialized>
         <run_address>0x2b60</run_address>
         <size>0x4</size>
         <input_file_ref idref="fl-a2"/>
      </object_component>
      <object_component id="oc-b1e">
         <name>.stack</name>
         <uninitialized>true</uninitialized>
         <run_address>0x2b60</run_address>
         <size>0x0</size>
      </object_component>
      <object_component id="oc-8a">
         <name>.int18</name>
         <load_address>0xffb4</load_address>
         <run_address>0xffb4</run_address>
         <size>0x2</size>
         <input_file_ref idref="fl-54"/>
      </object_component>
      <object_component id="oc-8b">
         <name>.int19</name>
         <load_address>0xffb6</load_address>
         <run_address>0xffb6</run_address>
         <size>0x2</size>
         <input_file_ref idref="fl-56"/>
      </object_component>
      <object_component id="oc-8c">
         <name>.int20</name>
         <load_address>0xffb8</load_address>
         <run_address>0xffb8</run_address>
         <size>0x2</size>
         <input_file_ref idref="fl-57"/>
      </object_component>
      <object_component id="oc-8d">
         <name>.int21</name>
         <load_address>0xffba</load_address>
         <run_address>0xffba</run_address>
         <size>0x2</size>
         <input_file_ref idref="fl-58"/>
      </object_component>
      <object_component id="oc-8e">
         <name>.int22</name>
         <load_address>0xffbc</load_address>
         <run_address>0xffbc</run_address>
         <size>0x2</size>
         <input_file_ref idref="fl-59"/>
      </object_component>
      <object_component id="oc-8f">
         <name>.int23</name>
         <load_address>0xffbe</load_address>
         <run_address>0xffbe</run_address>
         <size>0x2</size>
         <input_file_ref idref="fl-5a"/>
      </object_component>
      <object_component id="oc-90">
         <name>.int24</name>
         <load_address>0xffc0</load_address>
         <run_address>0xffc0</run_address>
         <size>0x2</size>
         <input_file_ref idref="fl-5b"/>
      </object_component>
      <object_component id="oc-91">
         <name>.int25</name>
         <load_address>0xffc2</load_address>
         <run_address>0xffc2</run_address>
         <size>0x2</size>
         <input_file_ref idref="fl-5c"/>
      </object_component>
      <object_component id="oc-92">
         <name>.int26</name>
         <load_address>0xffc4</load_address>
         <run_address>0xffc4</run_address>
         <size>0x2</size>
         <input_file_ref idref="fl-5d"/>
      </object_component>
      <object_component id="oc-93">
         <name>.int27</name>
         <load_address>0xffc6</load_address>
         <run_address>0xffc6</run_address>
         <size>0x2</size>
         <input_file_ref idref="fl-5e"/>
      </object_component>
      <object_component id="oc-94">
         <name>.int28</name>
         <load_address>0xffc8</load_address>
         <run_address>0xffc8</run_address>
         <size>0x2</size>
         <input_file_ref idref="fl-5f"/>
      </object_component>
      <object_component id="oc-95">
         <name>.int29</name>
         <load_address>0xffca</load_address>
         <run_address>0xffca</run_address>
         <size>0x2</size>
         <input_file_ref idref="fl-60"/>
      </object_component>
      <object_component id="oc-96">
         <name>.int30</name>
         <load_address>0xffcc</load_address>
         <run_address>0xffcc</run_address>
         <size>0x2</size>
         <input_file_ref idref="fl-61"/>
      </object_component>
      <object_component id="oc-97">
         <name>.int31</name>
         <load_address>0xffce</load_address>
         <run_address>0xffce</run_address>
         <size>0x2</size>
         <input_file_ref idref="fl-62"/>
      </object_component>
      <object_component id="oc-98">
         <name>.int32</name>
         <load_address>0xffd0</load_address>
         <run_address>0xffd0</run_address>
         <size>0x2</size>
         <input_file_ref idref="fl-63"/>
      </object_component>
      <object_component id="oc-99">
         <name>.int33</name>
         <load_address>0xffd2</load_address>
         <run_address>0xffd2</run_address>
         <size>0x2</size>
         <input_file_ref idref="fl-64"/>
      </object_component>
      <object_component id="oc-9a">
         <name>.int34</name>
         <load_address>0xffd4</load_address>
         <run_address>0xffd4</run_address>
         <size>0x2</size>
         <input_file_ref idref="fl-65"/>
      </object_component>
      <object_component id="oc-9b">
         <name>.int35</name>
         <load_address>0xffd6</load_address>
         <run_address>0xffd6</run_address>
         <size>0x2</size>
         <input_file_ref idref="fl-66"/>
      </object_component>
      <object_component id="oc-9c">
         <name>.int36</name>
         <load_address>0xffd8</load_address>
         <run_address>0xffd8</run_address>
         <size>0x2</size>
         <input_file_ref idref="fl-67"/>
      </object_component>
      <object_component id="oc-9d">
         <name>.int37</name>
         <load_address>0xffda</load_address>
         <run_address>0xffda</run_address>
         <size>0x2</size>
         <input_file_ref idref="fl-68"/>
      </object_component>
      <object_component id="oc-9e">
         <name>.int38</name>
         <load_address>0xffdc</load_address>
         <run_address>0xffdc</run_address>
         <size>0x2</size>
         <input_file_ref idref="fl-69"/>
      </object_component>
      <object_component id="oc-9f">
         <name>.int39</name>
         <load_address>0xffde</load_address>
         <run_address>0xffde</run_address>
         <size>0x2</size>
         <input_file_ref idref="fl-6a"/>
      </object_component>
      <object_component id="oc-a0">
         <name>.int40</name>
         <load_address>0xffe0</load_address>
         <run_address>0xffe0</run_address>
         <size>0x2</size>
         <input_file_ref idref="fl-6b"/>
      </object_component>
      <object_component id="oc-a1">
         <name>.int41</name>
         <load_address>0xffe2</load_address>
         <run_address>0xffe2</run_address>
         <size>0x2</size>
         <input_file_ref idref="fl-6c"/>
      </object_component>
      <object_component id="oc-a2">
         <name>.int42</name>
         <load_address>0xffe4</load_address>
         <run_address>0xffe4</run_address>
         <size>0x2</size>
         <input_file_ref idref="fl-6d"/>
      </object_component>
      <object_component id="oc-a3">
         <name>.int43</name>
         <load_address>0xffe6</load_address>
         <run_address>0xffe6</run_address>
         <size>0x2</size>
         <input_file_ref idref="fl-6e"/>
      </object_component>
      <object_component id="oc-a4">
         <name>.int44</name>
         <load_address>0xffe8</load_address>
         <run_address>0xffe8</run_address>
         <size>0x2</size>
         <input_file_ref idref="fl-6f"/>
      </object_component>
      <object_component id="oc-a5">
         <name>.int45</name>
         <load_address>0xffea</load_address>
         <run_address>0xffea</run_address>
         <size>0x2</size>
         <input_file_ref idref="fl-5"/>
      </object_component>
      <object_component id="oc-a6">
         <name>.int46</name>
         <load_address>0xffec</load_address>
         <run_address>0xffec</run_address>
         <size>0x2</size>
         <input_file_ref idref="fl-70"/>
      </object_component>
      <object_component id="oc-a7">
         <name>.int47</name>
         <load_address>0xffee</load_address>
         <run_address>0xffee</run_address>
         <size>0x2</size>
         <input_file_ref idref="fl-71"/>
      </object_component>
      <object_component id="oc-a8">
         <name>.int48</name>
         <load_address>0xfff0</load_address>
         <run_address>0xfff0</run_address>
         <size>0x2</size>
         <input_file_ref idref="fl-72"/>
      </object_component>
      <object_component id="oc-a9">
         <name>.int49</name>
         <load_address>0xfff2</load_address>
         <run_address>0xfff2</run_address>
         <size>0x2</size>
         <input_file_ref idref="fl-73"/>
      </object_component>
      <object_component id="oc-aa">
         <name>.int50</name>
         <load_address>0xfff4</load_address>
         <run_address>0xfff4</run_address>
         <size>0x2</size>
         <input_file_ref idref="fl-74"/>
      </object_component>
      <object_component id="oc-ab">
         <name>.int51</name>
         <load_address>0xfff6</load_address>
         <run_address>0xfff6</run_address>
         <size>0x2</size>
         <input_file_ref idref="fl-75"/>
      </object_component>
      <object_component id="oc-ac">
         <name>.int52</name>
         <load_address>0xfff8</load_address>
         <run_address>0xfff8</run_address>
         <size>0x2</size>
         <input_file_ref idref="fl-76"/>
      </object_component>
      <object_component id="oc-ad">
         <name>.int53</name>
         <load_address>0xfffa</load_address>
         <run_address>0xfffa</run_address>
         <size>0x2</size>
         <input_file_ref idref="fl-77"/>
      </object_component>
      <object_component id="oc-ae">
         <name>.int54</name>
         <load_address>0xfffc</load_address>
         <run_address>0xfffc</run_address>
         <size>0x2</size>
         <input_file_ref idref="fl-78"/>
      </object_component>
      <object_component id="oc-6c1">
         <name>.reset</name>
         <load_address>0xfffe</load_address>
         <run_address>0xfffe</run_address>
         <size>0x2</size>
         <input_file_ref idref="fl-a2"/>
      </object_component>
      <object_component id="oc-904">
         <name>.debug_info</name>
         <load_address>0x0</load_address>
         <run_address>0x0</run_address>
         <size>0x132</size>
         <input_file_ref idref="fl-2"/>
      </object_component>
      <object_component id="oc-830">
         <name>.debug_info</name>
         <load_address>0x132</load_address>
         <run_address>0x132</run_address>
         <size>0x26b</size>
         <input_file_ref idref="fl-2"/>
      </object_component>
      <object_component id="oc-749">
         <name>.debug_info</name>
         <load_address>0x39d</load_address>
         <run_address>0x39d</run_address>
         <size>0x8b</size>
         <input_file_ref idref="fl-2"/>
      </object_component>
      <object_component id="oc-8ff">
         <name>.debug_info</name>
         <load_address>0x428</load_address>
         <run_address>0x428</run_address>
         <size>0x282</size>
         <input_file_ref idref="fl-2"/>
      </object_component>
      <object_component id="oc-82b">
         <name>.debug_info</name>
         <load_address>0x6aa</load_address>
         <run_address>0x6aa</run_address>
         <size>0xbb</size>
         <input_file_ref idref="fl-2"/>
      </object_component>
      <object_component id="oc-83b">
         <name>.debug_info</name>
         <load_address>0x765</load_address>
         <run_address>0x765</run_address>
         <size>0x1c1</size>
         <input_file_ref idref="fl-3"/>
      </object_component>
      <object_component id="oc-787">
         <name>.debug_info</name>
         <load_address>0x926</load_address>
         <run_address>0x926</run_address>
         <size>0x1e9</size>
         <input_file_ref idref="fl-3"/>
      </object_component>
      <object_component id="oc-78d">
         <name>.debug_info</name>
         <load_address>0xb0f</load_address>
         <run_address>0xb0f</run_address>
         <size>0x1dd</size>
         <input_file_ref idref="fl-3"/>
      </object_component>
      <object_component id="oc-907">
         <name>.debug_info</name>
         <load_address>0xcec</load_address>
         <run_address>0xcec</run_address>
         <size>0x35</size>
         <input_file_ref idref="fl-3"/>
      </object_component>
      <object_component id="oc-868">
         <name>.debug_info</name>
         <load_address>0xd21</load_address>
         <run_address>0xd21</run_address>
         <size>0x4de</size>
         <input_file_ref idref="fl-4"/>
      </object_component>
      <object_component id="oc-8c1">
         <name>.debug_info</name>
         <load_address>0x11ff</load_address>
         <run_address>0x11ff</run_address>
         <size>0x11a</size>
         <input_file_ref idref="fl-4"/>
      </object_component>
      <object_component id="oc-86d">
         <name>.debug_info</name>
         <load_address>0x1319</load_address>
         <run_address>0x1319</run_address>
         <size>0x11a</size>
         <input_file_ref idref="fl-4"/>
      </object_component>
      <object_component id="oc-870">
         <name>.debug_info</name>
         <load_address>0x1433</load_address>
         <run_address>0x1433</run_address>
         <size>0x11a</size>
         <input_file_ref idref="fl-4"/>
      </object_component>
      <object_component id="oc-86a">
         <name>.debug_info</name>
         <load_address>0x154d</load_address>
         <run_address>0x154d</run_address>
         <size>0x123</size>
         <input_file_ref idref="fl-4"/>
      </object_component>
      <object_component id="oc-84f">
         <name>.debug_info</name>
         <load_address>0x1670</load_address>
         <run_address>0x1670</run_address>
         <size>0x123</size>
         <input_file_ref idref="fl-4"/>
      </object_component>
      <object_component id="oc-852">
         <name>.debug_info</name>
         <load_address>0x1793</load_address>
         <run_address>0x1793</run_address>
         <size>0x123</size>
         <input_file_ref idref="fl-4"/>
      </object_component>
      <object_component id="oc-7d8">
         <name>.debug_info</name>
         <load_address>0x18b6</load_address>
         <run_address>0x18b6</run_address>
         <size>0x1e4</size>
         <input_file_ref idref="fl-4"/>
      </object_component>
      <object_component id="oc-862">
         <name>.debug_info</name>
         <load_address>0x1a9a</load_address>
         <run_address>0x1a9a</run_address>
         <size>0x331</size>
         <input_file_ref idref="fl-4"/>
      </object_component>
      <object_component id="oc-7b5">
         <name>.debug_info</name>
         <load_address>0x1dcb</load_address>
         <run_address>0x1dcb</run_address>
         <size>0x4f8</size>
         <input_file_ref idref="fl-4"/>
      </object_component>
      <object_component id="oc-7af">
         <name>.debug_info</name>
         <load_address>0x22c3</load_address>
         <run_address>0x22c3</run_address>
         <size>0x31e</size>
         <input_file_ref idref="fl-4"/>
      </object_component>
      <object_component id="oc-835">
         <name>.debug_info</name>
         <load_address>0x25e1</load_address>
         <run_address>0x25e1</run_address>
         <size>0x35</size>
         <input_file_ref idref="fl-4"/>
      </object_component>
      <object_component id="oc-7c1">
         <name>.debug_info</name>
         <load_address>0x2616</load_address>
         <run_address>0x2616</run_address>
         <size>0x4cf</size>
         <input_file_ref idref="fl-5"/>
      </object_component>
      <object_component id="oc-793">
         <name>.debug_info</name>
         <load_address>0x2ae5</load_address>
         <run_address>0x2ae5</run_address>
         <size>0x119</size>
         <input_file_ref idref="fl-5"/>
      </object_component>
      <object_component id="oc-79f">
         <name>.debug_info</name>
         <load_address>0x2bfe</load_address>
         <run_address>0x2bfe</run_address>
         <size>0x119</size>
         <input_file_ref idref="fl-5"/>
      </object_component>
      <object_component id="oc-79c">
         <name>.debug_info</name>
         <load_address>0x2d17</load_address>
         <run_address>0x2d17</run_address>
         <size>0x119</size>
         <input_file_ref idref="fl-5"/>
      </object_component>
      <object_component id="oc-7a2">
         <name>.debug_info</name>
         <load_address>0x2e30</load_address>
         <run_address>0x2e30</run_address>
         <size>0x119</size>
         <input_file_ref idref="fl-5"/>
      </object_component>
      <object_component id="oc-734">
         <name>.debug_info</name>
         <load_address>0x2f49</load_address>
         <run_address>0x2f49</run_address>
         <size>0x133</size>
         <input_file_ref idref="fl-5"/>
      </object_component>
      <object_component id="oc-7c6">
         <name>.debug_info</name>
         <load_address>0x307c</load_address>
         <run_address>0x307c</run_address>
         <size>0x1a2</size>
         <input_file_ref idref="fl-5"/>
      </object_component>
      <object_component id="oc-7cc">
         <name>.debug_info</name>
         <load_address>0x321e</load_address>
         <run_address>0x321e</run_address>
         <size>0x191</size>
         <input_file_ref idref="fl-5"/>
      </object_component>
      <object_component id="oc-7de">
         <name>.debug_info</name>
         <load_address>0x33af</load_address>
         <run_address>0x33af</run_address>
         <size>0x2a4</size>
         <input_file_ref idref="fl-5"/>
      </object_component>
      <object_component id="oc-743">
         <name>.debug_info</name>
         <load_address>0x3653</load_address>
         <run_address>0x3653</run_address>
         <size>0x3ca</size>
         <input_file_ref idref="fl-5"/>
      </object_component>
      <object_component id="oc-75d">
         <name>.debug_info</name>
         <load_address>0x3a1d</load_address>
         <run_address>0x3a1d</run_address>
         <size>0x1ee</size>
         <input_file_ref idref="fl-5"/>
      </object_component>
      <object_component id="oc-6e0">
         <name>.debug_info</name>
         <load_address>0x3c0b</load_address>
         <run_address>0x3c0b</run_address>
         <size>0x1c7</size>
         <input_file_ref idref="fl-5"/>
      </object_component>
      <object_component id="oc-784">
         <name>.debug_info</name>
         <load_address>0x3dd2</load_address>
         <run_address>0x3dd2</run_address>
         <size>0x1cd</size>
         <input_file_ref idref="fl-6"/>
      </object_component>
      <object_component id="oc-737">
         <name>.debug_info</name>
         <load_address>0x3f9f</load_address>
         <run_address>0x3f9f</run_address>
         <size>0x1bd</size>
         <input_file_ref idref="fl-6"/>
      </object_component>
      <object_component id="oc-73d">
         <name>.debug_info</name>
         <load_address>0x415c</load_address>
         <run_address>0x415c</run_address>
         <size>0x1d5</size>
         <input_file_ref idref="fl-6"/>
      </object_component>
      <object_component id="oc-840">
         <name>.debug_info</name>
         <load_address>0x4331</load_address>
         <run_address>0x4331</run_address>
         <size>0x1db</size>
         <input_file_ref idref="fl-6"/>
      </object_component>
      <object_component id="oc-8a2">
[...]
         <object_component_ref idref="oc-6da"/>
      </symbol>
      <symbol id="sm-8fd">
         <name>__TI_int19</name>
         <value>0xffb6</value>
         <object_component_ref idref="oc-8b"/>
      </symbol>
      <symbol id="sm-900">
         <name>__TI_int20</name>
         <value>0xffb8</value>
         <object_component_ref idref="oc-8c"/>
      </symbol>
      <symbol id="sm-903">
         <name>__TI_int21</name>
         <value>0xffba</value>
         <object_component_ref idref="oc-8d"/>
      </symbol>
      <symbol id="sm-906">
         <name>__TI_int22</name>
         <value>0xffbc</value>
         <object_component_ref idref="oc-8e"/>
      </symbol>
      <symbol id="sm-909">
         <name>__TI_int23</name>
         <value>0xffbe</value>
         <object_component_ref idref="oc-8f"/>
      </symbol>
      <symbol id="sm-90c">
         <name>__TI_int24</name>
         <value>0xffc0</value>
         <object_component_ref idref="oc-90"/>
      </symbol>
      <symbol id="sm-90f">
         <name>__TI_int25</name>
         <value>0xffc2</value>
         <object_component_ref idref="oc-91"/>
      </symbol>
      <symbol id="sm-912">
         <name>__TI_int26</name>
         <value>0xffc4</value>
         <object_component_ref idref="oc-92"/>
      </symbol>
      <symbol id="sm-915">
         <name>__TI_int27</name>
         <value>0xffc6</value>
         <object_component_ref idref="oc-93"/>
      </symbol>
      <symbol id="sm-918">
         <name>__TI_int28</name>
         <value>0xffc8</value>
         <object_component_ref idref="oc-94"/>
      </symbol>
      <symbol id="sm-91b">
         <name>__TI_int29</name>
         <value>0xffca</value>
         <object_component_ref idref="oc-95"/>
      </symbol>
      <symbol id="sm-91e">
         <name>__TI_int30</name>
         <value>0xffcc</value>
         <object_component_ref idref="oc-96"/>
      </symbol>
      <symbol id="sm-921">
         <name>__TI_int31</name>
         <value>0xffce</value>
         <object_component_ref idref="oc-97"/>
      </symbol>
      <symbol id="sm-924">
         <name>__TI_int32</name>
         <value>0xffd0</value>
         <object_component_ref idref="oc-98"/>
      </symbol>
      <symbol id="sm-927">
         <name>__TI_int33</name>
         <value>0xffd2</value>
         <object_component_ref idref="oc-99"/>
      </symbol>
      <symbol id="sm-92a">
         <name>__TI_int34</name>
         <value>0xffd4</value>
         <object_component_ref idref="oc-9a"/>
      </symbol>
      <symbol id="sm-92d">
         <name>__TI_int35</name>
         <value>0xffd6</value>
         <object_component_ref idref="oc-9b"/>
      </symbol>
      <symbol id="sm-930">
         <name>__TI_int36</name>
         <value>0xffd8</value>
         <object_component_ref idref="oc-9c"/>
      </symbol>
      <symbol id="sm-933">
         <name>__TI_int37</name>
         <value>0xffda</value>
         <object_component_ref idref="oc-9d"/>
      </symbol>
      <symbol id="sm-936">
         <name>__TI_int38</name>
         <value>0xffdc</value>
         <object_component_ref idref="oc-9e"/>
      </symbol>
      <symbol id="sm-939">
         <name>__TI_int39</name>
         <value>0xffde</value>
         <object_component_ref idref="oc-9f"/>
      </symbol>
      <symbol id="sm-93c">
         <name>__TI_int40</name>
         <value>0xffe0</value>
         <object_component_ref idref="oc-a0"/>
      </symbol>
      <symbol id="sm-93f">
         <name>__TI_int41</name>
         <value>0xffe2</value>
         <object_component_ref idref="oc-a1"/>
      </symbol>
      <symbol id="sm-942">
         <name>__TI_int42</name>
         <value>0xffe4</value>
         <object_component_ref idref="oc-a2"/>
      </symbol>
      <symbol id="sm-945">
         <name>__TI_int43</name>
         <value>0xffe6</value>
         <object_component_ref idref="oc-a3"/>
      </symbol>
      <symbol id="sm-948">
         <name>__TI_int44</name>
         <value>0xffe8</value>
         <object_component_ref idref="oc-a4"/>
      </symbol>
      <symbol id="sm-94b">
         <name>__TI_int46</name>
         <value>0xffec</value>
         <object_component_ref idref="oc-a6"/>
      </symbol>
      <symbol id="sm-94e">
         <name>__TI_int47</name>
         <value>0xffee</value>
         <object_component_ref idref="oc-a7"/>
      </symbol>
      <symbol id="sm-951">
         <name>__TI_int48</name>
         <value>0xfff0</value>
         <object_component_ref idref="oc-a8"/>
      </symbol>
      <symbol id="sm-954">
         <name>__TI_int49</name>
         <value>0xfff2</value>
         <object_component_ref idref="oc-a9"/>
      </symbol>
      <symbol id="sm-957">
         <name>__TI_int50</name>
         <value>0xfff4</value>
         <object_component_ref idref="oc-aa"/>
      </symbol>
      <symbol id="sm-95a">
         <name>__TI_int51</name>
         <value>0xfff6</value>
         <object_component_ref idref="oc-ab"/>
      </symbol>
      <symbol id="sm-95d">
         <name>__TI_int52</name>
         <value>0xfff8</value>
         <object_component_ref idref="oc-ac"/>
      </symbol>
      <symbol id="sm-960">
         <name>__TI_int53</name>
         <value>0xfffa</value>
         <object_component_ref idref="oc-ad"/>
      </symbol>
      <symbol id="sm-963">
         <name>__TI_int54</name>
         <value>0xfffc</value>
         <object_component_ref idref="oc-ae"/>
      </symbol>
      <symbol id="sm-99e">
         <name>__mspabi_addd</name>
         <value>0x4964</value>
         <object_component_ref idref="oc-9e8"/>
      </symbol>
      <symbol id="sm-9b9">
         <name>__mspabi_subf</name>
         <value>0x7d76</value>
         <object_component_ref idref="oc-85c"/>
      </symbol>
      <symbol id="sm-9ba">
         <name>__mspabi_addf</name>
         <value>0x7d7c</value>
         <object_component_ref idref="oc-85c"/>
      </symbol>
      <symbol id="sm-9d9">
         <name>__mspabi_cmpd</name>
         <value>0x7fc8</value>
         <object_component_ref idref="oc-9ee"/>
      </symbol>
      <symbol id="sm-9e9">
         <name>__mspabi_cmpf</name>
         <value>0x8cb4</value>
         <object_component_ref idref="oc-857"/>
      </symbol>
      <symbol id="sm-a03">
         <name>__mspabi_cvtdf</name>
         <value>0x845c</value>
         <object_component_ref idref="oc-94e"/>
      </symbol>
      <symbol id="sm-a11">
         <name>__mspabi_cvtfd</name>
         <value>0x89ec</value>
         <object_component_ref idref="oc-942"/>
      </symbol>
      <symbol id="sm-a32">
         <name>__mspabi_divd</name>
         <value>0x7316</value>
         <object_component_ref idref="oc-954"/>
      </symbol>
      <symbol id="sm-a4d">
         <name>__TI_frcdivd</name>
         <value>0x5bee</value>
         <object_component_ref idref="oc-9d5"/>
      </symbol>
      <symbol id="sm-a5f">
         <name>__mspabi_divf</name>
         <value>0x8652</value>
         <object_component_ref idref="oc-7a9"/>
      </symbol>
      <symbol id="sm-a75">
         <name>__mspabi_fixfi</name>
         <value>0x891e</value>
         <object_component_ref idref="oc-a7c"/>
      </symbol>
      <symbol id="sm-a7e">
         <name>__mspabi_fltid</name>
         <value>0x90fe</value>
         <object_component_ref idref="oc-a87"/>
      </symbol>
      <symbol id="sm-a96">
         <name>__mspabi_fltlid</name>
         <value>0x85b4</value>
         <object_component_ref idref="oc-a61"/>
      </symbol>
      <symbol id="sm-aa5">
         <name>__mspabi_fltlif</name>
         <value>0x8cfe</value>
         <object_component_ref idref="oc-7a4"/>
      </symbol>
      <symbol id="sm-aca">
         <name>__mspabi_mpyd</name>
         <value>0x7084</value>
         <object_component_ref idref="oc-948"/>
      </symbol>
      <symbol id="sm-ad5">
         <name>__TI_frcmpyd</name>
         <value>0x7822</value>
         <object_component_ref idref="oc-9c1"/>
      </symbol>
      <symbol id="sm-aec">
         <name>__mspabi_mpyf</name>
         <value>0x82f2</value>
         <object_component_ref idref="oc-884"/>
      </symbol>
      <symbol id="sm-af5">
         <name>__mspabi_mpyi_f5hw</name>
         <value>0x908c</value>
         <object_component_ref idref="oc-889"/>
      </symbol>
      <symbol id="sm-afe">
         <name>__mspabi_mpyl_f5hw</name>
         <value>0x8fec</value>
         <object_component_ref idref="oc-92e"/>
      </symbol>
      <symbol id="sm-b07">
         <name>__mspabi_mpyll_f5hw</name>
         <value>0x8aae</value>
         <object_component_ref idref="oc-a2f"/>
      </symbol>
      <symbol id="sm-b10">
         <name>__mspabi_mpyull_f5hw</name>
         <value>0x8f70</value>
         <object_component_ref idref="oc-a34"/>
      </symbol>
      <symbol id="sm-b1b">
         <name>__mspabi_negf</name>
         <value>0x9120</value>
         <object_component_ref idref="oc-95f"/>
      </symbol>
      <symbol id="sm-b24">
         <name>__mspabi_slll_9</name>
         <value>0x8dde</value>
         <object_component_ref idref="oc-9ce"/>
      </symbol>
      <symbol id="sm-b25">
         <name>__mspabi_slll_8</name>
         <value>0x8de2</value>
         <object_component_ref idref="oc-9ce"/>
      </symbol>
      <symbol id="sm-b26">
         <name>__mspabi_slll_7</name>
         <value>0x8de6</value>
         <object_component_ref idref="oc-9ce"/>
      </symbol>
      <symbol id="sm-b27">
         <name>__mspabi_slll_6</name>
         <value>0x8dea</value>
         <object_component_ref idref="oc-9ce"/>
      </symbol>
      <symbol id="sm-b28">
         <name>__mspabi_slll_5</name>
         <value>0x8dee</value>
         <object_component_ref idref="oc-9ce"/>
      </symbol>
      <symbol id="sm-b29">
         <name>__mspabi_slll_4</name>
         <value>0x8df2</value>
         <object_component_ref idref="oc-9ce"/>
      </symbol>
      <symbol id="sm-b2a">
         <name>__mspabi_slll_3</name>
         <value>0x8df6</value>
         <object_component_ref idref="oc-9ce"/>
      </symbol>
      <symbol id="sm-b2b">
         <name>__mspabi_slll_2</name>
         <value>0x8dfa</value>
         <object_component_ref idref="oc-9ce"/>
      </symbol>
      <symbol id="sm-b2c">
         <name>__mspabi_slll_1</name>
         <value>0x8dfe</value>
         <object_component_ref idref="oc-9ce"/>
      </symbol>
      <symbol id="sm-b2d">
         <name>__mspabi_slll_15</name>
         <value>0x8dc6</value>
         <object_component_ref idref="oc-9ce"/>
      </symbol>
      <symbol id="sm-b2e">
         <name>__mspabi_slll_14</name>
         <value>0x8dca</value>
         <object_component_ref idref="oc-9ce"/>
      </symbol>
      <symbol id="sm-b2f">
         <name>__mspabi_slll_13</name>
         <value>0x8dce</value>
         <object_component_ref idref="oc-9ce"/>
      </symbol>
      <symbol id="sm-b30">
         <name>__mspabi_slll_12</name>
         <value>0x8dd2</value>
         <object_component_ref idref="oc-9ce"/>
      </symbol>
      <symbol id="sm-b31">
         <name>__mspabi_slll_11</name>
         <value>0x8dd6</value>
         <object_component_ref idref="oc-9ce"/>
      </symbol>
      <symbol id="sm-b32">
         <name>__mspabi_slll_10</name>
         <value>0x8dda</value>
         <object_component_ref idref="oc-9ce"/>
      </symbol>
      <symbol id="sm-b3f">
         <name>__mspabi_sllll</name>
         <value>0x8e42</value>
         <object_component_ref idref="oc-a29"/>
      </symbol>
      <symbol id="sm-b50">
         <name>__mspabi_sral</name>
         <value>0x90de</value>
         <object_component_ref idref="oc-a67"/>
      </symbol>
      <symbol id="sm-b51">
         <name>__mspabi_sral_15</name>
         <value>0x8d88</value>
         <object_component_ref idref="oc-9b6"/>
      </symbol>
      <symbol id="sm-b52">
         <name>__mspabi_sral_14</name>
         <value>0x8d8c</value>
         <object_component_ref idref="oc-9b6"/>
      </symbol>
      <symbol id="sm-b53">
         <name>__mspabi_sral_13</name>
         <value>0x8d90</value>
         <object_component_ref idref="oc-9b6"/>
      </symbol>
      <symbol id="sm-b54">
         <name>__mspabi_sral_12</name>
         <value>0x8d94</value>
         <object_component_ref idref="oc-9b6"/>
      </symbol>
      <symbol id="sm-b55">
         <name>__mspabi_sral_11</name>
         <value>0x8d98</value>
         <object_component_ref idref="oc-9b6"/>
      </symbol>
      <symbol id="sm-b56">
         <name>__mspabi_sral_10</name>
         <value>0x8d9c</value>
         <object_component_ref idref="oc-9b6"/>
      </symbol>
      <symbol id="sm-b57">
         <name>__mspabi_sral_8</name>
         <value>0x8da4</value>
         <object_component_ref idref="oc-9b6"/>
      </symbol>
      <symbol id="sm-b58">
         <name>__mspabi_sral_9</name>
         <value>0x8da0</value>
         <object_component_ref idref="oc-9b6"/>
      </symbol>
      <symbol id="sm-b59">
         <name>__mspabi_sral_6</name>
         <value>0x8dac</value>
         <object_component_ref idref="oc-9b6"/>
      </symbol>
      <symbol id="sm-b5a">
         <name>__mspabi_sral_7</name>
         <value>0x8da8</value>
         <object_component_ref idref="oc-9b6"/>
      </symbol>
      <symbol id="sm-b5b">
         <name>__mspabi_sral_4</name>
         <value>0x8db4</value>
         <object_component_ref idref="oc-9b6"/>
      </symbol>
      <symbol id="sm-b5c">
         <name>__mspabi_sral_5</name>
         <value>0x8db0</value>
         <object_component_ref idref="oc-9b6"/>
      </symbol>
      <symbol id="sm-b5d">
         <name>__mspabi_sral_2</name>
         <value>0x8dbc</value>
         <object_component_ref idref="oc-9b6"/>
      </symbol>
      <symbol id="sm-b5e">
         <name>__mspabi_sral_3</name>
         <value>0x8db8</value>
         <object_component_ref idref="oc-9b6"/>
      </symbol>
      <symbol id="sm-b5f">
         <name>__mspabi_sral_1</name>
         <value>0x8dc0</value>
         <object_component_ref idref="oc-9b6"/>
      </symbol>
      <symbol id="sm-b6c">
         <name>__mspabi_srall</name>
         <value>0x8d48</value>
         <object_component_ref idref="oc-a4f"/>
      </symbol>
      <symbol id="sm-b7c">
         <name>__mspabi_srll_8</name>
         <value>0x8e20</value>
         <object_component_ref idref="oc-a45"/>
      </symbol>
      <symbol id="sm-b7d">
         <name>__mspabi_srll_9</name>
         <value>0x8e1c</value>
         <object_component_ref idref="oc-a45"/>
      </symbol>
      <symbol id="sm-b7e">
         <name>__mspabi_srll_6</name>
         <value>0x8e28</value>
         <object_component_ref idref="oc-a45"/>
      </symbol>
      <symbol id="sm-b7f">
         <name>__mspabi_srll_7</name>
         <value>0x8e24</value>
         <object_component_ref idref="oc-a45"/>
      </symbol>
      <symbol id="sm-b80">
         <name>__mspabi_srll_4</name>
         <value>0x8e30</value>
         <object_component_ref idref="oc-a45"/>
      </symbol>
      <symbol id="sm-b81">
         <name>__mspabi_srll_5</name>
         <value>0x8e2c</value>
         <object_component_ref idref="oc-a45"/>
      </symbol>
      <symbol id="sm-b82">
         <name>__mspabi_srll_2</name>
         <value>0x8e38</value>
         <object_component_ref idref="oc-a45"/>
      </symbol>
      <symbol id="sm-b83">
         <name>__mspabi_srll_3</name>
         <value>0x8e34</value>
         <object_component_ref idref="oc-a45"/>
      </symbol>
      <symbol id="sm-b84">
         <name>__mspabi_srll_1</name>
         <value>0x8e3c</value>
         <object_component_ref idref="oc-a45"/>
      </symbol>
      <symbol id="sm-b85">
         <name>__mspabi_srll_15</name>
         <value>0x8e04</value>
         <object_component_ref idref="oc-a45"/>
      </symbol>
      <symbol id="sm-b86">
         <name>__mspabi_srll_14</name>
         <value>0x8e08</value>
         <object_component_ref idref="oc-a45"/>
      </symbol>
      <symbol id="sm-b87">
         <name>__mspabi_srll_13</name>
         <value>0x8e0c</value>
         <object_component_ref idref="oc-a45"/>
      </symbol>
      <symbol id="sm-b88">
         <name>__mspabi_srll_12</name>
         <value>0x8e10</value>
         <object_component_ref idref="oc-a45"/>
      </symbol>
      <symbol id="sm-b89">
         <name>__mspabi_srll_11</name>
         <value>0x8e14</value>
         <object_component_ref idref="oc-a45"/>
      </symbol>
      <symbol id="sm-b8a">
         <name>__mspabi_srll_10</name>
         <value>0x8e18</value>
         <object_component_ref idref="oc-a45"/>
      </symbol>
      <symbol id="sm-b8b">
         <name>__mspabi_srll</name>
         <value>0x90ee</value>
         <object_component_ref idref="oc-a9a"/>
      </symbol>
      <symbol id="sm-b98">
         <name>__mspabi_srlll</name>
         <value>0x8e7c</value>
         <object_component_ref idref="oc-a39"/>
      </symbol>
      <symbol id="sm-ba1">
         <name>__mspabi_subd</name>
         <value>0x8eb6</value>
         <object_component_ref idref="oc-9e2"/>
      </symbol>
      <symbol id="sm-bb1">
         <name>_c_int00_noargs_mpu</name>
         <value>0x94ec</value>
         <object_component_ref idref="oc-70f"/>
      </symbol>
      <symbol id="sm-bb2">
         <name>_stack</name>
         <value>0x2b60</value>
         <object_component_ref idref="oc-6be"/>
      </symbol>
      <symbol id="sm-bb3">
         <name>_reset_vector</name>
         <value>0xfffe</value>
         <object_component_ref idref="oc-6c1"/>
      </symbol>
      <symbol id="sm-bbc">
         <name>__mpu_init</name>
         <value>0x8f44</value>
         <object_component_ref idref="oc-76e"/>
      </symbol>
      <symbol id="sm-be0">
         <name>__TI_auto_init_nobinit_nopinit_hold_wdt</name>
         <value>0x8bba</value>
         <object_component_ref idref="oc-80e"/>
      </symbol>
      <symbol id="sm-be9">
         <name>_system_post_cinit</name>
         <value>0x913a</value>
         <object_component_ref idref="oc-8de"/>
      </symbol>
      <symbol id="sm-bf2">
         <name>_system_pre_init</name>
         <value>0x9136</value>
         <object_component_ref idref="oc-756"/>
      </symbol>
      <symbol id="sm-bfc">
         <name>abs</name>
         <value>0x9116</value>
         <object_component_ref idref="oc-a81"/>
      </symbol>
      <symbol id="sm-c0c">
         <name>C$$EXIT</name>
         <value>0x9130</value>
         <object_component_ref idref="oc-7ea"/>
      </symbol>
      <symbol id="sm-c0d">
         <name>abort</name>
         <value>0x9130</value>
         <object_component_ref idref="oc-7ea"/>
      </symbol>
      <symbol id="sm-c1d">
         <name>memcpy</name>
         <value>0x90b8</value>
         <object_component_ref idref="oc-6cd"/>
      </symbol>
      <symbol id="sm-c3f">
         <name>tanh</name>
         <value>0x7532</value>
         <object_component_ref idref="oc-96a"/>
      </symbol>
      <symbol id="sm-c40">
         <name>tanhl</name>
         <value>0x7532</value>
         <object_component_ref idref="oc-96a"/>
      </symbol>
      <symbol id="sm-c49">
         <name>__mspabi_negd</name>
         <value>0x8ee8</value>
         <object_component_ref idref="oc-9fa"/>
      </symbol>
      <symbol id="sm-c9a">
         <name>expm1l</name>
         <value>0x508e</value>
         <object_component_ref idref="oc-9f4"/>
      </symbol>
      <symbol id="sm-c9b">
         <name>expm1</name>
         <value>0x508e</value>
         <object_component_ref idref="oc-9f4"/>
      </symbol>
      <symbol id="sm-caa">
         <name>__mspabi_fixdli</name>
         <value>0x8986</value>
         <object_component_ref idref="oc-a5b"/>
      </symbol>
      <symbol id="sm-cb1">
         <name>errno</name>
         <value>0x1c00</value>
         <object_component_ref idref="oc-a58"/>
      </symbol>
   </symbol_table>
   <title>Link successful</title>
</link_info>
