<?xml version="1.0" encoding="ISO-8859-1" ?>
<link_info>
   <banner>MSP430 Linker Unix v21.6.1.LTS</banner>
   <copyright>Copyright (c) 2003-2018 Texas Instruments Incorporated</copyright>
   <link_time>0x6627d7ee</link_time>
   <link_errors>0x0</link_errors>
   <output_file>td1m_predictor.out</output_file>
   <entry_point>
      <name>_c_int00_noargs_mpu</name>
      <address>0x98e4</address>
   </entry_point>
   <input_file_list>
      <input_file id="fl-2">
         <path>./src/NoFearForDiabetes/scripts/</path>
         <kind>object</kind>
         <file>anomaly_detector.obj</file>
         <name>anomaly_detector.obj</name>
      </input_file>
      <input_file id="fl-3">
         <path>./src/NoFearForDiabetes/scripts/</path>
         <kind>object</kind>
         <file>auxiliary_functions.obj</file>
         <name>auxiliary_functions.obj</name>
      </input_file>
      <input_file id="fl-4">
         <path>./src/NoFearForDiabetes/scripts/</path>
         <kind>object</kind>
         <file>ekf.obj</file>
         <name>ekf.obj</name>
      </input_file>
      <input_file id="fl-5">
         <path>./src/NoFearForDiabetes/scripts/</path>
         <kind>object</kind>
         <file>main.obj</file>
         <name>main.obj</name>
      </input_file>
      <input_file id="fl-6">
         <path>./src/NoFearForDiabetes/scripts/</path>
         <kind>object</kind>
         <file>memory_util.obj</file>
         <name>memory_util.obj</name>
      </input_file>
      <input_file id="fl-7">
         <path>./src/NoFearForDiabetes/scripts/</path>
         <kind>object</kind>
         <file>model.obj</file>
         <name>model.obj</name>
      </input_file>
      <input_file id="fl-8">
         <path>./src/NoFearForDiabetes/scripts/</path>
         <kind>object</kind>
         <file>patient.obj</file>
         <name>patient.obj</name>
      </input_file>
      <input_file id="fl-9">
         <path>./src/NoFearForDiabetes/scripts/</path>
         <kind>object</kind>
         <file>util.obj</file>
         <name>util.obj</name>
      </input_file>
      <input_file id="fl-a">
         <path>./src/driverlib/MSP430FR5xx_6xx/</path>
         <kind>object</kind>
         <file>adc12_b.obj</file>
         <name>adc12_b.obj</name>
      </input_file>
      <input_file id="fl-b">
         <path>./src/driverlib/MSP430FR5xx_6xx/</path>
         <kind>object</kind>
         <file>aes256.obj</file>
         <name>aes256.obj</name>
      </input_file>
      <input_file id="fl-c">
         <path>./src/driverlib/MSP430FR5xx_6xx/</path>
         <kind>object</kind>
         <file>comp_e.obj</file>
         <name>comp_e.obj</name>
      </input_file>
      <input_file id="fl-d">
         <path>./src/driverlib/MSP430FR5xx_6xx/</path>
         <kind>object</kind>
         <file>crc.obj</file>
         <name>crc.obj</name>
      </input_file>
      <input_file id="fl-e">
         <path>./src/driverlib/MSP430FR5xx_6xx/</path>
         <kind>object</kind>
         <file>crc32.obj</file>
         <name>crc32.obj</name>
      </input_file>
      <input_file id="fl-f">
         <path>./src/driverlib/MSP430FR5xx_6xx/</path>
         <kind>object</kind>
         <file>cs.obj</file>
         <name>cs.obj</name>
      </input_file>
      <input_file id="fl-10">
         <path>./src/driverlib/MSP430FR5xx_6xx/</path>
         <kind>object</kind>
         <file>dma.obj</file>
         <name>dma.obj</name>
      </input_file>
      <input_file id="fl-11">
         <path>./src/driverlib/MSP430FR5xx_6xx/</path>
         <kind>object</kind>
         <file>esi.obj</file>
         <name>esi.obj</name>
      </input_file>
      <input_file id="fl-12">
         <path>./src/driverlib/MSP430FR5xx_6xx/</path>
         <kind>object</kind>
         <file>eusci_a_spi.obj</file>
         <name>eusci_a_spi.obj</name>
      </input_file>
      <input_file id="fl-13">
         <path>./src/driverlib/MSP430FR5xx_6xx/</path>
         <kind>object</kind>
         <file>eusci_a_uart.obj</file>
         <name>eusci_a_uart.obj</name>
      </input_file>
      <input_file id="fl-14">
         <path>./src/driverlib/MSP430FR5xx_6xx/</path>
         <kind>object</kind>
         <file>eusci_b_i2c.obj</file>
         <name>eusci_b_i2c.obj</name>
      </input_file>
      <input_file id="fl-15">
         <path>./src/driverlib/MSP430FR5xx_6xx/</path>
         <kind>object</kind>
         <file>eusci_b_spi.obj</file>
         <name>eusci_b_spi.obj</name>
      </input_file>
      <input_file id="fl-16">
         <path>./src/driverlib/MSP430FR5xx_6xx/</path>
         <kind>object</kind>
         <file>framctl.obj</file>
         <name>framctl.obj</name>
      </input_file>
      <input_file id="fl-17">
         <path>./src/driverlib/MSP430FR5xx_6xx/</path>
         <kind>object</kind>
         <file>framctl_a.obj</file>
         <name>framctl_a.obj</name>
      </input_file>
      <input_file id="fl-18">
         <path>./src/driverlib/MSP430FR5xx_6xx/</path>
         <kind>object</kind>
         <file>gpio.obj</file>
         <name>gpio.obj</name>
      </input_file>
      <input_file id="fl-19">
         <path>./src/driverlib/MSP430FR5xx_6xx/</path>
         <kind>object</kind>
         <file>hspll.obj</file>
         <name>hspll.obj</name>
      </input_file>
      <input_file id="fl-1a">
         <path>./src/driverlib/MSP430FR5xx_6xx/</path>
         <kind>object</kind>
         <file>lcd_c.obj</file>
         <name>lcd_c.obj</name>
      </input_file>
      <input_file id="fl-1b">
         <path>./src/driverlib/MSP430FR5xx_6xx/</path>
         <kind>object</kind>
         <file>mpu.obj</file>
         <name>mpu.obj</name>
      </input_file>
      <input_file id="fl-1c">
         <path>./src/driverlib/MSP430FR5xx_6xx/</path>
         <kind>object</kind>
         <file>mpy32.obj</file>
         <name>mpy32.obj</name>
      </input_file>
      <input_file id="fl-1d">
         <path>./src/driverlib/MSP430FR5xx_6xx/</path>
         <kind>object</kind>
         <file>mtif.obj</file>
         <name>mtif.obj</name>
      </input_file>
      <input_file id="fl-1e">
         <path>./src/driverlib/MSP430FR5xx_6xx/</path>
         <kind>object</kind>
         <file>pmm.obj</file>
         <name>pmm.obj</name>
      </input_file>
      <input_file id="fl-1f">
         <path>./src/driverlib/MSP430FR5xx_6xx/</path>
         <kind>object</kind>
         <file>ram.obj</file>
         <name>ram.obj</name>
      </input_file>
      <input_file id="fl-20">
         <path>./src/driverlib/MSP430FR5xx_6xx/</path>
         <kind>object</kind>
         <file>ref_a.obj</file>
         <name>ref_a.obj</name>
      </input_file>
      <input_file id="fl-21">
         <path>./src/driverlib/MSP430FR5xx_6xx/</path>
         <kind>object</kind>
         <file>rtc_b.obj</file>
         <name>rtc_b.obj</name>
      </input_file>
      <input_file id="fl-22">
         <path>./src/driverlib/MSP430FR5xx_6xx/</path>
         <kind>object</kind>
         <file>rtc_c.obj</file>
         <name>rtc_c.obj</name>
      </input_file>
      <input_file id="fl-23">
         <path>./src/driverlib/MSP430FR5xx_6xx/</path>
         <kind>object</kind>
         <file>saph.obj</file>
         <name>saph.obj</name>
      </input_file>
      <input_file id="fl-24">
         <path>./src/driverlib/MSP430FR5xx_6xx/</path>
         <kind>object</kind>
         <file>sdhs.obj</file>
         <name>sdhs.obj</name>
      </input_file>
      <input_file id="fl-25">
         <path>./src/driverlib/MSP430FR5xx_6xx/</path>
         <kind>object</kind>
         <file>sfr.obj</file>
         <name>sfr.obj</name>
      </input_file>
      <input_file id="fl-26">
         <path>./src/driverlib/MSP430FR5xx_6xx/</path>
         <kind>object</kind>
         <file>sysctl.obj</file>
         <name>sysctl.obj</name>
      </input_file>
      <input_file id="fl-27">
         <path>./src/driverlib/MSP430FR5xx_6xx/</path>
         <kind>object</kind>
         <file>timer_a.obj</file>
         <name>timer_a.obj</name>
      </input_file>
      <input_file id="fl-28">
         <path>./src/driverlib/MSP430FR5xx_6xx/</path>
         <kind>object</kind>
         <file>timer_b.obj</file>
         <name>timer_b.obj</name>
      </input_file>
      <input_file id="fl-29">
         <path>./src/driverlib/MSP430FR5xx_6xx/</path>
         <kind>object</kind>
         <file>tlv.obj</file>
         <name>tlv.obj</name>
      </input_file>
      <input_file id="fl-2a">
         <path>./src/driverlib/MSP430FR5xx_6xx/</path>
         <kind>object</kind>
         <file>uups.obj</file>
         <name>uups.obj</name>
      </input_file>
      <input_file id="fl-2b">
         <path>./src/driverlib/MSP430FR5xx_6xx/</path>
         <kind>object</kind>
         <file>wdt_a.obj</file>
         <name>wdt_a.obj</name>
      </input_file>
      <input_file id="fl-32">
         <kind>object</kind>
         <file>&lt;internal&gt;</file>
         <name>&lt;internal&gt;</name>
      </input_file>
      <input_file id="fl-52">
         <path>/Applications/ti/ccs1250/ccs/tools/compiler/ti-cgt-msp430_21.6.1.LTS/lib/</path>
         <kind>archive</kind>
         <file>rts430x_lc_rd_eabi.lib</file>
         <name>copy_decompress_lzss.c.obj</name>
      </input_file>
      <input_file id="fl-53">
         <path>/Applications/ti/ccs1250/ccs/tools/compiler/ti-cgt-msp430_21.6.1.LTS/lib/</path>
         <kind>archive</kind>
         <file>rts430x_lc_rd_eabi.lib</file>
         <name>copy_decompress_none.c.obj</name>
      </input_file>
      <input_file id="fl-54">
         <path>/Applications/ti/ccs1250/ccs/tools/compiler/ti-cgt-msp430_21.6.1.LTS/lib/</path>
         <kind>archive</kind>
         <file>rts430x_lc_rd_eabi.lib</file>
         <name>int18.asm.obj</name>
      </input_file>
      <input_file id="fl-55">
         <path>/Applications/ti/ccs1250/ccs/tools/compiler/ti-cgt-msp430_21.6.1.LTS/lib/</path>
         <kind>archive</kind>
         <file>rts430x_lc_rd_eabi.lib</file>
         <name>isr_trap.asm.obj</name>
      </input_file>
      <input_file id="fl-56">
         <path>/Applications/ti/ccs1250/ccs/tools/compiler/ti-cgt-msp430_21.6.1.LTS/lib/</path>
         <kind>archive</kind>
         <file>rts430x_lc_rd_eabi.lib</file>
         <name>int19.asm.obj</name>
      </input_file>
      <input_file id="fl-57">
         <path>/Applications/ti/ccs1250/ccs/tools/compiler/ti-cgt-msp430_21.6.1.LTS/lib/</path>
         <kind>archive</kind>
         <file>rts430x_lc_rd_eabi.lib</file>
         <name>int20.asm.obj</name>
      </input_file>
      <input_file id="fl-58">
         <path>/Applications/ti/ccs1250/ccs/tools/compiler/ti-cgt-msp430_21.6.1.LTS/lib/</path>
         <kind>archive</kind>
         <file>rts430x_lc_rd_eabi.lib</file>
         <name>int21.asm.obj</name>
      </input_file>
      <input_file id="fl-59">
         <path>/Applications/ti/ccs1250/ccs/tools/compiler/ti-cgt-msp430_21.6.1.LTS/lib/</path>
         <kind>archive</kind>
         <file>rts430x_lc_rd_eabi.lib</file>
         <name>int22.asm.obj</name>
      </input_file>
      <input_file id="fl-5a">
         <path>/Applications/ti/ccs1250/ccs/tools/compiler/ti-cgt-msp430_21.6.1.LTS/lib/</path>
         <kind>archive</kind>
         <file>rts430x_lc_rd_eabi.lib</file>
         <name>int23.asm.obj</name>
      </input_file>
      <input_file id="fl-5b">
         <path>/Applications/ti/ccs1250/ccs/tools/compiler/ti-cgt-msp430_21.6.1.LTS/lib/</path>
         <kind>archive</kind>
         <file>rts430x_lc_rd_eabi.lib</file>
         <name>int24.asm.obj</name>
      </input_file>
      <input_file id="fl-5c">
         <path>/Applications/ti/ccs1250/ccs/tools/compiler/ti-cgt-msp430_21.6.1.LTS/lib/</path>
         <kind>archive</kind>
         <file>rts430x_lc_rd_eabi.lib</file>
         <name>int25.asm.obj</name>
      </input_file>
      <input_file id="fl-5d">
         <path>/Applications/ti/ccs1250/ccs/tools/compiler/ti-cgt-msp430_21.6.1.LTS/lib/</path>
         <kind>archive</kind>
         <file>rts430x_lc_rd_eabi.lib</file>
         <name>int26.asm.obj</name>
      </input_file>
      <input_file id="fl-5e">
         <path>/Applications/ti/ccs1250/ccs/tools/compiler/ti-cgt-msp430_21.6.1.LTS/lib/</path>
         <kind>archive</kind>
         <file>rts430x_lc_rd_eabi.lib</file>
         <name>int27.asm.obj</name>
      </input_file>
      <input_file id="fl-5f">
         <path>/Applications/ti/ccs1250/ccs/tools/compiler/ti-cgt-msp430_21.6.1.LTS/lib/</path>
         <kind>archive</kind>
         <file>rts430x_lc_rd_eabi.lib</file>
         <name>int28.asm.obj</name>
      </input_file>
      <input_file id="fl-60">
         <path>/Applications/ti/ccs1250/ccs/tools/compiler/ti-cgt-msp430_21.6.1.LTS/lib/</path>
         <kind>archive</kind>
         <file>rts430x_lc_rd_eabi.lib</file>
         <name>int29.asm.obj</name>
      </input_file>
      <input_file id="fl-61">
         <path>/Applications/ti/ccs1250/ccs/tools/compiler/ti-cgt-msp430_21.6.1.LTS/lib/</path>
         <kind>archive</kind>
         <file>rts430x_lc_rd_eabi.lib</file>
         <name>int30.asm.obj</name>
      </input_file>
      <input_file id="fl-62">
         <path>/Applications/ti/ccs1250/ccs/tools/compiler/ti-cgt-msp430_21.6.1.LTS/lib/</path>
         <kind>archive</kind>
         <file>rts430x_lc_rd_eabi.lib</file>
         <name>int31.asm.obj</name>
      </input_file>
      <input_file id="fl-63">
         <path>/Applications/ti/ccs1250/ccs/tools/compiler/ti-cgt-msp430_21.6.1.LTS/lib/</path>
         <kind>archive</kind>
         <file>rts430x_lc_rd_eabi.lib</file>
         <name>int32.asm.obj</name>
      </input_file>
      <input_file id="fl-64">
         <path>/Applications/ti/ccs1250/ccs/tools/compiler/ti-cgt-msp430_21.6.1.LTS/lib/</path>
         <kind>archive</kind>
         <file>rts430x_lc_rd_eabi.lib</file>
         <name>int33.asm.obj</name>
      </input_file>
      <input_file id="fl-65">
         <path>/Applications/ti/ccs1250/ccs/tools/compiler/ti-cgt-msp430_21.6.1.LTS/lib/</path>
         <kind>archive</kind>
         <file>rts430x_lc_rd_eabi.lib</file>
         <name>int34.asm.obj</name>
      </input_file>
      <input_file id="fl-66">
         <path>/Applications/ti/ccs1250/ccs/tools/compiler/ti-cgt-msp430_21.6.1.LTS/lib/</path>
         <kind>archive</kind>
         <file>rts430x_lc_rd_eabi.lib</file>
         <name>int35.asm.obj</name>
      </input_file>
      <input_file id="fl-67">
         <path>/Applications/ti/ccs1250/ccs/tools/compiler/ti-cgt-msp430_21.6.1.LTS/lib/</path>
         <kind>archive</kind>
         <file>rts430x_lc_rd_eabi.lib</file>
         <name>int36.asm.obj</name>
      </input_file>
      <input_file id="fl-68">
         <path>/Applications/ti/ccs1250/ccs/tools/compiler/ti-cgt-msp430_21.6.1.LTS/lib/</path>
         <kind>archive</kind>
         <file>rts430x_lc_rd_eabi.lib</file>
         <name>int37.asm.obj</name>
      </input_file>
      <input_file id="fl-69">
         <path>/Applications/ti/ccs1250/ccs/tools/compiler/ti-cgt-msp430_21.6.1.LTS/lib/</path>
         <kind>archive</kind>
         <file>rts430x_lc_rd_eabi.lib</file>
         <name>int38.asm.obj</name>
      </input_file>
      <input_file id="fl-6a">
         <path>/Applications/ti/ccs1250/ccs/tools/compiler/ti-cgt-msp430_21.6.1.LTS/lib/</path>
         <kind>archive</kind>
         <file>rts430x_lc_rd_eabi.lib</file>
         <name>int40.asm.obj</name>
      </input_file>
      <input_file id="fl-6b">
         <path>/Applications/ti/ccs1250/ccs/tools/compiler/ti-cgt-msp430_21.6.1.LTS/lib/</path>
         <kind>archive</kind>
         <file>rts430x_lc_rd_eabi.lib</file>
         <name>int41.asm.obj</name>
      </input_file>
      <input_file id="fl-6c">
         <path>/Applications/ti/ccs1250/ccs/tools/compiler/ti-cgt-msp430_21.6.1.LTS/lib/</path>
         <kind>archive</kind>
         <file>rts430x_lc_rd_eabi.lib</file>
         <name>int42.asm.obj</name>
      </input_file>
      <input_file id="fl-6d">
         <path>/Applications/ti/ccs1250/ccs/tools/compiler/ti-cgt-msp430_21.6.1.LTS/lib/</path>
         <kind>archive</kind>
         <file>rts430x_lc_rd_eabi.lib</file>
         <name>int43.asm.obj</name>
      </input_file>
      <input_file id="fl-6e">
         <path>/Applications/ti/ccs1250/ccs/tools/compiler/ti-cgt-msp430_21.6.1.LTS/lib/</path>
         <kind>archive</kind>
         <file>rts430x_lc_rd_eabi.lib</file>
         <name>int44.asm.obj</name>
      </input_file>
      <input_file id="fl-6f">
         <path>/Applications/ti/ccs1250/ccs/tools/compiler/ti-cgt-msp430_21.6.1.LTS/lib/</path>
         <kind>archive</kind>
         <file>rts430x_lc_rd_eabi.lib</file>
         <name>int45.asm.obj</name>
      </input_file>
      <input_file id="fl-70">
         <path>/Applications/ti/ccs1250/ccs/tools/compiler/ti-cgt-msp430_21.6.1.LTS/lib/</path>
         <kind>archive</kind>
         <file>rts430x_lc_rd_eabi.lib</file>
         <name>int46.asm.obj</name>
      </input_file>
      <input_file id="fl-71">
         <path>/Applications/ti/ccs1250/ccs/tools/compiler/ti-cgt-msp430_21.6.1.LTS/lib/</path>
         <kind>archive</kind>
         <file>rts430x_lc_rd_eabi.lib</file>
         <name>int47.asm.obj</name>
      </input_file>
      <input_file id="fl-72">
         <path>/Applications/ti/ccs1250/ccs/tools/compiler/ti-cgt-msp430_21.6.1.LTS/lib/</path>
         <kind>archive</kind>
         <file>rts430x_lc_rd_eabi.lib</file>
         <name>int48.asm.obj</name>
      </input_file>
      <input_file id="fl-73">
         <path>/Applications/ti/ccs1250/ccs/tools/compiler/ti-cgt-msp430_21.6.1.LTS/lib/</path>
         <kind>archive</kind>
         <file>rts430x_lc_rd_eabi.lib</file>
         <name>int49.asm.obj</name>
      </input_file>
      <input_file id="fl-74">
         <path>/Applications/ti/ccs1250/ccs/tools/compiler/ti-cgt-msp430_21.6.1.LTS/lib/</path>
         <kind>archive</kind>
         <file>rts430x_lc_rd_eabi.lib</file>
         <name>int50.asm.obj</name>
      </input_file>
      <input_file id="fl-75">
         <path>/Applications/ti/ccs1250/ccs/tools/compiler/ti-cgt-msp430_21.6.1.LTS/lib/</path>
         <kind>archive</kind>
         <file>rts430x_lc_rd_eabi.lib</file>
         <name>int51.asm.obj</name>
      </input_file>
      <input_file id="fl-76">
         <path>/Applications/ti/ccs1250/ccs/tools/compiler/ti-cgt-msp430_21.6.1.LTS/lib/</path>
         <kind>archive</kind>
         <file>rts430x_lc_rd_eabi.lib</file>
         <name>int52.asm.obj</name>
      </input_file>
      <input_file id="fl-77">
         <path>/Applications/ti/ccs1250/ccs/tools/compiler/ti-cgt-msp430_21.6.1.LTS/lib/</path>
         <kind>archive</kind>
         <file>rts430x_lc_rd_eabi.lib</file>
         <name>int53.asm.obj</name>
      </input_file>
      <input_file id="fl-78">
         <path>/Applications/ti/ccs1250/ccs/tools/compiler/ti-cgt-msp430_21.6.1.LTS/lib/</path>
         <kind>archive</kind>
         <file>rts430x_lc_rd_eabi.lib</file>
         <name>int54.asm.obj</name>
      </input_file>
      <input_file id="fl-79">
         <path>/Applications/ti/ccs1250/ccs/tools/compiler/ti-cgt-msp430_21.6.1.LTS/lib/</path>
         <kind>archive</kind>
         <file>rts430x_lc_rd_eabi.lib</file>
         <name>copy_zero_init.c.obj</name>
      </input_file>
      <input_file id="fl-7a">
         <path>/Applications/ti/ccs1250/ccs/tools/compiler/ti-cgt-msp430_21.6.1.LTS/lib/</path>
         <kind>archive</kind>
         <file>rts430x_lc_rd_eabi.lib</file>
         <name>clock.c.obj</name>
      </input_file>
      <input_file id="fl-7b">
         <path>/Applications/ti/ccs1250/ccs/tools/compiler/ti-cgt-msp430_21.6.1.LTS/lib/</path>
         <kind>archive</kind>
         <file>rts430x_lc_rd_eabi.lib</file>
         <name>hostclock.c.obj</name>
      </input_file>
      <input_file id="fl-7c">
         <path>/Applications/ti/ccs1250/ccs/tools/compiler/ti-cgt-msp430_21.6.1.LTS/lib/</path>
         <kind>archive</kind>
         <file>rts430x_lc_rd_eabi.lib</file>
         <name>trgmsg.c.obj</name>
      </input_file>
      <input_file id="fl-7d">
         <path>/Applications/ti/ccs1250/ccs/tools/compiler/ti-cgt-msp430_21.6.1.LTS/lib/</path>
         <kind>archive</kind>
         <file>rts430x_lc_rd_eabi.lib</file>
         <name>addd.c.obj</name>
      </input_file>
      <input_file id="fl-7e">
         <path>/Applications/ti/ccs1250/ccs/tools/compiler/ti-cgt-msp430_21.6.1.LTS/lib/</path>
         <kind>archive</kind>
         <file>rts430x_lc_rd_eabi.lib</file>
         <name>fs_add.asm.obj</name>
      </input_file>
      <input_file id="fl-7f">
         <path>/Applications/ti/ccs1250/ccs/tools/compiler/ti-cgt-msp430_21.6.1.LTS/lib/</path>
         <kind>archive</kind>
         <file>rts430x_lc_rd_eabi.lib</file>
         <name>cmpd.c.obj</name>
      </input_file>
      <input_file id="fl-80">
         <path>/Applications/ti/ccs1250/ccs/tools/compiler/ti-cgt-msp430_21.6.1.LTS/lib/</path>
         <kind>archive</kind>
         <file>rts430x_lc_rd_eabi.lib</file>
         <name>fs_cmp.asm.obj</name>
      </input_file>
      <input_file id="fl-81">
         <path>/Applications/ti/ccs1250/ccs/tools/compiler/ti-cgt-msp430_21.6.1.LTS/lib/</path>
         <kind>archive</kind>
         <file>rts430x_lc_rd_eabi.lib</file>
         <name>cvtdf.c.obj</name>
      </input_file>
      <input_file id="fl-82">
         <path>/Applications/ti/ccs1250/ccs/tools/compiler/ti-cgt-msp430_21.6.1.LTS/lib/</path>
         <kind>archive</kind>
         <file>rts430x_lc_rd_eabi.lib</file>
         <name>cvtfd.c.obj</name>
      </input_file>
      <input_file id="fl-83">
         <path>/Applications/ti/ccs1250/ccs/tools/compiler/ti-cgt-msp430_21.6.1.LTS/lib/</path>
         <kind>archive</kind>
         <file>rts430x_lc_rd_eabi.lib</file>
         <name>divd.c.obj</name>
      </input_file>
      <input_file id="fl-84">
         <path>/Applications/ti/ccs1250/ccs/tools/compiler/ti-cgt-msp430_21.6.1.LTS/lib/</path>
         <kind>archive</kind>
         <file>rts430x_lc_rd_eabi.lib</file>
         <name>frcdivd.c.obj</name>
      </input_file>
      <input_file id="fl-85">
         <path>/Applications/ti/ccs1250/ccs/tools/compiler/ti-cgt-msp430_21.6.1.LTS/lib/</path>
         <kind>archive</kind>
         <file>rts430x_lc_rd_eabi.lib</file>
         <name>fs_div.asm.obj</name>
      </input_file>
      <input_file id="fl-86">
         <path>/Applications/ti/ccs1250/ccs/tools/compiler/ti-cgt-msp430_21.6.1.LTS/lib/</path>
         <kind>archive</kind>
         <file>rts430x_lc_rd_eabi.lib</file>
         <name>div16s.asm.obj</name>
      </input_file>
      <input_file id="fl-87">
         <path>/Applications/ti/ccs1250/ccs/tools/compiler/ti-cgt-msp430_21.6.1.LTS/lib/</path>
         <kind>archive</kind>
         <file>rts430x_lc_rd_eabi.lib</file>
         <name>div32s.asm.obj</name>
      </input_file>
      <input_file id="fl-88">
         <path>/Applications/ti/ccs1250/ccs/tools/compiler/ti-cgt-msp430_21.6.1.LTS/lib/</path>
         <kind>archive</kind>
         <file>rts430x_lc_rd_eabi.lib</file>
         <name>div16u.asm.obj</name>
      </input_file>
      <input_file id="fl-89">
         <path>/Applications/ti/ccs1250/ccs/tools/compiler/ti-cgt-msp430_21.6.1.LTS/lib/</path>
         <kind>archive</kind>
         <file>rts430x_lc_rd_eabi.lib</file>
         <name>div32u.asm.obj</name>
      </input_file>
      <input_file id="fl-8a">
         <path>/Applications/ti/ccs1250/ccs/tools/compiler/ti-cgt-msp430_21.6.1.LTS/lib/</path>
         <kind>archive</kind>
         <file>rts430x_lc_rd_eabi.lib</file>
         <name>fs_toi.asm.obj</name>
      </input_file>
      <input_file id="fl-8b">
         <path>/Applications/ti/ccs1250/ccs/tools/compiler/ti-cgt-msp430_21.6.1.LTS/lib/</path>
         <kind>archive</kind>
         <file>rts430x_lc_rd_eabi.lib</file>
         <name>fltid.c.obj</name>
      </input_file>
      <input_file id="fl-8c">
         <path>/Applications/ti/ccs1250/ccs/tools/compiler/ti-cgt-msp430_21.6.1.LTS/lib/</path>
         <kind>archive</kind>
         <file>rts430x_lc_rd_eabi.lib</file>
         <name>fltlid.c.obj</name>
      </input_file>
      <input_file id="fl-8d">
         <path>/Applications/ti/ccs1250/ccs/tools/compiler/ti-cgt-msp430_21.6.1.LTS/lib/</path>
         <kind>archive</kind>
         <file>rts430x_lc_rd_eabi.lib</file>
         <name>fs_ultof.asm.obj</name>
      </input_file>
      <input_file id="fl-8e">
         <path>/Applications/ti/ccs1250/ccs/tools/compiler/ti-cgt-msp430_21.6.1.LTS/lib/</path>
         <kind>archive</kind>
         <file>rts430x_lc_rd_eabi.lib</file>
         <name>mpyd.c.obj</name>
      </input_file>
      <input_file id="fl-8f">
         <path>/Applications/ti/ccs1250/ccs/tools/compiler/ti-cgt-msp430_21.6.1.LTS/lib/</path>
         <kind>archive</kind>
         <file>rts430x_lc_rd_eabi.lib</file>
         <name>frcmpyd.c.obj</name>
      </input_file>
      <input_file id="fl-90">
         <path>/Applications/ti/ccs1250/ccs/tools/compiler/ti-cgt-msp430_21.6.1.LTS/lib/</path>
         <kind>archive</kind>
         <file>rts430x_lc_rd_eabi.lib</file>
         <name>fs_mpy.asm.obj</name>
      </input_file>
      <input_file id="fl-91">
         <path>/Applications/ti/ccs1250/ccs/tools/compiler/ti-cgt-msp430_21.6.1.LTS/lib/</path>
         <kind>archive</kind>
         <file>rts430x_lc_rd_eabi.lib</file>
         <name>mult16.asm.obj</name>
      </input_file>
      <input_file id="fl-92">
         <path>/Applications/ti/ccs1250/ccs/tools/compiler/ti-cgt-msp430_21.6.1.LTS/lib/</path>
         <kind>archive</kind>
         <file>rts430x_lc_rd_eabi.lib</file>
         <name>mult16_f5hw.asm.obj</name>
      </input_file>
      <input_file id="fl-93">
         <path>/Applications/ti/ccs1250/ccs/tools/compiler/ti-cgt-msp430_21.6.1.LTS/lib/</path>
         <kind>archive</kind>
         <file>rts430x_lc_rd_eabi.lib</file>
         <name>mult32.asm.obj</name>
      </input_file>
      <input_file id="fl-94">
         <path>/Applications/ti/ccs1250/ccs/tools/compiler/ti-cgt-msp430_21.6.1.LTS/lib/</path>
         <kind>archive</kind>
         <file>rts430x_lc_rd_eabi.lib</file>
         <name>mult32_f5hw.asm.obj</name>
      </input_file>
      <input_file id="fl-95">
         <path>/Applications/ti/ccs1250/ccs/tools/compiler/ti-cgt-msp430_21.6.1.LTS/lib/</path>
         <kind>archive</kind>
         <file>rts430x_lc_rd_eabi.lib</file>
         <name>mult64.asm.obj</name>
      </input_file>
      <input_file id="fl-96">
         <path>/Applications/ti/ccs1250/ccs/tools/compiler/ti-cgt-msp430_21.6.1.LTS/lib/</path>
         <kind>archive</kind>
         <file>rts430x_lc_rd_eabi.lib</file>
         <name>mult64_f5hw.asm.obj</name>
      </input_file>
      <input_file id="fl-97">
         <path>/Applications/ti/ccs1250/ccs/tools/compiler/ti-cgt-msp430_21.6.1.LTS/lib/</path>
         <kind>archive</kind>
         <file>rts430x_lc_rd_eabi.lib</file>
         <name>mult1632_f5hw.asm.obj</name>
      </input_file>
      <input_file id="fl-98">
         <path>/Applications/ti/ccs1250/ccs/tools/compiler/ti-cgt-msp430_21.6.1.LTS/lib/</path>
         <kind>archive</kind>
         <file>rts430x_lc_rd_eabi.lib</file>
         <name>mult3264_f5hw.asm.obj</name>
      </input_file>
      <input_file id="fl-99">
         <path>/Applications/ti/ccs1250/ccs/tools/compiler/ti-cgt-msp430_21.6.1.LTS/lib/</path>
         <kind>archive</kind>
         <file>rts430x_lc_rd_eabi.lib</file>
         <name>mult1632.asm.obj</name>
      </input_file>
      <input_file id="fl-9a">
         <path>/Applications/ti/ccs1250/ccs/tools/compiler/ti-cgt-msp430_21.6.1.LTS/lib/</path>
         <kind>archive</kind>
         <file>rts430x_lc_rd_eabi.lib</file>
         <name>mult3264.asm.obj</name>
      </input_file>
      <input_file id="fl-9b">
         <path>/Applications/ti/ccs1250/ccs/tools/compiler/ti-cgt-msp430_21.6.1.LTS/lib/</path>
         <kind>archive</kind>
         <file>rts430x_lc_rd_eabi.lib</file>
         <name>fs_neg.asm.obj</name>
      </input_file>
      <input_file id="fl-9c">
         <path>/Applications/ti/ccs1250/ccs/tools/compiler/ti-cgt-msp430_21.6.1.LTS/lib/</path>
         <kind>archive</kind>
         <file>rts430x_lc_rd_eabi.lib</file>
         <name>lsl16.asm.obj</name>
      </input_file>
      <input_file id="fl-9d">
         <path>/Applications/ti/ccs1250/ccs/tools/compiler/ti-cgt-msp430_21.6.1.LTS/lib/</path>
         <kind>archive</kind>
         <file>rts430x_lc_rd_eabi.lib</file>
         <name>lsl32.asm.obj</name>
      </input_file>
      <input_file id="fl-9e">
         <path>/Applications/ti/ccs1250/ccs/tools/compiler/ti-cgt-msp430_21.6.1.LTS/lib/</path>
         <kind>archive</kind>
         <file>rts430x_lc_rd_eabi.lib</file>
         <name>lsl64.c.obj</name>
      </input_file>
      <input_file id="fl-9f">
         <path>/Applications/ti/ccs1250/ccs/tools/compiler/ti-cgt-msp430_21.6.1.LTS/lib/</path>
         <kind>archive</kind>
         <file>rts430x_lc_rd_eabi.lib</file>
         <name>asr16.asm.obj</name>
      </input_file>
      <input_file id="fl-a0">
         <path>/Applications/ti/ccs1250/ccs/tools/compiler/ti-cgt-msp430_21.6.1.LTS/lib/</path>
         <kind>archive</kind>
         <file>rts430x_lc_rd_eabi.lib</file>
         <name>asr32.asm.obj</name>
      </input_file>
      <input_file id="fl-a1">
         <path>/Applications/ti/ccs1250/ccs/tools/compiler/ti-cgt-msp430_21.6.1.LTS/lib/</path>
         <kind>archive</kind>
         <file>rts430x_lc_rd_eabi.lib</file>
         <name>asr64.c.obj</name>
      </input_file>
      <input_file id="fl-a2">
         <path>/Applications/ti/ccs1250/ccs/tools/compiler/ti-cgt-msp430_21.6.1.LTS/lib/</path>
         <kind>archive</kind>
         <file>rts430x_lc_rd_eabi.lib</file>
         <name>lsr32.asm.obj</name>
      </input_file>
      <input_file id="fl-a3">
         <path>/Applications/ti/ccs1250/ccs/tools/compiler/ti-cgt-msp430_21.6.1.LTS/lib/</path>
         <kind>archive</kind>
         <file>rts430x_lc_rd_eabi.lib</file>
         <name>lsr64.c.obj</name>
      </input_file>
      <input_file id="fl-a4">
         <path>/Applications/ti/ccs1250/ccs/tools/compiler/ti-cgt-msp430_21.6.1.LTS/lib/</path>
         <kind>archive</kind>
         <file>rts430x_lc_rd_eabi.lib</file>
         <name>subd.c.obj</name>
      </input_file>
      <input_file id="fl-a5">
         <path>/Applications/ti/ccs1250/ccs/tools/compiler/ti-cgt-msp430_21.6.1.LTS/lib/</path>
         <kind>archive</kind>
         <file>rts430x_lc_rd_eabi.lib</file>
         <name>boot.c.obj</name>
      </input_file>
      <input_file id="fl-a6">
         <path>/Applications/ti/ccs1250/ccs/ccs_base/msp430/lib/FR59xx/</path>
         <kind>archive</kind>
         <file>MSPMPU_INIT_LIB_CCS_msp430_large_code_restricted_data.lib</file>
         <name>mpu_init.o</name>
      </input_file>
      <input_file id="fl-a7">
         <path>/Applications/ti/ccs1250/ccs/tools/compiler/ti-cgt-msp430_21.6.1.LTS/lib/</path>
         <kind>archive</kind>
         <file>rts430x_lc_rd_eabi.lib</file>
         <name>args_main.c.obj</name>
      </input_file>
      <input_file id="fl-a8">
         <path>/Applications/ti/ccs1250/ccs/tools/compiler/ti-cgt-msp430_21.6.1.LTS/lib/</path>
         <kind>archive</kind>
         <file>rts430x_lc_rd_eabi.lib</file>
         <name>autoinit.c.obj</name>
      </input_file>
      <input_file id="fl-a9">
         <path>/Applications/ti/ccs1250/ccs/tools/compiler/ti-cgt-msp430_21.6.1.LTS/lib/</path>
         <kind>archive</kind>
         <file>rts430x_lc_rd_eabi.lib</file>
         <name>_lock.c.obj</name>
      </input_file>
      <input_file id="fl-aa">
         <path>/Applications/ti/ccs1250/ccs/tools/compiler/ti-cgt-msp430_21.6.1.LTS/lib/</path>
         <kind>archive</kind>
         <file>rts430x_lc_rd_eabi.lib</file>
         <name>startup.c.obj</name>
      </input_file>
      <input_file id="fl-ab">
         <path>/Applications/ti/ccs1250/ccs/tools/compiler/ti-cgt-msp430_21.6.1.LTS/lib/</path>
         <kind>archive</kind>
         <file>rts430x_lc_rd_eabi.lib</file>
         <name>pre_init.c.obj</name>
      </input_file>
      <input_file id="fl-ac">
         <path>/Applications/ti/ccs1250/ccs/tools/compiler/ti-cgt-msp430_21.6.1.LTS/lib/</path>
         <kind>archive</kind>
         <file>rts430x_lc_rd_eabi.lib</file>
         <name>abs.c.obj</name>
      </input_file>
      <input_file id="fl-ad">
         <path>/Applications/ti/ccs1250/ccs/tools/compiler/ti-cgt-msp430_21.6.1.LTS/lib/</path>
         <kind>archive</kind>
         <file>rts430x_lc_rd_eabi.lib</file>
         <name>cpy_tbl.c.obj</name>
      </input_file>
      <input_file id="fl-ae">
         <path>/Applications/ti/ccs1250/ccs/tools/compiler/ti-cgt-msp430_21.6.1.LTS/lib/</path>
         <kind>archive</kind>
         <file>rts430x_lc_rd_eabi.lib</file>
         <name>exit.c.obj</name>
      </input_file>
      <input_file id="fl-af">
         <path>/Applications/ti/ccs1250/ccs/tools/compiler/ti-cgt-msp430_21.6.1.LTS/lib/</path>
         <kind>archive</kind>
         <file>rts430x_lc_rd_eabi.lib</file>
         <name>exit_gvars.c.obj</name>
      </input_file>
      <input_file id="fl-b0">
         <path>/Applications/ti/ccs1250/ccs/tools/compiler/ti-cgt-msp430_21.6.1.LTS/lib/</path>
         <kind>archive</kind>
         <file>rts430x_lc_rd_eabi.lib</file>
         <name>memcpy.c.obj</name>
      </input_file>
      <input_file id="fl-b1">
         <path>/Applications/ti/ccs1250/ccs/tools/compiler/ti-cgt-msp430_21.6.1.LTS/lib/</path>
         <kind>archive</kind>
         <file>rts430x_lc_rd_eabi.lib</file>
         <name>hostopen.c.obj</name>
      </input_file>
      <input_file id="fl-b2">
         <path>/Applications/ti/ccs1250/ccs/tools/compiler/ti-cgt-msp430_21.6.1.LTS/lib/</path>
         <kind>archive</kind>
         <file>rts430x_lc_rd_eabi.lib</file>
         <name>strlen.c.obj</name>
      </input_file>
      <input_file id="fl-b3">
         <path>/Applications/ti/ccs1250/ccs/tools/compiler/ti-cgt-msp430_21.6.1.LTS/lib/</path>
         <kind>archive</kind>
         <file>rts430x_lc_rd_eabi.lib</file>
         <name>s_tanh.c.obj</name>
      </input_file>
      <input_file id="fl-b4">
         <path>/Applications/ti/ccs1250/ccs/tools/compiler/ti-cgt-msp430_21.6.1.LTS/lib/</path>
         <kind>archive</kind>
         <file>rts430x_lc_rd_eabi.lib</file>
         <name>negd.c.obj</name>
      </input_file>
      <input_file id="fl-b5">
         <path>/Applications/ti/ccs1250/ccs/tools/compiler/ti-cgt-msp430_21.6.1.LTS/lib/</path>
         <kind>archive</kind>
         <file>rts430x_lc_rd_eabi.lib</file>
         <name>s_expm1.c.obj</name>
      </input_file>
      <input_file id="fl-b6">
         <path>/Applications/ti/ccs1250/ccs/tools/compiler/ti-cgt-msp430_21.6.1.LTS/lib/</path>
         <kind>archive</kind>
         <file>rts430x_lc_rd_eabi.lib</file>
         <name>fixdli.c.obj</name>
      </input_file>
      <input_file id="fl-b7">
         <path>/Applications/ti/ccs1250/ccs/tools/compiler/ti-cgt-msp430_21.6.1.LTS/lib/</path>
         <kind>archive</kind>
         <file>rts430x_lc_rd_eabi.lib</file>
         <name>errno.c.obj</name>
      </input_file>
   </input_file_list>
   <object_component_list>
      <object_component id="oc-9dd">
         <name>.cio</name>
         <uninitialized>true</uninitialized>
         <run_address>0xf000</run_address>
         <size>0x120</size>
         <input_file_ref idref="fl-7c"/>
      </object_component>
      <object_component id="oc-7b7">
         <name>.TI.persistent:P</name>
         <load_address>0x10000</load_address>
         <run_address>0x10000</run_address>
         <size>0x2a4</size>
         <input_file_ref idref="fl-5"/>
      </object_component>
      <object_component id="oc-97b">
         <name>.TI.persistent:mA</name>
         <load_address>0x102a4</load_address>
         <run_address>0x102a4</run_address>
         <size>0x2a4</size>
         <input_file_ref idref="fl-7"/>
      </object_component>
      <object_component id="oc-8fc">
         <name>.TI.persistent:mQ</name>
         <load_address>0x10548</load_address>
         <run_address>0x10548</run_address>
         <size>0x2a4</size>
         <input_file_ref idref="fl-4"/>
      </object_component>
      <object_component id="oc-890">
         <name>.TI.persistent:params</name>
         <load_address>0x107ec</load_address>
         <run_address>0x107ec</run_address>
         <size>0xb8</size>
         <input_file_ref idref="fl-7"/>
      </object_component>
      <object_component id="oc-a13">
         <name>.TI.persistent:mB</name>
         <load_address>0x108a4</load_address>
         <run_address>0x108a4</run_address>
         <size>0x68</size>
         <input_file_ref idref="fl-7"/>
      </object_component>
      <object_component id="oc-a10">
         <name>.TI.persistent:mD</name>
         <load_address>0x1090c</load_address>
         <run_address>0x1090c</run_address>
         <size>0x34</size>
         <input_file_ref idref="fl-7"/>
      </object_component>
      <object_component id="oc-8a6">
         <name>.TI.persistent:mH</name>
         <load_address>0x10940</load_address>
         <run_address>0x10940</run_address>
         <size>0x34</size>
         <input_file_ref idref="fl-4"/>
      </object_component>
      <object_component id="oc-7ab">
         <name>.TI.persistent:x</name>
         <load_address>0x10974</load_address>
         <run_address>0x10974</run_address>
         <size>0x34</size>
         <input_file_ref idref="fl-5"/>
      </object_component>
      <object_component id="oc-7b4">
         <name>.TI.persistent:y</name>
         <load_address>0x109a8</load_address>
         <run_address>0x109a8</run_address>
         <size>0x18</size>
         <input_file_ref idref="fl-5"/>
      </object_component>
      <object_component id="oc-796">
         <name>.TI.persistent</name>
         <load_address>0x109c0</load_address>
         <run_address>0x109c0</run_address>
         <size>0x8</size>
         <input_file_ref idref="fl-5"/>
      </object_component>
      <object_component id="oc-7c0">
         <name>.TI.persistent:u</name>
         <load_address>0x109c8</load_address>
         <run_address>0x109c8</run_address>
         <size>0x8</size>
         <input_file_ref idref="fl-5"/>
      </object_component>
      <object_component id="oc-8a9">
         <name>.TI.persistent</name>
         <load_address>0x109d0</load_address>
         <run_address>0x109d0</run_address>
         <size>0x4</size>
         <input_file_ref idref="fl-4"/>
      </object_component>
      <object_component id="oc-b8e">
         <name>.cinit..data.load</name>
         <load_address>0x990c</load_address>
         <run_address>0x990c</run_address>
         <size>0xc</size>
      </object_component>
      <object_component id="oc-b8b">
         <name>__TI_handler_table</name>
         <load_address>0x9918</load_address>
         <run_address>0x9918</run_address>
         <size>0xc</size>
      </object_component>
      <object_component id="oc-b8d">
         <name>.cinit..bss.load</name>
         <load_address>0x9924</load_address>
         <run_address>0x9924</run_address>
         <size>0x6</size>
      </object_component>
      <object_component id="oc-b8c">
         <name>__TI_cinit_table</name>
         <load_address>0x992a</load_address>
         <run_address>0x992a</run_address>
         <size>0x10</size>
      </object_component>
      <object_component id="oc-b1e">
         <name>.binit</name>
         <load_address>0x4000</load_address>
         <run_address>0x4000</run_address>
         <size>0x0</size>
      </object_component>
      <object_component id="oc-6df">
         <name>.text:_isr:Port_1</name>
         <load_address>0x989a</load_address>
         <run_address>0x989a</run_address>
         <size>0x4a</size>
         <input_file_ref idref="fl-5"/>
      </object_component>
      <object_component id="oc-70f">
         <name>.text:_isr:_c_int00_noargs_mpu</name>
         <load_address>0x98e4</load_address>
         <run_address>0x98e4</run_address>
         <size>0x20</size>
         <input_file_ref idref="fl-a5"/>
      </object_component>
      <object_component id="oc-6da">
         <name>.text:_isr:__TI_ISR_TRAP</name>
         <load_address>0x9904</load_address>
         <run_address>0x9904</run_address>
         <size>0x8</size>
         <input_file_ref idref="fl-55"/>
      </object_component>
      <object_component id="oc-8c4">
         <name>.const:$P$T0$1</name>
         <load_address>0x950c</load_address>
         <run_address>0x950c</run_address>
         <size>0x2a4</size>
         <input_file_ref idref="fl-4"/>
      </object_component>
      <object_component id="oc-8f1">
         <name>.const:$P$T1$2</name>
         <load_address>0x97b0</load_address>
         <run_address>0x97b0</run_address>
         <size>0x7c</size>
         <input_file_ref idref="fl-8"/>
      </object_component>
      <object_component id="oc-8ee">
         <name>.const:$P$T0$1</name>
         <load_address>0x982c</load_address>
         <run_address>0x982c</run_address>
         <size>0x3e</size>
         <input_file_ref idref="fl-8"/>
      </object_component>
      <object_component id="oc-78a">
         <name>.const:GPIO_PORT_TO_BASE</name>
         <load_address>0x986a</load_address>
         <run_address>0x986a</run_address>
         <size>0x1c</size>
         <input_file_ref idref="fl-18"/>
      </object_component>
      <object_component id="oc-893">
         <name>.const:$P$T1$2</name>
         <load_address>0x9886</load_address>
         <run_address>0x9886</run_address>
         <size>0x8</size>
         <input_file_ref idref="fl-4"/>
      </object_component>
      <object_component id="oc-896">
         <name>.const:$P$T2$3</name>
         <load_address>0x988e</load_address>
         <run_address>0x988e</run_address>
         <size>0x8</size>
         <input_file_ref idref="fl-4"/>
      </object_component>
      <object_component id="oc-874">
         <name>.const</name>
         <load_address>0x9896</load_address>
         <run_address>0x9896</run_address>
         <size>0x4</size>
         <input_file_ref idref="fl-7a"/>
      </object_component>
      <object_component id="oc-975">
         <name>.text:linearize</name>
         <load_address>0x4000</load_address>
         <run_address>0x4000</run_address>
         <size>0x964</size>
         <input_file_ref idref="fl-7"/>
      </object_component>
      <object_component id="oc-a7a">
         <name>.text:__mspabi_addd</name>
         <load_address>0x4964</load_address>
         <run_address>0x4964</run_address>
         <size>0x72a</size>
         <input_file_ref idref="fl-7d"/>
      </object_component>
      <object_component id="oc-a80">
         <name>.text:expm1</name>
         <load_address>0x508e</load_address>
         <run_address>0x508e</run_address>
         <size>0x6be</size>
         <input_file_ref idref="fl-b5"/>
      </object_component>
      <object_component id="oc-9f2">
         <name>.text:preprocess</name>
         <load_address>0x574c</load_address>
         <run_address>0x574c</run_address>
         <size>0x4a2</size>
         <input_file_ref idref="fl-7"/>
      </object_component>
      <object_component id="oc-a3b">
         <name>.text:__TI_frcdivd</name>
         <load_address>0x5bee</load_address>
         <run_address>0x5bee</run_address>
         <size>0x468</size>
         <input_file_ref idref="fl-84"/>
      </object_component>
      <object_component id="oc-8f4">
         <name>.text:update_patient</name>
         <load_address>0x6056</load_address>
         <run_address>0x6056</run_address>
         <size>0x414</size>
         <input_file_ref idref="fl-7"/>
      </object_component>
      <object_component id="oc-7d4">
         <name>.text:measurement_update</name>
         <load_address>0x646a</load_address>
         <run_address>0x646a</run_address>
         <size>0x31c</size>
         <input_file_ref idref="fl-4"/>
      </object_component>
      <object_component id="oc-a60">
         <name>.text:glucose_subystem</name>
         <load_address>0x6786</load_address>
         <run_address>0x6786</run_address>
         <size>0x31a</size>
         <input_file_ref idref="fl-7"/>
      </object_component>
      <object_component id="oc-a66">
         <name>.text:insulin_infusion_subsystem</name>
         <load_address>0x6aa0</load_address>
         <run_address>0x6aa0</run_address>
         <size>0x314</size>
         <input_file_ref idref="fl-7"/>
      </object_component>
      <object_component id="oc-a5a">
         <name>.text:gastro_intestinal_tract</name>
         <load_address>0x6db4</load_address>
         <run_address>0x6db4</run_address>
         <size>0x30e</size>
         <input_file_ref idref="fl-7"/>
      </object_component>
      <object_component id="oc-99c">
         <name>.text:__mspabi_mpyd</name>
         <load_address>0x70c2</load_address>
         <run_address>0x70c2</run_address>
         <size>0x292</size>
         <input_file_ref idref="fl-8e"/>
      </object_component>
      <object_component id="oc-9a8">
         <name>.text:__mspabi_divd</name>
         <load_address>0x7354</load_address>
         <run_address>0x7354</run_address>
         <size>0x21c</size>
         <input_file_ref idref="fl-83"/>
      </object_component>
      <object_component id="oc-a16">
         <name>.text:tanh</name>
         <load_address>0x7570</load_address>
         <run_address>0x7570</run_address>
         <size>0x186</size>
         <input_file_ref idref="fl-b3"/>
      </object_component>
      <object_component id="oc-745">
         <name>.text:ekf_on</name>
         <load_address>0x76f6</load_address>
         <run_address>0x76f6</run_address>
         <size>0x17e</size>
         <input_file_ref idref="fl-5"/>
      </object_component>
      <object_component id="oc-808">
         <name>.text:init_states</name>
         <load_address>0x7874</load_address>
         <run_address>0x7874</run_address>
         <size>0x16a</size>
         <input_file_ref idref="fl-5"/>
      </object_component>
      <object_component id="oc-a2c">
         <name>.text:__TI_frcmpyd</name>
         <load_address>0x79de</load_address>
         <run_address>0x79de</run_address>
         <size>0x164</size>
         <input_file_ref idref="fl-8f"/>
      </object_component>
      <object_component id="oc-7ce">
         <name>.text:predict</name>
         <load_address>0x7b42</load_address>
         <run_address>0x7b42</run_address>
         <size>0x158</size>
         <input_file_ref idref="fl-4"/>
      </object_component>
      <object_component id="oc-89e">
         <name>.text:process_update</name>
         <load_address>0x7c9a</load_address>
         <run_address>0x7c9a</run_address>
         <size>0x14c</size>
         <input_file_ref idref="fl-4"/>
      </object_component>
      <object_component id="oc-7c9">
         <name>.text</name>
         <load_address>0x7de6</load_address>
         <run_address>0x7de6</run_address>
         <size>0x132</size>
         <input_file_ref idref="fl-7e"/>
      </object_component>
      <object_component id="oc-8b2">
         <name>.text:matrixMultiply</name>
         <load_address>0x7f18</load_address>
         <run_address>0x7f18</run_address>
         <size>0x106</size>
         <input_file_ref idref="fl-9"/>
      </object_component>
      <object_component id="oc-a53">
         <name>.text:__mspabi_cmpd</name>
         <load_address>0x801e</load_address>
         <run_address>0x801e</run_address>
         <size>0xd8</size>
         <input_file_ref idref="fl-7f"/>
      </object_component>
      <object_component id="oc-8c7">
         <name>.text</name>
         <load_address>0x80f6</load_address>
         <run_address>0x80f6</run_address>
         <size>0xb8</size>
         <input_file_ref idref="fl-90"/>
      </object_component>
      <object_component id="oc-9a2">
         <name>.text:__mspabi_cvtdf</name>
         <load_address>0x81ae</load_address>
         <run_address>0x81ae</run_address>
         <size>0xb2</size>
         <input_file_ref idref="fl-81"/>
      </object_component>
      <object_component id="oc-7f6">
         <name>.text:init_MCU</name>
         <load_address>0x8260</load_address>
         <run_address>0x8260</run_address>
         <size>0xac</size>
         <input_file_ref idref="fl-5"/>
      </object_component>
      <object_component id="oc-a04">
         <name>.text:arrayAddInPlace</name>
         <load_address>0x830c</load_address>
         <run_address>0x830c</run_address>
         <size>0xa6</size>
         <input_file_ref idref="fl-9"/>
      </object_component>
      <object_component id="oc-ae4">
         <name>.text:__mspabi_fltlid</name>
         <load_address>0x83b2</load_address>
         <run_address>0x83b2</run_address>
         <size>0x9e</size>
         <input_file_ref idref="fl-8c"/>
      </object_component>
      <object_component id="oc-8b8">
         <name>.text:matrixAddInPlace</name>
         <load_address>0x8450</load_address>
         <run_address>0x8450</run_address>
         <size>0x9a</size>
         <input_file_ref idref="fl-9"/>
      </object_component>
      <object_component id="oc-8d1">
         <name>.text:matrixDiffInPlace</name>
         <load_address>0x84ea</load_address>
         <run_address>0x84ea</run_address>
         <size>0x9a</size>
         <input_file_ref idref="fl-9"/>
      </object_component>
      <object_component id="oc-877">
         <name>.text</name>
         <load_address>0x8584</load_address>
         <run_address>0x8584</run_address>
         <size>0x90</size>
         <input_file_ref idref="fl-85"/>
      </object_component>
      <object_component id="oc-7ba">
         <name>.text:readFloatMatrix</name>
         <load_address>0x8614</load_address>
         <run_address>0x8614</run_address>
         <size>0x88</size>
         <input_file_ref idref="fl-6"/>
      </object_component>
      <object_component id="oc-8ac">
         <name>.text:transpose</name>
         <load_address>0x869c</load_address>
         <run_address>0x869c</run_address>
         <size>0x88</size>
         <input_file_ref idref="fl-9"/>
      </object_component>
      <object_component id="oc-7e0">
         <name>.text:writeFloatMatrix</name>
         <load_address>0x8724</load_address>
         <run_address>0x8724</run_address>
         <size>0x88</size>
         <input_file_ref idref="fl-6"/>
      </object_component>
      <object_component id="oc-8be">
         <name>.text:arrayMultiply</name>
         <load_address>0x87ac</load_address>
         <run_address>0x87ac</run_address>
         <size>0x7e</size>
         <input_file_ref idref="fl-9"/>
      </object_component>
      <object_component id="oc-814">
         <name>.text:GPIO_setAsInputPinWithPullDownResistor</name>
         <load_address>0x882a</load_address>
         <run_address>0x882a</run_address>
         <size>0x76</size>
         <input_file_ref idref="fl-18"/>
      </object_component>
      <object_component id="oc-7e">
         <name>.text:decompress:lzss:__TI_decompress_lzss</name>
         <load_address>0x88a0</load_address>
         <run_address>0x88a0</run_address>
         <size>0x76</size>
         <input_file_ref idref="fl-52"/>
      </object_component>
      <object_component id="oc-96f">
         <name>.text:euler_solve</name>
         <load_address>0x8916</load_address>
         <run_address>0x8916</run_address>
         <size>0x72</size>
         <input_file_ref idref="fl-9"/>
      </object_component>
      <object_component id="oc-802">
         <name>.text:init_ekf</name>
         <load_address>0x8988</load_address>
         <run_address>0x8988</run_address>
         <size>0x6c</size>
         <input_file_ref idref="fl-4"/>
      </object_component>
      <object_component id="oc-7fc">
         <name>.text:init_patient</name>
         <load_address>0x89f4</load_address>
         <run_address>0x89f4</run_address>
         <size>0x68</size>
         <input_file_ref idref="fl-8"/>
      </object_component>
      <object_component id="oc-ac0">
         <name>.text</name>
         <load_address>0x8a5c</load_address>
         <run_address>0x8a5c</run_address>
         <size>0x68</size>
         <input_file_ref idref="fl-8a"/>
      </object_component>
      <object_component id="oc-ade">
         <name>.text:__mspabi_fixdli</name>
         <load_address>0x8ac4</load_address>
         <run_address>0x8ac4</run_address>
         <size>0x66</size>
         <input_file_ref idref="fl-b6"/>
      </object_component>
      <object_component id="oc-996">
         <name>.text:__mspabi_cvtfd</name>
         <load_address>0x8b2a</load_address>
         <run_address>0x8b2a</run_address>
         <size>0x64</size>
         <input_file_ref idref="fl-82"/>
      </object_component>
      <object_component id="oc-9fe">
         <name>.text:arrayScalarMultiply</name>
         <load_address>0x8b8e</load_address>
         <run_address>0x8b8e</run_address>
         <size>0x5e</size>
         <input_file_ref idref="fl-9"/>
      </object_component>
      <object_component id="oc-81a">
         <name>.text:GPIO_selectInterruptEdge</name>
         <load_address>0x8bec</load_address>
         <run_address>0x8bec</run_address>
         <size>0x5c</size>
         <input_file_ref idref="fl-18"/>
      </object_component>
      <object_component id="oc-80e">
         <name>.text:GPIO_setAsOutputPin</name>
         <load_address>0x8c48</load_address>
         <run_address>0x8c48</run_address>
         <size>0x5c</size>
         <input_file_ref idref="fl-18"/>
      </object_component>
      <object_component id="oc-a9a">
         <name>.text:__mpyll</name>
         <load_address>0x8ca4</load_address>
         <run_address>0x8ca4</run_address>
         <size>0x5c</size>
         <input_file_ref idref="fl-96"/>
      </object_component>
      <object_component id="oc-765">
         <name>.text:main</name>
         <load_address>0x8d00</load_address>
         <run_address>0x8d00</run_address>
         <size>0x5a</size>
         <input_file_ref idref="fl-5"/>
      </object_component>
      <object_component id="oc-9f8">
         <name>.text:step</name>
         <load_address>0x8d5a</load_address>
         <run_address>0x8d5a</run_address>
         <size>0x5a</size>
         <input_file_ref idref="fl-7"/>
      </object_component>
      <object_component id="oc-869">
         <name>.text:HOSTclock</name>
         <load_address>0x8db4</load_address>
         <run_address>0x8db4</run_address>
         <size>0x56</size>
         <input_file_ref idref="fl-7b"/>
      </object_component>
      <object_component id="oc-7ae">
         <name>.text:readFloatArray</name>
         <load_address>0x8e0a</load_address>
         <run_address>0x8e0a</run_address>
         <size>0x56</size>
         <input_file_ref idref="fl-6"/>
      </object_component>
      <object_component id="oc-84b">
         <name>.text:__TI_auto_init_nobinit_nopinit_hold_wdt:__TI_auto_init_nobinit_nopinit_hold_wdt</name>
         <load_address>0x8e60</load_address>
         <run_address>0x8e60</run_address>
         <size>0x54</size>
         <input_file_ref idref="fl-a8"/>
      </object_component>
      <object_component id="oc-7da">
         <name>.text:writeFloatArray</name>
         <load_address>0x8eb4</load_address>
         <run_address>0x8eb4</run_address>
         <size>0x54</size>
         <input_file_ref idref="fl-6"/>
      </object_component>
      <object_component id="oc-73f">
         <name>.text:GPIO_getInputPinValue</name>
         <load_address>0x8f08</load_address>
         <run_address>0x8f08</run_address>
         <size>0x4c</size>
         <input_file_ref idref="fl-18"/>
      </object_component>
      <object_component id="oc-899">
         <name>.text</name>
         <load_address>0x8f54</load_address>
         <run_address>0x8f54</run_address>
         <size>0x4a</size>
         <input_file_ref idref="fl-80"/>
      </object_component>
      <object_component id="oc-74b">
         <name>.text:GPIO_clearInterrupt</name>
         <load_address>0x8f9e</load_address>
         <run_address>0x8f9e</run_address>
         <size>0x42</size>
         <input_file_ref idref="fl-18"/>
      </object_component>
      <object_component id="oc-820">
         <name>.text:GPIO_enableInterrupt</name>
         <load_address>0x8fe0</load_address>
         <run_address>0x8fe0</run_address>
         <size>0x42</size>
         <input_file_ref idref="fl-18"/>
      </object_component>
      <object_component id="oc-733">
         <name>.text:GPIO_setOutputHighOnPin</name>
         <load_address>0x9022</load_address>
         <run_address>0x9022</run_address>
         <size>0x40</size>
         <input_file_ref idref="fl-18"/>
      </object_component>
      <object_component id="oc-739">
         <name>.text:GPIO_setOutputLowOnPin</name>
         <load_address>0x9062</load_address>
         <run_address>0x9062</run_address>
         <size>0x40</size>
         <input_file_ref idref="fl-18"/>
      </object_component>
      <object_component id="oc-ad3">
         <name>.text:__mspabi_srall</name>
         <load_address>0x90a2</load_address>
         <run_address>0x90a2</run_address>
         <size>0x40</size>
         <input_file_ref idref="fl-a1"/>
      </object_component>
      <object_component id="oc-a21">
         <name>.text:l_asr_const</name>
         <load_address>0x90e2</load_address>
         <run_address>0x90e2</run_address>
         <size>0x3e</size>
         <input_file_ref idref="fl-a0"/>
      </object_component>
      <object_component id="oc-949">
         <name>.text:l_lsl_const</name>
         <load_address>0x9120</load_address>
         <run_address>0x9120</run_address>
         <size>0x3e</size>
         <input_file_ref idref="fl-9d"/>
      </object_component>
      <object_component id="oc-aaf">
         <name>.text:l_lsr_const</name>
         <load_address>0x915e</load_address>
         <run_address>0x915e</run_address>
         <size>0x3e</size>
         <input_file_ref idref="fl-a2"/>
      </object_component>
      <object_component id="oc-a94">
         <name>.text:__mspabi_sllll</name>
         <load_address>0x919c</load_address>
         <run_address>0x919c</run_address>
         <size>0x3a</size>
         <input_file_ref idref="fl-9e"/>
      </object_component>
      <object_component id="oc-aa4">
         <name>.text:__mspabi_srlll</name>
         <load_address>0x91d6</load_address>
         <run_address>0x91d6</run_address>
         <size>0x3a</size>
         <input_file_ref idref="fl-a3"/>
      </object_component>
      <object_component id="oc-790">
         <name>.text:current_time</name>
         <load_address>0x9210</load_address>
         <run_address>0x9210</run_address>
         <size>0x38</size>
         <input_file_ref idref="fl-3"/>
      </object_component>
      <object_component id="oc-93d">
         <name>.text:__TI_writemsg</name>
         <load_address>0x9248</load_address>
         <run_address>0x9248</run_address>
         <size>0x36</size>
         <input_file_ref idref="fl-7c"/>
      </object_component>
      <object_component id="oc-943">
         <name>.text:__TI_readmsg</name>
         <load_address>0x927e</load_address>
         <run_address>0x927e</run_address>
         <size>0x32</size>
         <input_file_ref idref="fl-7c"/>
      </object_component>
      <object_component id="oc-a74">
         <name>.text:__mspabi_subd</name>
         <load_address>0x92b0</load_address>
         <run_address>0x92b0</run_address>
         <size>0x32</size>
         <input_file_ref idref="fl-a4"/>
      </object_component>
      <object_component id="oc-86f">
         <name>.text</name>
         <load_address>0x92e2</load_address>
         <run_address>0x92e2</run_address>
         <size>0x32</size>
         <input_file_ref idref="fl-8d"/>
      </object_component>
      <object_component id="oc-a86">
         <name>.text:__mspabi_negd</name>
         <load_address>0x9314</load_address>
         <run_address>0x9314</run_address>
         <size>0x2e</size>
         <input_file_ref idref="fl-b4"/>
      </object_component>
      <object_component id="oc-799">
         <name>.text:fw</name>
         <load_address>0x9342</load_address>
         <run_address>0x9342</run_address>
         <size>0x2e</size>
         <input_file_ref idref="fl-6"/>
      </object_component>
      <object_component id="oc-777">
         <name>.text:__mpu_init</name>
         <load_address>0x9370</load_address>
         <run_address>0x9370</run_address>
         <size>0x2c</size>
         <input_file_ref idref="fl-a6"/>
      </object_component>
      <object_component id="oc-a9f">
         <name>.text:__mpyull</name>
         <load_address>0x939c</load_address>
         <run_address>0x939c</run_address>
         <size>0x2c</size>
         <input_file_ref idref="fl-98"/>
      </object_component>
      <object_component id="oc-7c3">
         <name>.text:fr</name>
         <load_address>0x93c8</load_address>
         <run_address>0x93c8</run_address>
         <size>0x2c</size>
         <input_file_ref idref="fl-6"/>
      </object_component>
      <object_component id="oc-6e5">
         <name>.text:decompress:ZI:__TI_zero_init_nomemset:__TI_zero_init_nomemset</name>
         <load_address>0x93f4</load_address>
         <run_address>0x93f4</run_address>
         <size>0x24</size>
         <input_file_ref idref="fl-79"/>
      </object_component>
      <object_component id="oc-ab4">
         <name>.text</name>
         <load_address>0x9418</load_address>
         <run_address>0x9418</run_address>
         <size>0x24</size>
         <input_file_ref idref="fl-94"/>
      </object_component>
      <object_component id="oc-7a5">
         <name>.text:sample_input</name>
         <load_address>0x943c</load_address>
         <run_address>0x943c</run_address>
         <size>0x24</size>
         <input_file_ref idref="fl-3"/>
      </object_component>
      <object_component id="oc-79f">
         <name>.text:sample_measurement</name>
         <load_address>0x9460</load_address>
         <run_address>0x9460</run_address>
         <size>0x1a</size>
         <input_file_ref idref="fl-3"/>
      </object_component>
      <object_component id="oc-8cc">
         <name>.text</name>
         <load_address>0x947a</load_address>
         <run_address>0x947a</run_address>
         <size>0x18</size>
         <input_file_ref idref="fl-92"/>
      </object_component>
      <object_component id="oc-6cd">
         <name>.text:memcpy</name>
         <load_address>0x9492</load_address>
         <run_address>0x9492</run_address>
         <size>0x14</size>
         <input_file_ref idref="fl-b0"/>
      </object_component>
      <object_component id="oc-84">
         <name>.text:decompress:none:__TI_decompress_none</name>
         <load_address>0x94a6</load_address>
         <run_address>0x94a6</run_address>
         <size>0x12</size>
         <input_file_ref idref="fl-53"/>
      </object_component>
      <object_component id="oc-aea">
         <name>.text:l_asr</name>
         <load_address>0x94b8</load_address>
         <run_address>0x94b8</run_address>
         <size>0x10</size>
         <input_file_ref idref="fl-a0"/>
      </object_component>
      <object_component id="oc-b0d">
         <name>.text:l_lsr</name>
         <load_address>0x94c8</load_address>
         <run_address>0x94c8</run_address>
         <size>0x10</size>
         <input_file_ref idref="fl-a2"/>
      </object_component>
      <object_component id="oc-acb">
         <name>.text:__mspabi_fltid</name>
         <load_address>0x94d8</load_address>
         <run_address>0x94d8</run_address>
         <size>0xc</size>
         <input_file_ref idref="fl-8b"/>
      </object_component>
      <object_component id="oc-ac5">
         <name>.text:abs</name>
         <load_address>0x94e4</load_address>
         <run_address>0x94e4</run_address>
         <size>0xa</size>
         <input_file_ref idref="fl-ac"/>
      </object_component>
      <object_component id="oc-a0b">
         <name>.text</name>
         <load_address>0x94ee</load_address>
         <run_address>0x94ee</run_address>
         <size>0xa</size>
         <input_file_ref idref="fl-9b"/>
      </object_component>
      <object_component id="oc-8e7">
         <name>.text:PMM_unlockLPM5</name>
         <load_address>0x94f8</load_address>
         <run_address>0x94f8</run_address>
         <size>0x6</size>
         <input_file_ref idref="fl-1e"/>
      </object_component>
      <object_component id="oc-827">
         <name>.text:abort</name>
         <load_address>0x94fe</load_address>
         <run_address>0x94fe</run_address>
         <size>0x6</size>
         <input_file_ref idref="fl-ae"/>
      </object_component>
      <object_component id="oc-75f">
         <name>.text:_system_pre_init</name>
         <load_address>0x9504</load_address>
         <run_address>0x9504</run_address>
         <size>0x4</size>
         <input_file_ref idref="fl-ab"/>
      </object_component>
      <object_component id="oc-9b5">
         <name>.text:_nop</name>
         <load_address>0x9508</load_address>
         <run_address>0x9508</run_address>
         <size>0x2</size>
         <input_file_ref idref="fl-a9"/>
      </object_component>
      <object_component id="oc-917">
         <name>.text:_system_post_cinit</name>
         <load_address>0x950a</load_address>
         <run_address>0x950a</run_address>
         <size>0x2</size>
         <input_file_ref idref="fl-aa"/>
      </object_component>
      <object_component id="oc-93a">
         <name>.common:parmbuf</name>
         <uninitialized>true</uninitialized>
         <run_address>0x1c0a</run_address>
         <size>0x8</size>
      </object_component>
      <object_component id="oc-909">
         <name>.data:_lock</name>
         <load_address>0x1c00</load_address>
         <run_address>0x1c00</run_address>
         <size>0x4</size>
         <input_file_ref idref="fl-a9"/>
      </object_component>
      <object_component id="oc-912">
         <name>.data:_unlock</name>
         <load_address>0x1c04</load_address>
         <run_address>0x1c04</run_address>
         <size>0x4</size>
         <input_file_ref idref="fl-a9"/>
      </object_component>
      <object_component id="oc-adb">
         <name>.data</name>
         <load_address>0x1c08</load_address>
         <run_address>0x1c08</run_address>
         <size>0x2</size>
         <input_file_ref idref="fl-b7"/>
      </object_component>
      <object_component id="oc-6be">
         <name>.stack</name>
         <uninitialized>true</uninitialized>
         <run_address>0x2b60</run_address>
         <size>0x4</size>
         <input_file_ref idref="fl-a5"/>
      </object_component>
      <object_component id="oc-b8f">
         <name>.stack</name>
         <uninitialized>true</uninitialized>
         <run_address>0x2b60</run_address>
         <size>0x0</size>
      </object_component>
      <object_component id="oc-8a">
         <name>.int18</name>
         <load_address>0xffb4</load_address>
         <run_address>0xffb4</run_address>
         <size>0x2</size>
         <input_file_ref idref="fl-54"/>
      </object_component>
      <object_component id="oc-8b">
         <name>.int19</name>
         <load_address>0xffb6</load_address>
         <run_address>0xffb6</run_address>
         <size>0x2</size>
         <input_file_ref idref="fl-56"/>
      </object_component>
      <object_component id="oc-8c">
         <name>.int20</name>
         <load_address>0xffb8</load_address>
         <run_address>0xffb8</run_address>
         <size>0x2</size>
         <input_file_ref idref="fl-57"/>
      </object_component>
      <object_component id="oc-8d">
         <name>.int21</name>
         <load_address>0xffba</load_address>
         <run_address>0xffba</run_address>
         <size>0x2</size>
         <input_file_ref idref="fl-58"/>
      </object_component>
      <object_component id="oc-8e">
         <name>.int22</name>
         <load_address>0xffbc</load_address>
         <run_address>0xffbc</run_address>
         <size>0x2</size>
         <input_file_ref idref="fl-59"/>
      </object_component>
      <object_component id="oc-8f">
         <name>.int23</name>
         <load_address>0xffbe</load_address>
         <run_address>0xffbe</run_address>
         <size>0x2</size>
         <input_file_ref idref="fl-5a"/>
      </object_component>
      <object_component id="oc-90">
         <name>.int24</name>
         <load_address>0xffc0</load_address>
         <run_address>0xffc0</run_address>
         <size>0x2</size>
         <input_file_ref idref="fl-5b"/>
      </object_component>
      <object_component id="oc-91">
         <name>.int25</name>
         <load_address>0xffc2</load_address>
         <run_address>0xffc2</run_address>
         <size>0x2</size>
         <input_file_ref idref="fl-5c"/>
      </object_component>
      <object_component id="oc-92">
         <name>.int26</name>
         <load_address>0xffc4</load_address>
         <run_address>0xffc4</run_address>
         <size>0x2</size>
         <input_file_ref idref="fl-5d"/>
      </object_component>
      <object_component id="oc-93">
         <name>.int27</name>
         <load_address>0xffc6</load_address>
         <run_address>0xffc6</run_address>
         <size>0x2</size>
         <input_file_ref idref="fl-5e"/>
      </object_component>
      <object_component id="oc-94">
         <name>.int28</name>
         <load_address>0xffc8</load_address>
         <run_address>0xffc8</run_address>
         <size>0x2</size>
         <input_file_ref idref="fl-5f"/>
      </object_component>
      <object_component id="oc-95">
         <name>.int29</name>
         <load_address>0xffca</load_address>
         <run_address>0xffca</run_address>
         <size>0x2</size>
         <input_file_ref idref="fl-60"/>
      </object_component>
      <object_component id="oc-96">
         <name>.int30</name>
         <load_address>0xffcc</load_address>
         <run_address>0xffcc</run_address>
         <size>0x2</size>
         <input_file_ref idref="fl-61"/>
      </object_component>
      <object_component id="oc-97">
         <name>.int31</name>
         <load_address>0xffce</load_address>
         <run_address>0xffce</run_address>
         <size>0x2</size>
         <input_file_ref idref="fl-62"/>
      </object_component>
      <object_component id="oc-98">
         <name>.int32</name>
         <load_address>0xffd0</load_address>
         <run_address>0xffd0</run_address>
         <size>0x2</size>
         <input_file_ref idref="fl-63"/>
      </object_component>
      <object_component id="oc-99">
         <name>.int33</name>
         <load_address>0xffd2</load_address>
         <run_address>0xffd2</run_address>
         <size>0x2</size>
         <input_file_ref idref="fl-64"/>
      </object_component>
      <object_component id="oc-9a">
         <name>.int34</name>
         <load_address>0xffd4</load_address>
         <run_address>0xffd4</run_address>
         <size>0x2</size>
         <input_file_ref idref="fl-65"/>
      </object_component>
      <object_component id="oc-9b">
         <name>.int35</name>
         <load_address>0xffd6</load_address>
         <run_address>0xffd6</run_address>
         <size>0x2</size>
         <input_file_ref idref="fl-66"/>
      </object_component>
      <object_component id="oc-9c">
         <name>.int36</name>
         <load_address>0xffd8</load_address>
         <run_address>0xffd8</run_address>
         <size>0x2</size>
         <input_file_ref idref="fl-67"/>
      </object_component>
      <object_component id="oc-9d">
         <name>.int37</name>
         <load_address>0xffda</load_address>
         <run_address>0xffda</run_address>
         <size>0x2</size>
         <input_file_ref idref="fl-68"/>
      </object_component>
      <object_component id="oc-9e">
         <name>.int38</name>
         <load_address>0xffdc</load_address>
         <run_address>0xffdc</run_address>
         <size>0x2</size>
         <input_file_ref idref="fl-69"/>
      </object_component>
      <object_component id="oc-9f">
         <name>.int39</name>
         <load_address>0xffde</load_address>
         <run_address>0xffde</run_address>
         <size>0x2</size>
         <input_file_ref idref="fl-5"/>
      </object_component>
      <object_component id="oc-a0">
         <name>.int40</name>
         <load_address>0xffe0</load_address>
         <run_address>0xffe0</run_address>
         <size>0x2</size>
         <input_file_ref idref="fl-6a"/>
      </object_component>
      <object_component id="oc-a1">
         <name>.int41</name>
         <load_address>0xffe2</load_address>
         <run_address>0xffe2</run_address>
         <size>0x2</size>
         <input_file_ref idref="fl-6b"/>
      </object_component>
      <object_component id="oc-a2">
         <name>.int42</name>
         <load_address>0xffe4</load_address>
         <run_address>0xffe4</run_address>
         <size>0x2</size>
         <input_file_ref idref="fl-6c"/>
      </object_component>
      <object_component id="oc-a3">
         <name>.int43</name>
         <load_address>0xffe6</load_address>
         <run_address>0xffe6</run_address>
         <size>0x2</size>
         <input_file_ref idref="fl-6d"/>
      </object_component>
      <object_component id="oc-a4">
         <name>.int44</name>
         <load_address>0xffe8</load_address>
         <run_address>0xffe8</run_address>
         <size>0x2</size>
         <input_file_ref idref="fl-6e"/>
      </object_component>
      <object_component id="oc-a5">
         <name>.int45</name>
         <load_address>0xffea</load_address>
         <run_address>0xffea</run_address>
         <size>0x2</size>
         <input_file_ref idref="fl-6f"/>
      </object_component>
      <object_component id="oc-a6">
         <name>.int46</name>
         <load_address>0xffec</load_address>
         <run_address>0xffec</run_address>
         <size>0x2</size>
         <input_file_ref idref="fl-70"/>
      </object_component>
      <object_component id="oc-a7">
         <name>.int47</name>
         <load_address>0xffee</load_address>
         <run_address>0xffee</run_address>
         <size>0x2</size>
         <input_file_ref idref="fl-71"/>
      </object_component>
      <object_component id="oc-a8">
         <name>.int48</name>
         <load_address>0xfff0</load_address>
         <run_address>0xfff0</run_address>
         <size>0x2</size>
         <input_file_ref idref="fl-72"/>
      </object_component>
      <object_component id="oc-a9">
         <name>.int49</name>
         <load_address>0xfff2</load_address>
         <run_address>0xfff2</run_address>
         <size>0x2</size>
         <input_file_ref idref="fl-73"/>
      </object_component>
      <object_component id="oc-aa">
         <name>.int50</name>
         <load_address>0xfff4</load_address>
         <run_address>0xfff4</run_address>
         <size>0x2</size>
         <input_file_ref idref="fl-74"/>
      </object_component>
      <object_component id="oc-ab">
         <name>.int51</name>
         <load_address>0xfff6</load_address>
         <run_address>0xfff6</run_address>
         <size>0x2</size>
         <input_file_ref idref="fl-75"/>
      </object_component>
      <object_component id="oc-ac">
         <name>.int52</name>
         <load_address>0xfff8</load_address>
         <run_address>0xfff8</run_address>
         <size>0x2</size>
         <input_file_ref idref="fl-76"/>
      </object_component>
      <object_component id="oc-ad">
         <name>.int53</name>
         <load_address>0xfffa</load_address>
         <run_address>0xfffa</run_address>
         <size>0x2</size>
         <input_file_ref idref="fl-77"/>
      </object_component>
      <object_component id="oc-ae">
         <name>.int54</name>
         <load_address>0xfffc</load_address>
         <run_address>0xfffc</run_address>
         <size>0x2</size>
         <input_file_ref idref="fl-78"/>
      </object_component>
      <object_component id="oc-6c1">
         <name>.reset</name>
         <load_address>0xfffe</load_address>
         <run_address>0xfffe</run_address>
         <size>0x2</size>
         <input_file_ref idref="fl-a5"/>
      </object_component>
      <object_component id="oc-8e6">
         <name>.debug_info</name>
         <load_address>0x0</load_address>
         <run_address>0x0</run_address>
         <size>0x132</size>
         <input_file_ref idref="fl-2"/>
      </object_component>
      <object_component id="oc-8dc">
         <name>.debug_info</name>
         <load_address>0x132</load_address>
         <run_address>0x132</run_address>
         <size>0x26b</size>
         <input_file_ref idref="fl-2"/>
      </object_component>
      <object_component id="oc-7e8">
         <name>.debug_info</name>
         <load_address>0x39d</load_address>
         <run_address>0x39d</run_address>
         <size>0x8b</size>
         <input_file_ref idref="fl-2"/>
      </object_component>
      <object_component id="oc-7ee">
         <name>.debug_info</name>
         <load_address>0x428</load_address>
         <run_address>0x428</run_address>
         <size>0x282</size>
         <input_file_ref idref="fl-2"/>
      </object_component>
      <object_component id="oc-752">
         <name>.debug_info</name>
         <load_address>0x6aa</load_address>
         <run_address>0x6aa</run_address>
         <size>0xbb</size>
         <input_file_ref idref="fl-2"/>
      </object_component>
      <object_component id="oc-882">
         <name>.debug_info</name>
         <load_address>0x765</load_address>
         <run_address>0x765</run_address>
         <size>0x21b</size>
         <input_file_ref idref="fl-3"/>
      </object_component>
      <object_component id="oc-7a3">
         <name>.debug_info</name>
         <load_address>0x980</load_address>
         <run_address>0x980</run_address>
         <size>0x1e9</size>
         <input_file_ref idref="fl-3"/>
      </object_component>
      <object_component id="oc-7a9">
         <name>.debug_info</name>
         <load_address>0xb69</load_address>
         <run_address>0xb69</run_address>
         <size>0x1dd</size>
         <input_file_ref idref="fl-3"/>
      </object_component>
      <object_component id="oc-794">
         <name>.debug_info</name>
         <load_address>0xd46</load_address>
         <run_address>0xd46</run_address>
         <size>0x226</size>
         <input_file_ref idref="fl-3"/>
      </object_component>
      <object_component id="oc-95d">
         <name>.debug_info</name>
         <load_address>0xf6c</load_address>
         <run_address>0xf6c</run_address>
         <size>0x17c</size>
         <input_file_ref idref="fl-3"/>
      </object_component>
      <object_component id="oc-962">
         <name>.debug_info</name>
         <load_address>0x10e8</load_address>
         <run_address>0x10e8</run_address>
         <size>0x35</size>
         <input_file_ref idref="fl-3"/>
      </object_component>
      <object_component id="oc-8a5">
         <name>.debug_info</name>
         <load_address>0x111d</load_address>
         <run_address>0x111d</run_address>
         <size>0x4f4</size>
         <input_file_ref idref="fl-4"/>
      </object_component>
      <object_component id="oc-8fd">
         <name>.debug_info</name>
         <load_address>0x1611</load_address>
         <run_address>0x1611</run_address>
         <size>0x11a</size>
         <input_file_ref idref="fl-4"/>
      </object_component>
      <object_component id="oc-8aa">
         <name>.debug_info</name>
         <load_address>0x172b</load_address>
[...]
         <name>__TI_int30</name>
         <value>0xffcc</value>
         <object_component_ref idref="oc-96"/>
      </symbol>
      <symbol id="sm-970">
         <name>__TI_int31</name>
         <value>0xffce</value>
         <object_component_ref idref="oc-97"/>
      </symbol>
      <symbol id="sm-973">
         <name>__TI_int32</name>
         <value>0xffd0</value>
         <object_component_ref idref="oc-98"/>
      </symbol>
      <symbol id="sm-976">
         <name>__TI_int33</name>
         <value>0xffd2</value>
         <object_component_ref idref="oc-99"/>
      </symbol>
      <symbol id="sm-979">
         <name>__TI_int34</name>
         <value>0xffd4</value>
         <object_component_ref idref="oc-9a"/>
      </symbol>
      <symbol id="sm-97c">
         <name>__TI_int35</name>
         <value>0xffd6</value>
         <object_component_ref idref="oc-9b"/>
      </symbol>
      <symbol id="sm-97f">
         <name>__TI_int36</name>
         <value>0xffd8</value>
         <object_component_ref idref="oc-9c"/>
      </symbol>
      <symbol id="sm-982">
         <name>__TI_int37</name>
         <value>0xffda</value>
         <object_component_ref idref="oc-9d"/>
      </symbol>
      <symbol id="sm-985">
         <name>__TI_int38</name>
         <value>0xffdc</value>
         <object_component_ref idref="oc-9e"/>
      </symbol>
      <symbol id="sm-988">
         <name>__TI_int40</name>
         <value>0xffe0</value>
         <object_component_ref idref="oc-a0"/>
      </symbol>
      <symbol id="sm-98b">
         <name>__TI_int41</name>
         <value>0xffe2</value>
         <object_component_ref idref="oc-a1"/>
      </symbol>
      <symbol id="sm-98e">
         <name>__TI_int42</name>
         <value>0xffe4</value>
         <object_component_ref idref="oc-a2"/>
      </symbol>
      <symbol id="sm-991">
         <name>__TI_int43</name>
         <value>0xffe6</value>
         <object_component_ref idref="oc-a3"/>
      </symbol>
      <symbol id="sm-994">
         <name>__TI_int44</name>
         <value>0xffe8</value>
         <object_component_ref idref="oc-a4"/>
      </symbol>
      <symbol id="sm-997">
         <name>__TI_int45</name>
         <value>0xffea</value>
         <object_component_ref idref="oc-a5"/>
      </symbol>
      <symbol id="sm-99a">
         <name>__TI_int46</name>
         <value>0xffec</value>
         <object_component_ref idref="oc-a6"/>
      </symbol>
      <symbol id="sm-99d">
         <name>__TI_int47</name>
         <value>0xffee</value>
         <object_component_ref idref="oc-a7"/>
      </symbol>
      <symbol id="sm-9a0">
         <name>__TI_int48</name>
         <value>0xfff0</value>
         <object_component_ref idref="oc-a8"/>
      </symbol>
      <symbol id="sm-9a3">
         <name>__TI_int49</name>
         <value>0xfff2</value>
         <object_component_ref idref="oc-a9"/>
      </symbol>
      <symbol id="sm-9a6">
         <name>__TI_int50</name>
         <value>0xfff4</value>
         <object_component_ref idref="oc-aa"/>
      </symbol>
      <symbol id="sm-9a9">
         <name>__TI_int51</name>
         <value>0xfff6</value>
         <object_component_ref idref="oc-ab"/>
      </symbol>
      <symbol id="sm-9ac">
         <name>__TI_int52</name>
         <value>0xfff8</value>
         <object_component_ref idref="oc-ac"/>
      </symbol>
      <symbol id="sm-9af">
         <name>__TI_int53</name>
         <value>0xfffa</value>
         <object_component_ref idref="oc-ad"/>
      </symbol>
      <symbol id="sm-9b2">
         <name>__TI_int54</name>
         <value>0xfffc</value>
         <object_component_ref idref="oc-ae"/>
      </symbol>
      <symbol id="sm-9c5">
         <name>__TI_zero_init_nomemset</name>
         <value>0x93f4</value>
         <object_component_ref idref="oc-6e5"/>
      </symbol>
      <symbol id="sm-9d9">
         <name>__mspabi_CLOCKS_PER_SEC</name>
         <value>0x9896</value>
         <object_component_ref idref="oc-874"/>
      </symbol>
      <symbol id="sm-9e7">
         <name>HOSTclock</name>
         <value>0x8db4</value>
         <object_component_ref idref="oc-869"/>
      </symbol>
      <symbol id="sm-a05">
         <name>__TI_readmsg</name>
         <value>0x927e</value>
         <object_component_ref idref="oc-943"/>
      </symbol>
      <symbol id="sm-a06">
         <name>C$$IO$$</name>
         <value>0x927a</value>
         <object_component_ref idref="oc-93d"/>
      </symbol>
      <symbol id="sm-a07">
         <name>_CIOBUF_</name>
         <value>0xf000</value>
         <object_component_ref idref="oc-9dd"/>
      </symbol>
      <symbol id="sm-a08">
         <name>__TI_writemsg</name>
         <value>0x9248</value>
         <object_component_ref idref="oc-93d"/>
      </symbol>
      <symbol id="sm-a42">
         <name>__mspabi_addd</name>
         <value>0x4964</value>
         <object_component_ref idref="oc-a7a"/>
      </symbol>
      <symbol id="sm-a5d">
         <name>__mspabi_subf</name>
         <value>0x7de6</value>
         <object_component_ref idref="oc-7c9"/>
      </symbol>
      <symbol id="sm-a5e">
         <name>__mspabi_addf</name>
         <value>0x7dec</value>
         <object_component_ref idref="oc-7c9"/>
      </symbol>
      <symbol id="sm-a7d">
         <name>__mspabi_cmpd</name>
         <value>0x801e</value>
         <object_component_ref idref="oc-a53"/>
      </symbol>
      <symbol id="sm-a8d">
         <name>__mspabi_cmpf</name>
         <value>0x8f54</value>
         <object_component_ref idref="oc-899"/>
      </symbol>
      <symbol id="sm-aa7">
         <name>__mspabi_cvtdf</name>
         <value>0x81ae</value>
         <object_component_ref idref="oc-9a2"/>
      </symbol>
      <symbol id="sm-ab5">
         <name>__mspabi_cvtfd</name>
         <value>0x8b2a</value>
         <object_component_ref idref="oc-996"/>
      </symbol>
      <symbol id="sm-ad6">
         <name>__mspabi_divd</name>
         <value>0x7354</value>
         <object_component_ref idref="oc-9a8"/>
      </symbol>
      <symbol id="sm-af1">
         <name>__TI_frcdivd</name>
         <value>0x5bee</value>
         <object_component_ref idref="oc-a3b"/>
      </symbol>
      <symbol id="sm-b03">
         <name>__mspabi_divf</name>
         <value>0x8584</value>
         <object_component_ref idref="oc-877"/>
      </symbol>
      <symbol id="sm-b19">
         <name>__mspabi_fixfi</name>
         <value>0x8a5c</value>
         <object_component_ref idref="oc-ac0"/>
      </symbol>
      <symbol id="sm-b22">
         <name>__mspabi_fltid</name>
         <value>0x94d8</value>
         <object_component_ref idref="oc-acb"/>
      </symbol>
      <symbol id="sm-b3a">
         <name>__mspabi_fltlid</name>
         <value>0x83b2</value>
         <object_component_ref idref="oc-ae4"/>
      </symbol>
      <symbol id="sm-b46">
         <name>__mspabi_fltulf</name>
         <value>0x92e2</value>
         <object_component_ref idref="oc-86f"/>
      </symbol>
      <symbol id="sm-b6b">
         <name>__mspabi_mpyd</name>
         <value>0x70c2</value>
         <object_component_ref idref="oc-99c"/>
      </symbol>
      <symbol id="sm-b76">
         <name>__TI_frcmpyd</name>
         <value>0x79de</value>
         <object_component_ref idref="oc-a2c"/>
      </symbol>
      <symbol id="sm-b8d">
         <name>__mspabi_mpyf</name>
         <value>0x80f6</value>
         <object_component_ref idref="oc-8c7"/>
      </symbol>
      <symbol id="sm-b96">
         <name>__mspabi_mpyi_f5hw</name>
         <value>0x947a</value>
         <object_component_ref idref="oc-8cc"/>
      </symbol>
      <symbol id="sm-b9f">
         <name>__mspabi_mpyl_f5hw</name>
         <value>0x9418</value>
         <object_component_ref idref="oc-ab4"/>
      </symbol>
      <symbol id="sm-ba8">
         <name>__mspabi_mpyll_f5hw</name>
         <value>0x8ca4</value>
         <object_component_ref idref="oc-a9a"/>
      </symbol>
      <symbol id="sm-bb1">
         <name>__mspabi_mpyull_f5hw</name>
         <value>0x939c</value>
         <object_component_ref idref="oc-a9f"/>
      </symbol>
      <symbol id="sm-bbc">
         <name>__mspabi_negf</name>
         <value>0x94ee</value>
         <object_component_ref idref="oc-a0b"/>
      </symbol>
      <symbol id="sm-bc5">
         <name>__mspabi_slll_9</name>
         <value>0x9138</value>
         <object_component_ref idref="oc-949"/>
      </symbol>
      <symbol id="sm-bc6">
         <name>__mspabi_slll_8</name>
         <value>0x913c</value>
         <object_component_ref idref="oc-949"/>
      </symbol>
      <symbol id="sm-bc7">
         <name>__mspabi_slll_7</name>
         <value>0x9140</value>
         <object_component_ref idref="oc-949"/>
      </symbol>
      <symbol id="sm-bc8">
         <name>__mspabi_slll_6</name>
         <value>0x9144</value>
         <object_component_ref idref="oc-949"/>
      </symbol>
      <symbol id="sm-bc9">
         <name>__mspabi_slll_5</name>
         <value>0x9148</value>
         <object_component_ref idref="oc-949"/>
      </symbol>
      <symbol id="sm-bca">
         <name>__mspabi_slll_4</name>
         <value>0x914c</value>
         <object_component_ref idref="oc-949"/>
      </symbol>
      <symbol id="sm-bcb">
         <name>__mspabi_slll_3</name>
         <value>0x9150</value>
         <object_component_ref idref="oc-949"/>
      </symbol>
      <symbol id="sm-bcc">
         <name>__mspabi_slll_2</name>
         <value>0x9154</value>
         <object_component_ref idref="oc-949"/>
      </symbol>
      <symbol id="sm-bcd">
         <name>__mspabi_slll_1</name>
         <value>0x9158</value>
         <object_component_ref idref="oc-949"/>
      </symbol>
      <symbol id="sm-bce">
         <name>__mspabi_slll_15</name>
         <value>0x9120</value>
         <object_component_ref idref="oc-949"/>
      </symbol>
      <symbol id="sm-bcf">
         <name>__mspabi_slll_14</name>
         <value>0x9124</value>
         <object_component_ref idref="oc-949"/>
      </symbol>
      <symbol id="sm-bd0">
         <name>__mspabi_slll_13</name>
         <value>0x9128</value>
         <object_component_ref idref="oc-949"/>
      </symbol>
      <symbol id="sm-bd1">
         <name>__mspabi_slll_12</name>
         <value>0x912c</value>
         <object_component_ref idref="oc-949"/>
      </symbol>
      <symbol id="sm-bd2">
         <name>__mspabi_slll_11</name>
         <value>0x9130</value>
         <object_component_ref idref="oc-949"/>
      </symbol>
      <symbol id="sm-bd3">
         <name>__mspabi_slll_10</name>
         <value>0x9134</value>
         <object_component_ref idref="oc-949"/>
      </symbol>
      <symbol id="sm-be0">
         <name>__mspabi_sllll</name>
         <value>0x919c</value>
         <object_component_ref idref="oc-a94"/>
      </symbol>
      <symbol id="sm-bf1">
         <name>__mspabi_sral</name>
         <value>0x94b8</value>
         <object_component_ref idref="oc-aea"/>
      </symbol>
      <symbol id="sm-bf2">
         <name>__mspabi_sral_15</name>
         <value>0x90e2</value>
         <object_component_ref idref="oc-a21"/>
      </symbol>
      <symbol id="sm-bf3">
         <name>__mspabi_sral_14</name>
         <value>0x90e6</value>
         <object_component_ref idref="oc-a21"/>
      </symbol>
      <symbol id="sm-bf4">
         <name>__mspabi_sral_13</name>
         <value>0x90ea</value>
         <object_component_ref idref="oc-a21"/>
      </symbol>
      <symbol id="sm-bf5">
         <name>__mspabi_sral_12</name>
         <value>0x90ee</value>
         <object_component_ref idref="oc-a21"/>
      </symbol>
      <symbol id="sm-bf6">
         <name>__mspabi_sral_11</name>
         <value>0x90f2</value>
         <object_component_ref idref="oc-a21"/>
      </symbol>
      <symbol id="sm-bf7">
         <name>__mspabi_sral_10</name>
         <value>0x90f6</value>
         <object_component_ref idref="oc-a21"/>
      </symbol>
      <symbol id="sm-bf8">
         <name>__mspabi_sral_8</name>
         <value>0x90fe</value>
         <object_component_ref idref="oc-a21"/>
      </symbol>
      <symbol id="sm-bf9">
         <name>__mspabi_sral_9</name>
         <value>0x90fa</value>
         <object_component_ref idref="oc-a21"/>
      </symbol>
      <symbol id="sm-bfa">
         <name>__mspabi_sral_6</name>
         <value>0x9106</value>
         <object_component_ref idref="oc-a21"/>
      </symbol>
      <symbol id="sm-bfb">
         <name>__mspabi_sral_7</name>
         <value>0x9102</value>
         <object_component_ref idref="oc-a21"/>
      </symbol>
      <symbol id="sm-bfc">
         <name>__mspabi_sral_4</name>
         <value>0x910e</value>
         <object_component_ref idref="oc-a21"/>
      </symbol>
      <symbol id="sm-bfd">
         <name>__mspabi_sral_5</name>
         <value>0x910a</value>
         <object_component_ref idref="oc-a21"/>
      </symbol>
      <symbol id="sm-bfe">
         <name>__mspabi_sral_2</name>
         <value>0x9116</value>
         <object_component_ref idref="oc-a21"/>
      </symbol>
      <symbol id="sm-bff">
         <name>__mspabi_sral_3</name>
         <value>0x9112</value>
         <object_component_ref idref="oc-a21"/>
      </symbol>
      <symbol id="sm-c00">
         <name>__mspabi_sral_1</name>
         <value>0x911a</value>
         <object_component_ref idref="oc-a21"/>
      </symbol>
      <symbol id="sm-c0d">
         <name>__mspabi_srall</name>
         <value>0x90a2</value>
         <object_component_ref idref="oc-ad3"/>
      </symbol>
      <symbol id="sm-c1d">
         <name>__mspabi_srll_8</name>
         <value>0x917a</value>
         <object_component_ref idref="oc-aaf"/>
      </symbol>
      <symbol id="sm-c1e">
         <name>__mspabi_srll_9</name>
         <value>0x9176</value>
         <object_component_ref idref="oc-aaf"/>
      </symbol>
      <symbol id="sm-c1f">
         <name>__mspabi_srll_6</name>
         <value>0x9182</value>
         <object_component_ref idref="oc-aaf"/>
      </symbol>
      <symbol id="sm-c20">
         <name>__mspabi_srll_7</name>
         <value>0x917e</value>
         <object_component_ref idref="oc-aaf"/>
      </symbol>
      <symbol id="sm-c21">
         <name>__mspabi_srll_4</name>
         <value>0x918a</value>
         <object_component_ref idref="oc-aaf"/>
      </symbol>
      <symbol id="sm-c22">
         <name>__mspabi_srll_5</name>
         <value>0x9186</value>
         <object_component_ref idref="oc-aaf"/>
      </symbol>
      <symbol id="sm-c23">
         <name>__mspabi_srll_2</name>
         <value>0x9192</value>
         <object_component_ref idref="oc-aaf"/>
      </symbol>
      <symbol id="sm-c24">
         <name>__mspabi_srll_3</name>
         <value>0x918e</value>
         <object_component_ref idref="oc-aaf"/>
      </symbol>
      <symbol id="sm-c25">
         <name>__mspabi_srll_1</name>
         <value>0x9196</value>
         <object_component_ref idref="oc-aaf"/>
      </symbol>
      <symbol id="sm-c26">
         <name>__mspabi_srll_15</name>
         <value>0x915e</value>
         <object_component_ref idref="oc-aaf"/>
      </symbol>
      <symbol id="sm-c27">
         <name>__mspabi_srll_14</name>
         <value>0x9162</value>
         <object_component_ref idref="oc-aaf"/>
      </symbol>
      <symbol id="sm-c28">
         <name>__mspabi_srll_13</name>
         <value>0x9166</value>
         <object_component_ref idref="oc-aaf"/>
      </symbol>
      <symbol id="sm-c29">
         <name>__mspabi_srll_12</name>
         <value>0x916a</value>
         <object_component_ref idref="oc-aaf"/>
      </symbol>
      <symbol id="sm-c2a">
         <name>__mspabi_srll_11</name>
         <value>0x916e</value>
         <object_component_ref idref="oc-aaf"/>
      </symbol>
      <symbol id="sm-c2b">
         <name>__mspabi_srll_10</name>
         <value>0x9172</value>
         <object_component_ref idref="oc-aaf"/>
      </symbol>
      <symbol id="sm-c2c">
         <name>__mspabi_srll</name>
         <value>0x94c8</value>
         <object_component_ref idref="oc-b0d"/>
      </symbol>
      <symbol id="sm-c39">
         <name>__mspabi_srlll</name>
         <value>0x91d6</value>
         <object_component_ref idref="oc-aa4"/>
      </symbol>
      <symbol id="sm-c42">
         <name>__mspabi_subd</name>
         <value>0x92b0</value>
         <object_component_ref idref="oc-a74"/>
      </symbol>
      <symbol id="sm-c52">
         <name>_c_int00_noargs_mpu</name>
         <value>0x98e4</value>
         <object_component_ref idref="oc-70f"/>
      </symbol>
      <symbol id="sm-c53">
         <name>_stack</name>
         <value>0x2b60</value>
         <object_component_ref idref="oc-6be"/>
      </symbol>
      <symbol id="sm-c54">
         <name>_reset_vector</name>
         <value>0xfffe</value>
         <object_component_ref idref="oc-6c1"/>
      </symbol>
      <symbol id="sm-c5d">
         <name>__mpu_init</name>
         <value>0x9370</value>
         <object_component_ref idref="oc-777"/>
      </symbol>
      <symbol id="sm-c81">
         <name>__TI_auto_init_nobinit_nopinit_hold_wdt</name>
         <value>0x8e60</value>
         <object_component_ref idref="oc-84b"/>
      </symbol>
      <symbol id="sm-c97">
         <name>_nop</name>
         <value>0x9508</value>
         <object_component_ref idref="oc-9b5"/>
      </symbol>
      <symbol id="sm-c98">
         <name>_lock</name>
         <value>0x1c00</value>
         <object_component_ref idref="oc-909"/>
      </symbol>
      <symbol id="sm-c99">
         <name>_unlock</name>
         <value>0x1c04</value>
         <object_component_ref idref="oc-912"/>
      </symbol>
      <symbol id="sm-ca2">
         <name>_system_post_cinit</name>
         <value>0x950a</value>
         <object_component_ref idref="oc-917"/>
      </symbol>
      <symbol id="sm-cab">
         <name>_system_pre_init</name>
         <value>0x9504</value>
         <object_component_ref idref="oc-75f"/>
      </symbol>
      <symbol id="sm-cb5">
         <name>abs</name>
         <value>0x94e4</value>
         <object_component_ref idref="oc-ac5"/>
      </symbol>
      <symbol id="sm-cc5">
         <name>C$$EXIT</name>
         <value>0x94fe</value>
         <object_component_ref idref="oc-827"/>
      </symbol>
      <symbol id="sm-cc6">
         <name>abort</name>
         <value>0x94fe</value>
         <object_component_ref idref="oc-827"/>
      </symbol>
      <symbol id="sm-cd5">
         <name>memcpy</name>
         <value>0x9492</value>
         <object_component_ref idref="oc-6cd"/>
      </symbol>
      <symbol id="sm-cdb">
         <name>parmbuf</name>
         <value>0x1c0a</value>
      </symbol>
      <symbol id="sm-cfe">
         <name>tanh</name>
         <value>0x7570</value>
         <object_component_ref idref="oc-a16"/>
      </symbol>
      <symbol id="sm-cff">
         <name>tanhl</name>
         <value>0x7570</value>
         <object_component_ref idref="oc-a16"/>
      </symbol>
      <symbol id="sm-d08">
         <name>__mspabi_negd</name>
         <value>0x9314</value>
         <object_component_ref idref="oc-a86"/>
      </symbol>
      <symbol id="sm-d59">
         <name>expm1l</name>
         <value>0x508e</value>
         <object_component_ref idref="oc-a80"/>
      </symbol>
      <symbol id="sm-d5a">
         <name>expm1</name>
         <value>0x508e</value>
         <object_component_ref idref="oc-a80"/>
      </symbol>
      <symbol id="sm-d69">
         <name>__mspabi_fixdli</name>
         <value>0x8ac4</value>
         <object_component_ref idref="oc-ade"/>
      </symbol>
      <symbol id="sm-d70">
         <name>errno</name>
         <value>0x1c08</value>
         <object_component_ref idref="oc-adb"/>
      </symbol>
      <symbol id="sm-d75">
         <name>clock</name>
         <value>0x8db4</value>
      </symbol>
   </symbol_table>
   <title>Link successful</title>
</link_info>
